Component: ARM Compiler 5.06 update 5 (build 528) Tool: armlink [4d35e2]

==============================================================================

Section Cross References

    main.o(i.main) refers to apll.o(i.ALL_Init) for ALL_Init
    main.o(i.main) refers to apll.o(i.ALL_Run) for ALL_Run
    main.o(i.main) refers to apll.o(i.ALL_DeInit) for ALL_DeInit
    apll.o(i.ALL_DeInit) refers to timer.o(i.MDL_TIMER_UnInit) for MDL_TIMER_UnInit
    apll.o(i.ALL_DeInit) refers to drivermanager.o(i.MDL_DRIVERMGR_Close) for MDL_DRIVERMGR_Close
    apll.o(i.ALL_DeInit) refers to drivermanager.o(i.MDL_DRIVERMGR_DeInit) for MDL_DRIVERMGR_DeInit
    apll.o(i.ALL_DeInit) refers to mallocr.o(i.__free$realloc) for free
    apll.o(i.ALL_DefaultSysConfig) refers to database.o(i.ALL_DB_GetSysConfig) for ALL_DB_GetSysConfig
    apll.o(i.ALL_DefaultSysConfig) refers to database.o(i.ALL_DB_SetConfigDefault) for ALL_DB_SetConfigDefault
    apll.o(i.ALL_Init) refers to strcpy.o(.text) for strcpy
    apll.o(i.ALL_Init) refers to drivermanager.o(i.MDL_DRIVERMGR_Init) for MDL_DRIVERMGR_Init
    apll.o(i.ALL_Init) refers to database.o(i.ALL_DB_Init) for ALL_DB_Init
    apll.o(i.ALL_Init) refers to endian_swap.o(i.ENDIAN_SWAP_Init) for ENDIAN_SWAP_Init
    apll.o(i.ALL_Init) refers to apll.o(i.ALL_DefaultSysConfig) for ALL_DefaultSysConfig
    apll.o(i.ALL_Init) refers to database.o(i.ALL_DB_SetSysConfig) for ALL_DB_SetSysConfig
    apll.o(i.ALL_Init) refers to database.o(i.ALL_DB_GetSysConfig) for ALL_DB_GetSysConfig
    apll.o(i.ALL_Init) refers to apll.o(i.ALL_IsResetAllTable) for ALL_IsResetAllTable
    apll.o(i.ALL_Init) refers to mallocr.o(i.__malloc$realloc) for malloc
    apll.o(i.ALL_Init) refers to memseta.o(.text) for __aeabi_memclr4
    apll.o(i.ALL_Init) refers to drivermanager.o(i.MDL_DRIVERMGR_Open) for MDL_DRIVERMGR_Open
    apll.o(i.ALL_Init) refers to timer.o(i.MDL_TIMER_Init) for MDL_TIMER_Init
    apll.o(i.ALL_Init) refers to timer.o(i.MDL_TIMER_Add) for MDL_TIMER_Add
    apll.o(i.ALL_Init) refers to timer.o(i.MDL_TIMER_Start) for MDL_TIMER_Start
    apll.o(i.ALL_Init) refers to apll.o(i._TestTimer) for _TestTimer
    apll.o(i.ALL_Init) refers to allblemesh.o(i.ALL_BleMeshTxHeartbeat) for ALL_BleMeshTxHeartbeat
    apll.o(i.ALL_Init) refers to allblemesh.o(i.ALL_BleMeshHeartbeatTimeout) for ALL_BleMeshHeartbeatTimeout
    apll.o(i.ALL_Init) refers to apll.o(i._GatewayHeartbeat) for _GatewayHeartbeat
    apll.o(i.ALL_IsResetAllTable) refers to database.o(i.ALL_DB_GetSysConfig) for ALL_DB_GetSysConfig
    apll.o(i.ALL_IsResetAllTable) refers to database.o(i.ALL_DB_Init) for ALL_DB_Init
    apll.o(i.ALL_IsResetAllTable) refers to database.o(i.ALL_DB_SetSysConfig) for ALL_DB_SetSysConfig
    apll.o(i.ALL_Run) refers to printfa.o(i.__0printf) for __2printf
    apll.o(i.ALL_Run) refers to drivermanager.o(i.MDL_DRIVERMGR_Task) for MDL_DRIVERMGR_Task
    apll.o(i.ALL_Run) refers to apll.o(i.ALL_Task) for ALL_Task
    apll.o(i.ALL_Task) refers to memseta.o(.text) for __aeabi_memclr4
    apll.o(i.ALL_Task) refers to drivermanager.o(i.MDL_DRIVERMGR_GetTimeTick) for MDL_DRIVERMGR_GetTimeTick
    apll.o(i.ALL_Task) refers to timer.o(i.MDL_TIMER_Active) for MDL_TIMER_Active
    apll.o(i.ALL_Task) refers to drivermanager.o(i.MDL_DRIVERMGR_Pop) for MDL_DRIVERMGR_Pop
    apll.o(i.ALL_Task) refers to drivermanager.o(i.MDL_DRIVERMGR_Read) for MDL_DRIVERMGR_Read
    apll.o(i.ALL_Task) refers to drivermanager.o(i.MDL_DRIVERMGR_Ioctl) for MDL_DRIVERMGR_Ioctl
    apll.o(i.ALL_Task) refers to allgprs.o(i.ALL_GprsServiceHandle) for ALL_GprsServiceHandle
    apll.o(i.ALL_Task) refers to memcpya.o(.text) for __aeabi_memcpy4
    apll.o(i.ALL_Task) refers to allblemesh.o(i.ALL_BleMeshHandle) for ALL_BleMeshHandle
    apll.o(i._GatewayHeartbeat) refers to memseta.o(.text) for __aeabi_memclr4
    apll.o(i._GatewayHeartbeat) refers to strcpy.o(.text) for strcpy
    apll.o(i._GatewayHeartbeat) refers to strcat.o(.text) for strcat
    apll.o(i._GatewayHeartbeat) refers to drivermanager.o(i.MDL_DRIVERMGR_Ioctl) for MDL_DRIVERMGR_Ioctl
    apll.o(i._GatewayHeartbeat) refers to cjson.o(i.cJSON_CreateObject) for cJSON_CreateObject
    apll.o(i._GatewayHeartbeat) refers to cjson.o(i.cJSON_AddNumberToObject) for cJSON_AddNumberToObject
    apll.o(i._GatewayHeartbeat) refers to cjson.o(i.cJSON_AddStringToObject) for cJSON_AddStringToObject
    apll.o(i._GatewayHeartbeat) refers to strlen.o(.text) for strlen
    apll.o(i._GatewayHeartbeat) refers to dfltui.o(.text) for __aeabi_ui2d
    apll.o(i._GatewayHeartbeat) refers to cjson.o(i.cJSON_PrintUnformatted) for cJSON_PrintUnformatted
    apll.o(i._GatewayHeartbeat) refers to printfa.o(i.__0printf) for __2printf
    apll.o(i._GatewayHeartbeat) refers to drivermanager.o(i.MDL_DRIVERMGR_Write) for MDL_DRIVERMGR_Write
    apll.o(i._GatewayHeartbeat) refers to mallocr.o(i.__free$realloc) for free
[...]
    _SHEET_GetSheetPoint                     0x08004b5f   Thumb Code    44  sheet.o(i._SHEET_GetSheetPoint)
    i._SHEET_Initial                         0x08004b8a   Section        0  sheet.o(i._SHEET_Initial)
    _SHEET_Initial                           0x08004b8b   Thumb Code   156  sheet.o(i._SHEET_Initial)
    i._SHEET_Query                           0x08004c28   Section        0  sheet.o(i._SHEET_Query)
    _SHEET_Query                             0x08004c29   Thumb Code   270  sheet.o(i._SHEET_Query)
    i._SHEET_QueryHead                       0x08004d4c   Section        0  sheet.o(i._SHEET_QueryHead)
    _SHEET_QueryHead                         0x08004d4d   Thumb Code    88  sheet.o(i._SHEET_QueryHead)
    i._SHEET_Update                          0x08004da4   Section        0  sheet.o(i._SHEET_Update)
    _SHEET_Update                            0x08004da5   Thumb Code   202  sheet.o(i._SHEET_Update)
    i._Temper_Close                          0x08004e84   Section        0  drivertemper.o(i._Temper_Close)
    _Temper_Close                            0x08004e85   Thumb Code     4  drivertemper.o(i._Temper_Close)
    i._Temper_Ioctl                          0x08004e88   Section        0  drivertemper.o(i._Temper_Ioctl)
    _Temper_Ioctl                            0x08004e89   Thumb Code     6  drivertemper.o(i._Temper_Ioctl)
    i._Temper_Open                           0x08004e8e   Section        0  drivertemper.o(i._Temper_Open)
    _Temper_Open                             0x08004e8f   Thumb Code     4  drivertemper.o(i._Temper_Open)
    i._Temper_Pop                            0x08004e92   Section        0  drivertemper.o(i._Temper_Pop)
    _Temper_Pop                              0x08004e93   Thumb Code     4  drivertemper.o(i._Temper_Pop)
    i._Temper_Read                           0x08004e96   Section        0  drivertemper.o(i._Temper_Read)
    _Temper_Read                             0x08004e97   Thumb Code    32  drivertemper.o(i._Temper_Read)
    i._TestTimer                             0x08004eb8   Section        0  apll.o(i._TestTimer)
    i.__0printf                              0x08004ed4   Section        0  printfa.o(i.__0printf)
    i.__0sprintf                             0x08004ef4   Section        0  printfa.o(i.__0sprintf)
    i.__free$realloc                         0x08004f1c   Section        0  mallocr.o(i.__free$realloc)
    i.__malloc$realloc                       0x08004f78   Section        0  mallocr.o(i.__malloc$realloc)
    i.__scatterload_copy                     0x08004fc8   Section       14  handlers.o(i.__scatterload_copy)
    i.__scatterload_null                     0x08004fd6   Section        2  handlers.o(i.__scatterload_null)
    i.__scatterload_zeroinit                 0x08004fd8   Section       14  handlers.o(i.__scatterload_zeroinit)
    i._fp_digits                             0x08004fe8   Section        0  printfa.o(i._fp_digits)
    _fp_digits                               0x08004fe9   Thumb Code   366  printfa.o(i._fp_digits)
    i._is_digit                              0x0800516c   Section        0  scanf_fp.o(i._is_digit)
    i._printf_core                           0x0800517c   Section        0  printfa.o(i._printf_core)
    _printf_core                             0x0800517d   Thumb Code  1744  printfa.o(i._printf_core)
    i._printf_post_padding                   0x08005858   Section        0  printfa.o(i._printf_post_padding)
    _printf_post_padding                     0x08005859   Thumb Code    36  printfa.o(i._printf_post_padding)
    i._printf_pre_padding                    0x0800587c   Section        0  printfa.o(i._printf_pre_padding)
    _printf_pre_padding                      0x0800587d   Thumb Code    46  printfa.o(i._printf_pre_padding)
    i._sputc                                 0x080058aa   Section        0  printfa.o(i._sputc)
    _sputc                                   0x080058ab   Thumb Code    10  printfa.o(i._sputc)
    i.add_item_to_array                      0x080058b4   Section        0  cjson.o(i.add_item_to_array)
    add_item_to_array                        0x080058b5   Thumb Code    46  cjson.o(i.add_item_to_array)
    i.add_item_to_object                     0x080058e2   Section        0  cjson.o(i.add_item_to_object)
    add_item_to_object                       0x080058e3   Thumb Code   118  cjson.o(i.add_item_to_object)
    i.buffer_skip_whitespace                 0x08005958   Section        0  cjson.o(i.buffer_skip_whitespace)
    buffer_skip_whitespace                   0x08005959   Thumb Code    58  cjson.o(i.buffer_skip_whitespace)
    i.cJSON_AddNumberToObject                0x08005994   Section        0  cjson.o(i.cJSON_AddNumberToObject)
    i.cJSON_AddStringToObject                0x080059d0   Section        0  cjson.o(i.cJSON_AddStringToObject)
    i.cJSON_CreateNumber                     0x08005a04   Section        0  cjson.o(i.cJSON_CreateNumber)
    i.cJSON_CreateObject                     0x08005a68   Section        0  cjson.o(i.cJSON_CreateObject)
    i.cJSON_CreateString                     0x08005a80   Section        0  cjson.o(i.cJSON_CreateString)
    i.cJSON_Delete                           0x08005ab4   Section        0  cjson.o(i.cJSON_Delete)
    i.cJSON_GetObjectItem                    0x08005b0c   Section        0  cjson.o(i.cJSON_GetObjectItem)
    i.cJSON_New_Item                         0x08005b1e   Section        0  cjson.o(i.cJSON_New_Item)
    cJSON_New_Item                           0x08005b1f   Thumb Code    26  cjson.o(i.cJSON_New_Item)
    i.cJSON_Parse                            0x08005b38   Section        0  cjson.o(i.cJSON_Parse)
    i.cJSON_ParseWithOpts                    0x08005b48   Section        0  cjson.o(i.cJSON_ParseWithOpts)
    i.cJSON_PrintUnformatted                 0x08005c1c   Section        0  cjson.o(i.cJSON_PrintUnformatted)
    i.cJSON_strdup                           0x08005c30   Section        0  cjson.o(i.cJSON_strdup)
    cJSON_strdup                             0x08005c31   Thumb Code    56  cjson.o(i.cJSON_strdup)
    i.case_insensitive_strcmp                0x08005c68   Section        0  cjson.o(i.case_insensitive_strcmp)
    case_insensitive_strcmp                  0x08005c69   Thumb Code    72  cjson.o(i.case_insensitive_strcmp)
    i.cast_away_const                        0x08005cb0   Section        0  cjson.o(i.cast_away_const)
    cast_away_const                          0x08005cb1   Thumb Code     2  cjson.o(i.cast_away_const)
    i.ensure                                 0x08005cb2   Section        0  cjson.o(i.ensure)
    ensure                                   0x08005cb3   Thumb Code   186  cjson.o(i.ensure)
    i.fputc                                  0x08005d6c   Section        0  driverdebug.o(i.fputc)
    i.get_decimal_point                      0x08005d90   Section        0  cjson.o(i.get_decimal_point)
    get_decimal_point                        0x08005d91   Thumb Code     4  cjson.o(i.get_decimal_point)
    i.get_object_item                        0x08005d94   Section        0  cjson.o(i.get_object_item)
    get_object_item                          0x08005d95   Thumb Code    82  cjson.o(i.get_object_item)
    i.internal_alloc                         0x08005de8   Section        0  mallocr.o(i.internal_alloc)
    internal_alloc                           0x08005de9   Thumb Code    76  mallocr.o(i.internal_alloc)
    i.list_del                               0x08005e38   Section        0  timer.o(i.list_del)
    list_del                                 0x08005e39   Thumb Code    18  timer.o(i.list_del)
    i.main                                   0x08005e4a   Section        0  main.o(i.main)
    i.parse_array                            0x08005e6e   Section        0  cjson.o(i.parse_array)
    parse_array                              0x08005e6f   Thumb Code   244  cjson.o(i.parse_array)
    i.parse_hex4                             0x08005f62   Section        0  cjson.o(i.parse_hex4)
    parse_hex4                               0x08005f63   Thumb Code    90  cjson.o(i.parse_hex4)
    i.parse_number                           0x08005fbc   Section        0  cjson.o(i.parse_number)
    parse_number                             0x08005fbd   Thumb Code   298  cjson.o(i.parse_number)
    i.parse_object                           0x080060f4   Section        0  cjson.o(i.parse_object)
    parse_object                             0x080060f5   Thumb Code   314  cjson.o(i.parse_object)
    i.parse_string                           0x0800622e   Section        0  cjson.o(i.parse_string)
    parse_string                             0x0800622f   Thumb Code   396  cjson.o(i.parse_string)
    i.parse_value                            0x080063bc   Section        0  cjson.o(i.parse_value)
    parse_value                              0x080063bd   Thumb Code   290  cjson.o(i.parse_value)
    i.print                                  0x080064f8   Section        0  cjson.o(i.print)
    print                                    0x080064f9   Thumb Code   178  cjson.o(i.print)
    i.print_array                            0x080065aa   Section        0  cjson.o(i.print_array)
    print_array                              0x080065ab   Thumb Code   178  cjson.o(i.print_array)
    i.print_number                           0x0800665c   Section        0  cjson.o(i.print_number)
    print_number                             0x0800665d   Thumb Code   216  cjson.o(i.print_number)
    i.print_object                           0x08006750   Section        0  cjson.o(i.print_object)
    print_object                             0x08006751   Thumb Code   372  cjson.o(i.print_object)
    i.print_string                           0x080068c4   Section        0  cjson.o(i.print_string)
    print_string                             0x080068c5   Thumb Code    16  cjson.o(i.print_string)
    i.print_string_ptr                       0x080068d4   Section        0  cjson.o(i.print_string_ptr)
    print_string_ptr                         0x080068d5   Thumb Code   360  cjson.o(i.print_string_ptr)
    i.print_value                            0x08006a48   Section        0  cjson.o(i.print_value)
    print_value                              0x08006a49   Thumb Code   236  cjson.o(i.print_value)
    i.realloc                                0x08006b4c   Section        0  mallocr.o(i.realloc)
    i.skip_utf8_bom                          0x08006bb8   Section        0  cjson.o(i.skip_utf8_bom)
    skip_utf8_bom                            0x08006bb9   Thumb Code    56  cjson.o(i.skip_utf8_bom)
    i.strtod                                 0x08006bf4   Section        0  strtod.o(i.strtod)
    i.suffix_object                          0x08006c10   Section        0  cjson.o(i.suffix_object)
    suffix_object                            0x08006c11   Thumb Code     6  cjson.o(i.suffix_object)
    i.update_offset                          0x08006c16   Section        0  cjson.o(i.update_offset)
    update_offset                            0x08006c17   Thumb Code    36  cjson.o(i.update_offset)
    i.utf16_literal_to_utf8                  0x08006c3a   Section        0  cjson.o(i.utf16_literal_to_utf8)
    utf16_literal_to_utf8                    0x08006c3b   Thumb Code   300  cjson.o(i.utf16_literal_to_utf8)
    .constdata                               0x08006d66   Section       64  ctype_c.o(.constdata)
    .conststring                             0x08006da8   Section       78  driverdebug.o(.conststring)
    .data                                    0x20000000   Section        5  apll.o(.data)
    u32Battery                               0x20000000   Data           4  apll.o(.data)
    u8StartupFlag                            0x20000004   Data           1  apll.o(.data)
    .data                                    0x20000008   Section       20  cjson.o(.data)
    global_error                             0x20000008   Data           8  cjson.o(.data)
    global_hooks                             0x20000010   Data          12  cjson.o(.data)
    .data                                    0x2000001c   Section        1  endian_swap.o(.data)
    s_bIsBig                                 0x2000001c   Data           1  endian_swap.o(.data)
    .data                                    0x2000001d   Section       20  stm32f10x_rcc.o(.data)
    APBAHBPrescTable                         0x2000001d   Data          16  stm32f10x_rcc.o(.data)
    ADCPrescTable                            0x2000002d   Data           4  stm32f10x_rcc.o(.data)
    .data                                    0x20000034   Section       20  system_stm32f10x.o(.data)
    .data                                    0x20000048   Section        2  drivernetwork.o(.data)
    u8NETReadPopFlag                         0x20000048   Data           1  drivernetwork.o(.data)
    u8NETReadLen                             0x20000049   Data           1  drivernetwork.o(.data)
    .data                                    0x2000004a   Section        9  drivergprs.o(.data)
    stCtl                                    0x2000004a   Data           5  drivergprs.o(.data)
    u8GpsReadPopFlag                         0x2000004f   Data           1  drivergprs.o(.data)
    u8GpsReadLen                             0x20000050   Data           1  drivergprs.o(.data)
    u8Return                                 0x20000051   Data           1  drivergprs.o(.data)
    u8RetryConnectFlag                       0x20000052   Data           1  drivergprs.o(.data)
    .data                                    0x20000054   Section        8  driverfile.o(.data)
    g_stFileManager                          0x20000054   Data           8  driverfile.o(.data)
    .data                                    0x2000005c   Section        8  drivertime.o(.data)
    g_stTimeTick                             0x2000005c   Data           8  drivertime.o(.data)
    .data                                    0x20000064   Section        8  drivertimer.o(.data)
    g_stTimerQueue                           0x20000064   Data           8  drivertimer.o(.data)
    .data                                    0x2000006c   Section        4  stdout.o(.data)
    .data                                    0x20000070   Section        4  mvars.o(.data)
    .data                                    0x20000074   Section        4  mvars.o(.data)
    .bss                                     0x20000078   Section       16  database.o(.bss)
    stDbHandle                               0x20000078   Data          16  database.o(.bss)
    .bss                                     0x20000088   Section      131  drivernetwork.o(.bss)
    stNETRx                                  0x20000088   Data          67  drivernetwork.o(.bss)
    u8NETReadBuf                             0x200000cb   Data          64  drivernetwork.o(.bss)
    .bss                                     0x2000010b   Section     1024  driverflash.o(.bss)
    MCUFlashPageBuf                          0x2000010b   Data        1024  driverflash.o(.bss)
    .bss                                     0x2000050b   Section      780  driveruart.o(.bss)
    stUart1Handle                            0x2000050b   Data         260  driveruart.o(.bss)
    stUart2Handle                            0x2000060f   Data         260  driveruart.o(.bss)
    stUart3Handle                            0x20000713   Data         260  driveruart.o(.bss)
    .bss                                     0x20000818   Section      422  drivergprs.o(.bss)
    stRx                                     0x20000818   Data         322  drivergprs.o(.bss)
    u8GpsReadBuf                             0x2000095a   Data         100  drivergprs.o(.bss)
    .bss                                     0x200009c0   Section       12  driverrtc.o(.bss)
    g_stRtcModule                            0x200009c0   Data          12  driverrtc.o(.bss)
    HEAP                                     0x200009d0   Section     3072  startup_stm32f10x_hd.o(HEAP)
    STACK                                    0x200015d0   Section     4096  startup_stm32f10x_hd.o(STACK)

    Global Symbols

    Symbol Name                              Value     Ov Type        Size  Object(Section)

    BuildAttributes$$THM_ISAv4$P$D$K$B$S$PE$A:L22UL41UL21$X:L11$S22US41US21$IEEE1$IW$USESV6$~STKCKD$USESV7$~SHL$OTIME$ROPI$IEEEJ$EBA8$MICROLIB$REQ8$PRES8$EABIv2 0x00000000   Number         0  anon$$obj.o ABSOLUTE
    __ARM_use_no_argv                        0x00000000   Number         0  main.o ABSOLUTE
    _printf_a                                0x00000000   Number         0  stubs.o ABSOLUTE
    _printf_c                                0x00000000   Number         0  stubs.o ABSOLUTE
    _printf_charcount                        0x00000000   Number         0  stubs.o ABSOLUTE
    _printf_d                                0x00000000   Number         0  stubs.o ABSOLUTE
    _printf_e                                0x00000000   Number         0  stubs.o ABSOLUTE
    _printf_f                                0x00000000   Number         0  stubs.o ABSOLUTE
    _printf_flags                            0x00000000   Number         0  stubs.o ABSOLUTE
    _printf_fp_dec                           0x00000000   Number         0  stubs.o ABSOLUTE
    _printf_fp_hex                           0x00000000   Number         0  stubs.o ABSOLUTE
    _printf_g                                0x00000000   Number         0  stubs.o ABSOLUTE
    _printf_i                                0x00000000   Number         0  stubs.o ABSOLUTE
    _printf_int_dec                          0x00000000   Number         0  stubs.o ABSOLUTE
    _printf_l                                0x00000000   Number         0  stubs.o ABSOLUTE
    _printf_lc                               0x00000000   Number         0  stubs.o ABSOLUTE
    _printf_ll                               0x00000000   Number         0  stubs.o ABSOLUTE
    _printf_lld                              0x00000000   Number         0  stubs.o ABSOLUTE
    _printf_lli                              0x00000000   Number         0  stubs.o ABSOLUTE
    _printf_llo                              0x00000000   Number         0  stubs.o ABSOLUTE
    _printf_llu                              0x00000000   Number         0  stubs.o ABSOLUTE
    _printf_llx                              0x00000000   Number         0  stubs.o ABSOLUTE
    _printf_longlong_dec                     0x00000000   Number         0  stubs.o ABSOLUTE
    _printf_longlong_hex                     0x00000000   Number         0  stubs.o ABSOLUTE
    _printf_longlong_oct                     0x00000000   Number         0  stubs.o ABSOLUTE
    _printf_ls                               0x00000000   Number         0  stubs.o ABSOLUTE
    _printf_mbtowc                           0x00000000   Number         0  stubs.o ABSOLUTE
    _printf_n                                0x00000000   Number         0  stubs.o ABSOLUTE
    _printf_o                                0x00000000   Number         0  stubs.o ABSOLUTE
    _printf_p                                0x00000000   Number         0  stubs.o ABSOLUTE
    _printf_percent                          0x00000000   Number         0  stubs.o ABSOLUTE
    _printf_pre_padding                      0x00000000   Number         0  stubs.o ABSOLUTE
    _printf_return_value                     0x00000000   Number         0  stubs.o ABSOLUTE
    _printf_s                                0x00000000   Number         0  stubs.o ABSOLUTE
    _printf_sizespec                         0x00000000   Number         0  stubs.o ABSOLUTE
    _printf_str                              0x00000000   Number         0  stubs.o ABSOLUTE
    _printf_truncate_signed                  0x00000000   Number         0  stubs.o ABSOLUTE
    _printf_truncate_unsigned                0x00000000   Number         0  stubs.o ABSOLUTE
    _printf_u                                0x00000000   Number         0  stubs.o ABSOLUTE
    _printf_wc                               0x00000000   Number         0  stubs.o ABSOLUTE
    _printf_wctomb                           0x00000000   Number         0  stubs.o ABSOLUTE
    _printf_widthprec                        0x00000000   Number         0  stubs.o ABSOLUTE
    _printf_x                                0x00000000   Number         0  stubs.o ABSOLUTE
    __cpp_initialize__aeabi_                  - Undefined Weak Reference
    __cxa_finalize                            - Undefined Weak Reference
    __decompress                              - Undefined Weak Reference
    _clock_init                               - Undefined Weak Reference
    _microlib_exit                            - Undefined Weak Reference
    _scanf_int                                - Undefined Weak Reference
    _scanf_longlong                           - Undefined Weak Reference
    _scanf_string                             - Undefined Weak Reference
    __Vectors_Size                           0x00000130   Number         0  startup_stm32f10x_hd.o ABSOLUTE
    __Vectors                                0x08000000   Data           4  startup_stm32f10x_hd.o(RESET)
    __Vectors_End                            0x08000130   Data           0  startup_stm32f10x_hd.o(RESET)
    __main                                   0x08000131   Thumb Code     0  entry.o(.ARM.Collect$$$$00000000)
    _main_stk                                0x08000131   Thumb Code     0  entry2.o(.ARM.Collect$$$$00000001)
    _main_scatterload                        0x08000135   Thumb Code     0  entry5.o(.ARM.Collect$$$$00000004)
    __main_after_scatterload                 0x08000139   Thumb Code     0  entry5.o(.ARM.Collect$$$$00000004)
    _main_clock                              0x08000139   Thumb Code     0  entry7b.o(.ARM.Collect$$$$00000008)
    _main_cpp_init                           0x08000139   Thumb Code     0  entry8b.o(.ARM.Collect$$$$0000000A)
    _main_init                               0x08000139   Thumb Code     0  entry9a.o(.ARM.Collect$$$$0000000B)
    __rt_final_cpp                           0x08000141   Thumb Code     0  entry10a.o(.ARM.Collect$$$$0000000D)
    __rt_final_exit                          0x08000141   Thumb Code     0  entry11a.o(.ARM.Collect$$$$0000000F)
    Reset_Handler                            0x08000145   Thumb Code     8  startup_stm32f10x_hd.o(.text)
    ADC1_2_IRQHandler                        0x0800015f   Thumb Code     0  startup_stm32f10x_hd.o(.text)
    ADC3_IRQHandler                          0x0800015f   Thumb Code     0  startup_stm32f10x_hd.o(.text)
    CAN1_RX1_IRQHandler                      0x0800015f   Thumb Code     0  startup_stm32f10x_hd.o(.text)
    CAN1_SCE_IRQHandler                      0x0800015f   Thumb Code     0  startup_stm32f10x_hd.o(.text)
    DMA1_Channel1_IRQHandler                 0x0800015f   Thumb Code     0  startup_stm32f10x_hd.o(.text)
    DMA1_Channel3_IRQHandler                 0x0800015f   Thumb Code     0  startup_stm32f10x_hd.o(.text)
    DMA1_Channel5_IRQHandler                 0x0800015f   Thumb Code     0  startup_stm32f10x_hd.o(.text)
    DMA1_Channel6_IRQHandler                 0x0800015f   Thumb Code     0  startup_stm32f10x_hd.o(.text)
    DMA2_Channel1_IRQHandler                 0x0800015f   Thumb Code     0  startup_stm32f10x_hd.o(.text)
    DMA2_Channel2_IRQHandler                 0x0800015f   Thumb Code     0  startup_stm32f10x_hd.o(.text)
    DMA2_Channel3_IRQHandler                 0x0800015f   Thumb Code     0  startup_stm32f10x_hd.o(.text)
    DMA2_Channel4_5_IRQHandler               0x0800015f   Thumb Code     0  startup_stm32f10x_hd.o(.text)
    EXTI0_IRQHandler                         0x0800015f   Thumb Code     0  startup_stm32f10x_hd.o(.text)
    EXTI15_10_IRQHandler                     0x0800015f   Thumb Code     0  startup_stm32f10x_hd.o(.text)
    EXTI1_IRQHandler                         0x0800015f   Thumb Code     0  startup_stm32f10x_hd.o(.text)
    EXTI2_IRQHandler                         0x0800015f   Thumb Code     0  startup_stm32f10x_hd.o(.text)
    EXTI3_IRQHandler                         0x0800015f   Thumb Code     0  startup_stm32f10x_hd.o(.text)
    EXTI4_IRQHandler                         0x0800015f   Thumb Code     0  startup_stm32f10x_hd.o(.text)
    EXTI9_5_IRQHandler                       0x0800015f   Thumb Code     0  startup_stm32f10x_hd.o(.text)
    FLASH_IRQHandler                         0x0800015f   Thumb Code     0  startup_stm32f10x_hd.o(.text)
    FSMC_IRQHandler                          0x0800015f   Thumb Code     0  startup_stm32f10x_hd.o(.text)
    I2C1_ER_IRQHandler                       0x0800015f   Thumb Code     0  startup_stm32f10x_hd.o(.text)
    I2C1_EV_IRQHandler                       0x0800015f   Thumb Code     0  startup_stm32f10x_hd.o(.text)
    I2C2_ER_IRQHandler                       0x0800015f   Thumb Code     0  startup_stm32f10x_hd.o(.text)
    I2C2_EV_IRQHandler                       0x0800015f   Thumb Code     0  startup_stm32f10x_hd.o(.text)
    PVD_IRQHandler                           0x0800015f   Thumb Code     0  startup_stm32f10x_hd.o(.text)
    RCC_IRQHandler                           0x0800015f   Thumb Code     0  startup_stm32f10x_hd.o(.text)
    RTCAlarm_IRQHandler                      0x0800015f   Thumb Code     0  startup_stm32f10x_hd.o(.text)
    RTC_IRQHandler                           0x0800015f   Thumb Code     0  startup_stm32f10x_hd.o(.text)
    SDIO_IRQHandler                          0x0800015f   Thumb Code     0  startup_stm32f10x_hd.o(.text)
    SPI1_IRQHandler                          0x0800015f   Thumb Code     0  startup_stm32f10x_hd.o(.text)
    SPI2_IRQHandler                          0x0800015f   Thumb Code     0  startup_stm32f10x_hd.o(.text)
    SPI3_IRQHandler                          0x0800015f   Thumb Code     0  startup_stm32f10x_hd.o(.text)
    TAMPER_IRQHandler                        0x0800015f   Thumb Code     0  startup_stm32f10x_hd.o(.text)
    TIM1_BRK_IRQHandler                      0x0800015f   Thumb Code     0  startup_stm32f10x_hd.o(.text)
    TIM1_CC_IRQHandler                       0x0800015f   Thumb Code     0  startup_stm32f10x_hd.o(.text)
    TIM1_TRG_COM_IRQHandler                  0x0800015f   Thumb Code     0  startup_stm32f10x_hd.o(.text)
    TIM1_UP_IRQHandler                       0x0800015f   Thumb Code     0  startup_stm32f10x_hd.o(.text)
    TIM2_IRQHandler                          0x0800015f   Thumb Code     0  startup_stm32f10x_hd.o(.text)
    TIM3_IRQHandler                          0x0800015f   Thumb Code     0  startup_stm32f10x_hd.o(.text)
    TIM4_IRQHandler                          0x0800015f   Thumb Code     0  startup_stm32f10x_hd.o(.text)
    TIM5_IRQHandler                          0x0800015f   Thumb Code     0  startup_stm32f10x_hd.o(.text)
    TIM6_IRQHandler                          0x0800015f   Thumb Code     0  startup_stm32f10x_hd.o(.text)
    TIM7_IRQHandler                          0x0800015f   Thumb Code     0  startup_stm32f10x_hd.o(.text)
    TIM8_BRK_IRQHandler                      0x0800015f   Thumb Code     0  startup_stm32f10x_hd.o(.text)
    TIM8_CC_IRQHandler                       0x0800015f   Thumb Code     0  startup_stm32f10x_hd.o(.text)
    TIM8_TRG_COM_IRQHandler                  0x0800015f   Thumb Code     0  startup_stm32f10x_hd.o(.text)
    TIM8_UP_IRQHandler                       0x0800015f   Thumb Code     0  startup_stm32f10x_hd.o(.text)
    UART4_IRQHandler                         0x0800015f   Thumb Code     0  startup_stm32f10x_hd.o(.text)
    UART5_IRQHandler                         0x0800015f   Thumb Code     0  startup_stm32f10x_hd.o(.text)
    USBWakeUp_IRQHandler                     0x0800015f   Thumb Code     0  startup_stm32f10x_hd.o(.text)
    USB_HP_CAN1_TX_IRQHandler                0x0800015f   Thumb Code     0  startup_stm32f10x_hd.o(.text)
    USB_LP_CAN1_RX0_IRQHandler               0x0800015f   Thumb Code     0  startup_stm32f10x_hd.o(.text)
    WWDG_IRQHandler                          0x0800015f   Thumb Code     0  startup_stm32f10x_hd.o(.text)
    tolower                                  0x08000169   Thumb Code    12  tolower.o(.text)
    __aeabi_memcpy                           0x08000175   Thumb Code    36  memcpya.o(.text)
    __aeabi_memcpy4                          0x08000175   Thumb Code     0  memcpya.o(.text)
    __aeabi_memcpy8                          0x08000175   Thumb Code     0  memcpya.o(.text)
    __aeabi_memset                           0x08000199   Thumb Code    14  memseta.o(.text)
    __aeabi_memset4                          0x08000199   Thumb Code     0  memseta.o(.text)
    __aeabi_memset8                          0x08000199   Thumb Code     0  memseta.o(.text)
    __aeabi_memclr                           0x080001a7   Thumb Code     4  memseta.o(.text)
    __aeabi_memclr4                          0x080001a7   Thumb Code     0  memseta.o(.text)
    __aeabi_memclr8                          0x080001a7   Thumb Code     0  memseta.o(.text)
    _memset$wrapper                          0x080001ab   Thumb Code    18  memseta.o(.text)
    strcat                                   0x080001bd   Thumb Code    24  strcat.o(.text)
    strstr                                   0x080001d5   Thumb Code    36  strstr.o(.text)
    strncpy                                  0x080001f9   Thumb Code    24  strncpy.o(.text)
    strlen                                   0x08000211   Thumb Code    14  strlen.o(.text)
    strcmp                                   0x0800021f   Thumb Code    28  strcmp.o(.text)
    strcpy                                   0x0800023b   Thumb Code    18  strcpy.o(.text)
    strncmp                                  0x0800024d   Thumb Code    30  strncmp.o(.text)
    __0sscanf                                0x0800026d   Thumb Code    48  __0sscanf.o(.text)
    _scanf_real                              0x080003cd   Thumb Code     0  scanf_fp.o(.text)
    _scanf_really_real                       0x080003cd   Thumb Code   556  scanf_fp.o(.text)
    __aeabi_dmul                             0x08000605   Thumb Code   228  dmul.o(.text)
    __aeabi_ui2d                             0x080006e9   Thumb Code    26  dfltui.o(.text)
    __aeabi_d2iz                             0x08000703   Thumb Code    62  dfixi.o(.text)
    __aeabi_cdcmpeq                          0x08000741   Thumb Code     0  cdcmple.o(.text)
    __aeabi_cdcmple                          0x08000741   Thumb Code    48  cdcmple.o(.text)
    __aeabi_cdrcmple                         0x08000771   Thumb Code    48  cdrcmple.o(.text)
    __aeabi_uidiv                            0x080007a1   Thumb Code     0  uidiv.o(.text)
    __aeabi_uidivmod                         0x080007a1   Thumb Code    44  uidiv.o(.text)
    __aeabi_uldivmod                         0x080007cd   Thumb Code    98  uldiv.o(.text)
    __aeabi_llsr                             0x0800082f   Thumb Code    32  llushr.o(.text)
    _ll_ushift_r                             0x0800082f   Thumb Code     0  llushr.o(.text)
    __vfscanf_char                           0x0800085d   Thumb Code    20  scanf_char.o(.text)
    _sgetc                                   0x08000879   Thumb Code    30  _sgetc.o(.text)
    _sbackspace                              0x08000897   Thumb Code    34  _sgetc.o(.text)
    __strtod_int                             0x080008ef   Thumb Code    90  strtod.o(.text)
    __I$use$fp                               0x08000955   Thumb Code     0  iusefp.o(.text)
    _double_round                            0x08000955   Thumb Code    30  depilogue.o(.text)
    _double_epilogue                         0x08000973   Thumb Code   156  depilogue.o(.text)
    __aeabi_dadd                             0x08000a0f   Thumb Code   322  dadd.o(.text)
    __aeabi_dsub                             0x08000b51   Thumb Code     6  dadd.o(.text)
    __aeabi_drsub                            0x08000b57   Thumb Code     6  dadd.o(.text)
    __aeabi_ddiv                             0x08000b5d   Thumb Code   222  ddiv.o(.text)
    __aeabi_ul2d                             0x08000c3b   Thumb Code    24  dfltul.o(.text)
    __aeabi_d2ulz                            0x08000c53   Thumb Code    48  dfixul.o(.text)
    __aeabi_d2f                              0x08000c83   Thumb Code    56  d2f.o(.text)
    __scatterload                            0x08000cbd   Thumb Code    28  init.o(.text)
    __scatterload_rt2                        0x08000cbd   Thumb Code     0  init.o(.text)
    __aeabi_llsl                             0x08000ce1   Thumb Code    30  llshl.o(.text)
    _ll_shift_l                              0x08000ce1   Thumb Code     0  llshl.o(.text)
    __aeabi_lasr                             0x08000cff   Thumb Code    36  llsshr.o(.text)
    _ll_sshift_r                             0x08000cff   Thumb Code     0  llsshr.o(.text)
    isspace                                  0x08000d23   Thumb Code    10  isspace_c.o(.text)
    __vfscanf                                0x08000d2d   Thumb Code   808  _scanf.o(.text)
    _float_round                             0x08001059   Thumb Code    18  fepilogue.o(.text)
    _float_epilogue                          0x0800106b   Thumb Code    92  fepilogue.o(.text)
    __ctype_lookup                           0x080010c9   Thumb Code    34  ctype_c.o(.text)
    ALL_BleMeshHandle                        0x080010f1   Thumb Code   114  allblemesh.o(i.ALL_BleMeshHandle)
    ALL_BleMeshHeartbeatTimeout              0x08001165   Thumb Code   186  allblemesh.o(i.ALL_BleMeshHeartbeatTimeout)
    ALL_BleMeshTxHeartbeat                   0x08001255   Thumb Code    54  allblemesh.o(i.ALL_BleMeshTxHeartbeat)
    ALL_DB_GetSysConfig                      0x0800128d   Thumb Code    38  database.o(i.ALL_DB_GetSysConfig)
    ALL_DB_Init                              0x080012b9   Thumb Code    56  database.o(i.ALL_DB_Init)
    ALL_DB_SetConfigDefault                  0x080012fd   Thumb Code    48  database.o(i.ALL_DB_SetConfigDefault)
    ALL_DB_SetSysConfig                      0x0800133d   Thumb Code    38  database.o(i.ALL_DB_SetSysConfig)
    ALL_DeInit                               0x08001369   Thumb Code    80  apll.o(i.ALL_DeInit)
    ALL_GprsServiceHandle                    0x080013cd   Thumb Code    36  allgprs.o(i.ALL_GprsServiceHandle)
    ALL_Init                                 0x080013f1   Thumb Code   296  apll.o(i.ALL_Init)
    ALL_Run                                  0x08001581   Thumb Code    44  apll.o(i.ALL_Run)
    BusFault_Handler                         0x080018d1   Thumb Code     4  stm32f10x_it.o(i.BusFault_Handler)
    DMA1_Channel2_IRQHandler                 0x080018d5   Thumb Code    34  driveruart.o(i.DMA1_Channel2_IRQHandler)
    DMA1_Channel4_IRQHandler                 0x08001901   Thumb Code    38  driveruart.o(i.DMA1_Channel4_IRQHandler)
    DMA1_Channel7_IRQHandler                 0x08001931   Thumb Code    38  driveruart.o(i.DMA1_Channel7_IRQHandler)
    DMA_ClearFlag                            0x08001961   Thumb Code    18  stm32f10x_dma.o(i.DMA_ClearFlag)
    DMA_Cmd                                  0x0800197d   Thumb Code    24  stm32f10x_dma.o(i.DMA_Cmd)
    DMA_DeInit                               0x08001995   Thumb Code   324  stm32f10x_dma.o(i.DMA_DeInit)
    DMA_GetCurrDataCounter                   0x08001ae1   Thumb Code     8  stm32f10x_dma.o(i.DMA_GetCurrDataCounter)
    DMA_GetITStatus                          0x08001ae9   Thumb Code    36  stm32f10x_dma.o(i.DMA_GetITStatus)
    DMA_ITConfig                             0x08001b15   Thumb Code    18  stm32f10x_dma.o(i.DMA_ITConfig)
    DMA_Init                                 0x08001b27   Thumb Code    60  stm32f10x_dma.o(i.DMA_Init)
    DRIVER_BleMeshInit                       0x08001b65   Thumb Code    54  driverblemesh.o(i.DRIVER_BleMeshInit)
    DRIVER_FLASH_Init                        0x08001c11   Thumb Code    52  driverflash.o(i.DRIVER_FLASH_Init)
    DRIVER_Gps_Init                          0x08001c59   Thumb Code    56  drivergprs.o(i.DRIVER_Gps_Init)
    DRIVER_IsUartData                        0x08001cad   Thumb Code    86  driveruart.o(i.DRIVER_IsUartData)
    DRIVER_NetWork_Init                      0x08001d1d   Thumb Code    62  drivernetwork.o(i.DRIVER_NetWork_Init)
    DRIVER_OpenUart                          0x08001d75   Thumb Code    58  driveruart.o(i.DRIVER_OpenUart)
    DRIVER_Pressure_Init                     0x08001dbd   Thumb Code    56  driverpressure.o(i.DRIVER_Pressure_Init)
    DRIVER_Temper_Init                       0x08001e15   Thumb Code    62  drivertemper.o(i.DRIVER_Temper_Init)
    DRIVER_UartRead                          0x08001e6d   Thumb Code   202  driveruart.o(i.DRIVER_UartRead)
    DRIVER_UartWrite                         0x08001f51   Thumb Code    74  driveruart.o(i.DRIVER_UartWrite)
    DebugMon_Handler                         0x08001fa9   Thumb Code     2  stm32f10x_it.o(i.DebugMon_Handler)
    DriverInitUartDebug                      0x08001fad   Thumb Code    46  driverdebug.o(i.DriverInitUartDebug)
    ENDIAN_SWAP_Init                         0x08001fe1   Thumb Code    34  endian_swap.o(i.ENDIAN_SWAP_Init)
    FLASH_ClearFlag                          0x0800200d   Thumb Code     6  stm32f10x_flash.o(i.FLASH_ClearFlag)
    FLASH_ErasePage                          0x08002019   Thumb Code    72  stm32f10x_flash.o(i.FLASH_ErasePage)
    FLASH_GetBank1Status                     0x08002065   Thumb Code    48  stm32f10x_flash.o(i.FLASH_GetBank1Status)
    FLASH_Lock                               0x08002099   Thumb Code    14  stm32f10x_flash.o(i.FLASH_Lock)
    FLASH_ProgramHalfWord                    0x080020ad   Thumb Code    60  stm32f10x_flash.o(i.FLASH_ProgramHalfWord)
    FLASH_Unlock                             0x080020ed   Thumb Code    12  stm32f10x_flash.o(i.FLASH_Unlock)
    FLASH_WaitForLastOperation               0x08002105   Thumb Code    38  stm32f10x_flash.o(i.FLASH_WaitForLastOperation)
    GPIO_Init                                0x08002185   Thumb Code   278  stm32f10x_gpio.o(i.GPIO_Init)
    GPIO_PinRemapConfig                      0x0800229d   Thumb Code   138  stm32f10x_gpio.o(i.GPIO_PinRemapConfig)
    GprsJsonDataPrase                        0x08002355   Thumb Code    54  allgprs.o(i.GprsJsonDataPrase)
    HardFault_Handler                        0x08002b29   Thumb Code     4  stm32f10x_it.o(i.HardFault_Handler)
    HardWareInit                             0x08002b2d   Thumb Code   108  system_stm32f10x.o(i.HardWareInit)
    MDL_DRIVERMGR_Close                      0x08002bb7   Thumb Code    54  drivermanager.o(i.MDL_DRIVERMGR_Close)
    MDL_DRIVERMGR_DeInit                     0x08002bed   Thumb Code    12  drivermanager.o(i.MDL_DRIVERMGR_DeInit)
    MDL_DRIVERMGR_GetTimeTick                0x08002bf9   Thumb Code    30  drivermanager.o(i.MDL_DRIVERMGR_GetTimeTick)
    MDL_DRIVERMGR_Init                       0x08002c17   Thumb Code   182  drivermanager.o(i.MDL_DRIVERMGR_Init)
    MDL_DRIVERMGR_Ioctl                      0x08002ccd   Thumb Code    66  drivermanager.o(i.MDL_DRIVERMGR_Ioctl)
    MDL_DRIVERMGR_Open                       0x08002d0f   Thumb Code    58  drivermanager.o(i.MDL_DRIVERMGR_Open)
    MDL_DRIVERMGR_Pop                        0x08002d49   Thumb Code    54  drivermanager.o(i.MDL_DRIVERMGR_Pop)
    MDL_DRIVERMGR_Read                       0x08002d7f   Thumb Code    64  drivermanager.o(i.MDL_DRIVERMGR_Read)
    MDL_DRIVERMGR_Task                       0x08002dbf   Thumb Code     8  drivermanager.o(i.MDL_DRIVERMGR_Task)
    MDL_DRIVERMGR_Write                      0x08002dc7   Thumb Code    64  drivermanager.o(i.MDL_DRIVERMGR_Write)
    MDL_DRVTIMER_Active                      0x08002e09   Thumb Code    74  drivertimer.o(i.MDL_DRVTIMER_Active)
    MDL_DRVTIMER_AddTimer                    0x08002e59   Thumb Code    52  drivertimer.o(i.MDL_DRVTIMER_AddTimer)
    MDL_DRVTIMER_DeInit                      0x08002e8d   Thumb Code    10  drivertimer.o(i.MDL_DRVTIMER_DeInit)
    MDL_DRVTIMER_Init                        0x08002e9d   Thumb Code    10  drivertimer.o(i.MDL_DRVTIMER_Init)
    MDL_FILE_AddModel                        0x08002ead   Thumb Code   114  driverfile.o(i.MDL_FILE_AddModel)
    MDL_FILE_DeInit                          0x08002f25   Thumb Code    60  driverfile.o(i.MDL_FILE_DeInit)
    MDL_FILE_GetModel                        0x08002f65   Thumb Code    32  driverfile.o(i.MDL_FILE_GetModel)
    MDL_FILE_GetModelId                      0x08002f89   Thumb Code    64  driverfile.o(i.MDL_FILE_GetModelId)
    MDL_FILE_Init                            0x08002fcd   Thumb Code    10  driverfile.o(i.MDL_FILE_Init)
    MDL_QUEUE_Add                            0x08002fdd   Thumb Code   104  queue.o(i.MDL_QUEUE_Add)
    MDL_QUEUE_DeInit                         0x08003045   Thumb Code    80  queue.o(i.MDL_QUEUE_DeInit)
    MDL_QUEUE_Get                            0x08003095   Thumb Code    58  queue.o(i.MDL_QUEUE_Get)
    MDL_QUEUE_Init                           0x080030cf   Thumb Code    24  queue.o(i.MDL_QUEUE_Init)
    MDL_RTC_Init                             0x080030e9   Thumb Code    10  driverrtc.o(i.MDL_RTC_Init)
    MDL_SHEET_Create                         0x080030f9   Thumb Code    78  sheet.o(i.MDL_SHEET_Create)
    MDL_SHEET_Initial                        0x08003147   Thumb Code    12  sheet.o(i.MDL_SHEET_Initial)
    MDL_SHEET_Open                           0x08003153   Thumb Code    64  sheet.o(i.MDL_SHEET_Open)
    MDL_SHEET_Query                          0x08003193   Thumb Code    56  sheet.o(i.MDL_SHEET_Query)
    MDL_SHEET_Reset                          0x080031cb   Thumb Code    48  sheet.o(i.MDL_SHEET_Reset)
    MDL_SHEET_Update                         0x080031fb   Thumb Code    56  sheet.o(i.MDL_SHEET_Update)
    MDL_TIMER_Active                         0x08003233   Thumb Code   128  timer.o(i.MDL_TIMER_Active)
    MDL_TIMER_Add                            0x080032b3   Thumb Code   152  timer.o(i.MDL_TIMER_Add)
    MDL_TIMER_Init                           0x0800334b   Thumb Code    20  timer.o(i.MDL_TIMER_Init)
    MDL_TIMER_Start                          0x0800335f   Thumb Code    86  timer.o(i.MDL_TIMER_Start)
    MDL_TIMER_UnInit                         0x080033b5   Thumb Code    60  timer.o(i.MDL_TIMER_UnInit)
    MDL_TIME_Delay                           0x080033f1   Thumb Code    62  drivertime.o(i.MDL_TIME_Delay)
    MDL_TIME_GetTimeTick                     0x08003435   Thumb Code    24  drivertime.o(i.MDL_TIME_GetTimeTick)
    MDL_TIME_Init                            0x08003451   Thumb Code    10  drivertime.o(i.MDL_TIME_Init)
    MDL_TIME_InterruputHandle                0x08003461   Thumb Code    98  drivertime.o(i.MDL_TIME_InterruputHandle)
    MemManage_Handler                        0x080034c9   Thumb Code     4  stm32f10x_it.o(i.MemManage_Handler)
    NMI_Handler                              0x08003679   Thumb Code     2  stm32f10x_it.o(i.NMI_Handler)
    NVIC_Init                                0x0800367d   Thumb Code   100  misc.o(i.NVIC_Init)
    NVIC_PriorityGroupConfig                 0x080036ed   Thumb Code    10  misc.o(i.NVIC_PriorityGroupConfig)
    PendSV_Handler                           0x08003701   Thumb Code     2  stm32f10x_it.o(i.PendSV_Handler)
    RCC_AHBPeriphClockCmd                    0x0800373d   Thumb Code    26  stm32f10x_rcc.o(i.RCC_AHBPeriphClockCmd)
    RCC_APB1PeriphClockCmd                   0x0800375d   Thumb Code    26  stm32f10x_rcc.o(i.RCC_APB1PeriphClockCmd)
    RCC_APB2PeriphClockCmd                   0x0800377d   Thumb Code    26  stm32f10x_rcc.o(i.RCC_APB2PeriphClockCmd)
    RCC_GetClocksFreq                        0x0800379d   Thumb Code   192  stm32f10x_rcc.o(i.RCC_GetClocksFreq)
    STM_EVAL_COMInit                         0x08003871   Thumb Code    86  driverdebug.o(i.STM_EVAL_COMInit)
    SVC_Handler                              0x080038d1   Thumb Code     2  stm32f10x_it.o(i.SVC_Handler)
    SysTick_Handler                          0x080039bd   Thumb Code     8  stm32f10x_it.o(i.SysTick_Handler)
    SystemCoreClockUpdate                    0x080039c5   Thumb Code   142  system_stm32f10x.o(i.SystemCoreClockUpdate)
    SystemInit                               0x08003a69   Thumb Code    78  system_stm32f10x.o(i.SystemInit)
    USART1_IRQHandler                        0x08003c15   Thumb Code    50  driveruart.o(i.USART1_IRQHandler)
    USART2_IRQHandler                        0x08003e81   Thumb Code    50  driveruart.o(i.USART2_IRQHandler)
    USART3_IRQHandler                        0x080040e9   Thumb Code    50  driveruart.o(i.USART3_IRQHandler)
    USART_Cmd                                0x0800420d   Thumb Code    24  stm32f10x_usart.o(i.USART_Cmd)
    USART_DMACmd                             0x08004225   Thumb Code    18  stm32f10x_usart.o(i.USART_DMACmd)
    USART_GetFlagStatus                      0x08004237   Thumb Code    26  stm32f10x_usart.o(i.USART_GetFlagStatus)
    USART_GetITStatus                        0x08004251   Thumb Code    84  stm32f10x_usart.o(i.USART_GetITStatus)
    USART_ITConfig                           0x080042a5   Thumb Code    74  stm32f10x_usart.o(i.USART_ITConfig)
    USART_Init                               0x080042f1   Thumb Code   210  stm32f10x_usart.o(i.USART_Init)
    USART_ReceiveData                        0x080043c9   Thumb Code    10  stm32f10x_usart.o(i.USART_ReceiveData)
    USART_SendData                           0x080043d3   Thumb Code     8  stm32f10x_usart.o(i.USART_SendData)
    UsageFault_Handler                       0x080043db   Thumb Code     4  stm32f10x_it.o(i.UsageFault_Handler)
    _GatewayHeartbeat                        0x08004521   Thumb Code   308  apll.o(i._GatewayHeartbeat)
    _TestTimer                               0x08004eb9   Thumb Code    12  apll.o(i._TestTimer)
    __0printf                                0x08004ed5   Thumb Code    22  printfa.o(i.__0printf)
    __1printf                                0x08004ed5   Thumb Code     0  printfa.o(i.__0printf)
    __2printf                                0x08004ed5   Thumb Code     0  printfa.o(i.__0printf)
    __c89printf                              0x08004ed5   Thumb Code     0  printfa.o(i.__0printf)
    printf                                   0x08004ed5   Thumb Code     0  printfa.o(i.__0printf)
    __0sprintf                               0x08004ef5   Thumb Code    34  printfa.o(i.__0sprintf)
    __1sprintf                               0x08004ef5   Thumb Code     0  printfa.o(i.__0sprintf)
    __2sprintf                               0x08004ef5   Thumb Code     0  printfa.o(i.__0sprintf)
    __c89sprintf                             0x08004ef5   Thumb Code     0  printfa.o(i.__0sprintf)
    sprintf                                  0x08004ef5   Thumb Code     0  printfa.o(i.__0sprintf)
    free                                     0x08004f1d   Thumb Code    88  mallocr.o(i.__free$realloc)
    malloc                                   0x08004f79   Thumb Code    64  mallocr.o(i.__malloc$realloc)
    __scatterload_copy                       0x08004fc9   Thumb Code    14  handlers.o(i.__scatterload_copy)
    __scatterload_null                       0x08004fd7   Thumb Code     2  handlers.o(i.__scatterload_null)
    __scatterload_zeroinit                   0x08004fd9   Thumb Code    14  handlers.o(i.__scatterload_zeroinit)
    _is_digit                                0x0800516d   Thumb Code    14  scanf_fp.o(i._is_digit)
    cJSON_AddNumberToObject                  0x08005995   Thumb Code    56  cjson.o(i.cJSON_AddNumberToObject)
    cJSON_AddStringToObject                  0x080059d1   Thumb Code    48  cjson.o(i.cJSON_AddStringToObject)
    cJSON_CreateNumber                       0x08005a05   Thumb Code    82  cjson.o(i.cJSON_CreateNumber)
    cJSON_CreateObject                       0x08005a69   Thumb Code    20  cjson.o(i.cJSON_CreateObject)
    cJSON_CreateString                       0x08005a81   Thumb Code    46  cjson.o(i.cJSON_CreateString)
    cJSON_Delete                             0x08005ab5   Thumb Code    84  cjson.o(i.cJSON_Delete)
    cJSON_GetObjectItem                      0x08005b0d   Thumb Code    18  cjson.o(i.cJSON_GetObjectItem)
    cJSON_Parse                              0x08005b39   Thumb Code    16  cjson.o(i.cJSON_Parse)
    cJSON_ParseWithOpts                      0x08005b49   Thumb Code   204  cjson.o(i.cJSON_ParseWithOpts)
    cJSON_PrintUnformatted                   0x08005c1d   Thumb Code    16  cjson.o(i.cJSON_PrintUnformatted)
    fputc                                    0x08005d6d   Thumb Code    32  driverdebug.o(i.fputc)
    main                                     0x08005e4b   Thumb Code    36  main.o(i.main)
    realloc                                  0x08006b4d   Thumb Code   102  mallocr.o(i.realloc)
    strtod                                   0x08006bf5   Thumb Code    28  strtod.o(i.strtod)
    __ctype_categories                       0x08006d66   Data          64  ctype_c.o(.constdata)
    Region$$Table$$Base                      0x08006df8   Number         0  anon$$obj.o(Region$$Table)
    Region$$Table$$Limit                     0x08006e18   Number         0  anon$$obj.o(Region$$Table)
    SystemCoreClock                          0x20000034   Data           4  system_stm32f10x.o(.data)
    AHBPrescTable                            0x20000038   Data          16  system_stm32f10x.o(.data)
    __stdout                                 0x2000006c   Data           4  stdout.o(.data)
    __microlib_freelist                      0x20000070   Data           4  mvars.o(.data)
    __microlib_freelist_initialised          0x20000074   Data           4  mvars.o(.data)
    __heap_base                              0x200009d0   Data           0  startup_stm32f10x_hd.o(HEAP)
    __heap_limit                             0x200015d0   Data           0  startup_stm32f10x_hd.o(HEAP)
    __initial_sp                             0x200025d0   Data           0  startup_stm32f10x_hd.o(STACK)



==============================================================================

Memory Map of the image

  Image Entry point : 0x08000131

  Load Region LR_IROM1 (Base: 0x08000000, Size: 0x00006e90, Max: 0x00010000, ABSOLUTE)

    Execution Region ER_IROM1 (Exec base: 0x08000000, Load base: 0x08000000, Size: 0x00006e18, Max: 0x00010000, ABSOLUTE)

    Exec Addr    Load Addr    Size         Type   Attr      Idx    E Section Name        Object

    0x08000000   0x08000000   0x00000130   Data   RO         4281    RESET               startup_stm32f10x_hd.o
    0x08000130   0x08000130   0x00000000   Code   RO         5289  * .ARM.Collect$$$$00000000  mc_w.l(entry.o)
    0x08000130   0x08000130   0x00000004   Code   RO         5625    .ARM.Collect$$$$00000001  mc_w.l(entry2.o)
    0x08000134   0x08000134   0x00000004   Code   RO         5628    .ARM.Collect$$$$00000004  mc_w.l(entry5.o)
    0x08000138   0x08000138   0x00000000   Code   RO         5630    .ARM.Collect$$$$00000008  mc_w.l(entry7b.o)
    0x08000138   0x08000138   0x00000000   Code   RO         5632    .ARM.Collect$$$$0000000A  mc_w.l(entry8b.o)
    0x08000138   0x08000138   0x00000008   Code   RO         5633    .ARM.Collect$$$$0000000B  mc_w.l(entry9a.o)
    0x08000140   0x08000140   0x00000000   Code   RO         5635    .ARM.Collect$$$$0000000D  mc_w.l(entry10a.o)
    0x08000140   0x08000140   0x00000000   Code   RO         5637    .ARM.Collect$$$$0000000F  mc_w.l(entry11a.o)
    0x08000140   0x08000140   0x00000004   Code   RO         5626    .ARM.Collect$$$$00002712  mc_w.l(entry2.o)
    0x08000144   0x08000144   0x00000024   Code   RO         4282    .text               startup_stm32f10x_hd.o
    0x08000168   0x08000168   0x0000000c   Code   RO         5292    .text               mc_w.l(tolower.o)
    0x08000174   0x08000174   0x00000024   Code   RO         5294    .text               mc_w.l(memcpya.o)
    0x08000198   0x08000198   0x00000024   Code   RO         5296    .text               mc_w.l(memseta.o)
    0x080001bc   0x080001bc   0x00000018   Code   RO         5298    .text               mc_w.l(strcat.o)
    0x080001d4   0x080001d4   0x00000024   Code   RO         5300    .text               mc_w.l(strstr.o)
    0x080001f8   0x080001f8   0x00000018   Code   RO         5302    .text               mc_w.l(strncpy.o)
    0x08000210   0x08000210   0x0000000e   Code   RO         5304    .text               mc_w.l(strlen.o)
    0x0800021e   0x0800021e   0x0000001c   Code   RO         5306    .text               mc_w.l(strcmp.o)
    0x0800023a   0x0800023a   0x00000012   Code   RO         5308    .text               mc_w.l(strcpy.o)
    0x0800024c   0x0800024c   0x0000001e   Code   RO         5310    .text               mc_w.l(strncmp.o)
    0x0800026a   0x0800026a   0x00000002   PAD
    0x0800026c   0x0800026c   0x00000038   Code   RO         5605    .text               mc_w.l(__0sscanf.o)
    0x080002a4   0x080002a4   0x00000360   Code   RO         5607    .text               mc_w.l(scanf_fp.o)
    0x08000604   0x08000604   0x000000e4   Code   RO         5611    .text               mf_w.l(dmul.o)
    0x080006e8   0x080006e8   0x0000001a   Code   RO         5615    .text               mf_w.l(dfltui.o)
    0x08000702   0x08000702   0x0000003e   Code   RO         5617    .text               mf_w.l(dfixi.o)
    0x08000740   0x08000740   0x00000030   Code   RO         5621    .text               mf_w.l(cdcmple.o)
    0x08000770   0x08000770   0x00000030   Code   RO         5623    .text               mf_w.l(cdrcmple.o)
    0x080007a0   0x080007a0   0x0000002c   Code   RO         5640    .text               mc_w.l(uidiv.o)
    0x080007cc   0x080007cc   0x00000062   Code   RO         5642    .text               mc_w.l(uldiv.o)
    0x0800082e   0x0800082e   0x00000020   Code   RO         5644    .text               mc_w.l(llushr.o)
    0x0800084e   0x0800084e   0x00000002   PAD
    0x08000850   0x08000850   0x00000028   Code   RO         5648    .text               mc_w.l(scanf_char.o)
    0x08000878   0x08000878   0x00000040   Code   RO         5650    .text               mc_w.l(_sgetc.o)
    0x080008b8   0x080008b8   0x0000009c   Code   RO         5652    .text               mc_w.l(strtod.o)
    0x08000954   0x08000954   0x00000000   Code   RO         5654    .text               mc_w.l(iusefp.o)
    0x08000954   0x08000954   0x000000ba   Code   RO         5655    .text               mf_w.l(depilogue.o)
    0x08000a0e   0x08000a0e   0x0000014e   Code   RO         5657    .text               mf_w.l(dadd.o)
    0x08000b5c   0x08000b5c   0x000000de   Code   RO         5659    .text               mf_w.l(ddiv.o)
    0x08000c3a   0x08000c3a   0x00000018   Code   RO         5661    .text               mf_w.l(dfltul.o)
    0x08000c52   0x08000c52   0x00000030   Code   RO         5663    .text               mf_w.l(dfixul.o)
    0x08000c82   0x08000c82   0x00000038   Code   RO         5665    .text               mf_w.l(d2f.o)
    0x08000cba   0x08000cba   0x00000002   PAD
    0x08000cbc   0x08000cbc   0x00000024   Code   RO         5667    .text               mc_w.l(init.o)
    0x08000ce0   0x08000ce0   0x0000001e   Code   RO         5669    .text               mc_w.l(llshl.o)
    0x08000cfe   0x08000cfe   0x00000024   Code   RO         5671    .text               mc_w.l(llsshr.o)
    0x08000d22   0x08000d22   0x0000000a   Code   RO         5673    .text               mc_w.l(isspace_c.o)
    0x08000d2c   0x08000d2c   0x0000032c   Code   RO         5675    .text               mc_w.l(_scanf.o)
    0x08001058   0x08001058   0x0000006e   Code   RO         5677    .text               mf_w.l(fepilogue.o)
    0x080010c6   0x080010c6   0x00000002   PAD
    0x080010c8   0x080010c8   0x00000028   Code   RO         5679    .text               mc_w.l(ctype_c.o)
    0x080010f0   0x080010f0   0x00000072   Code   RO          187    i.ALL_BleMeshHandle  allblemesh.o
    0x08001162   0x08001162   0x00000002   PAD
    0x08001164   0x08001164   0x000000f0   Code   RO          188    i.ALL_BleMeshHeartbeatTimeout  allblemesh.o
    0x08001254   0x08001254   0x00000036   Code   RO          189    i.ALL_BleMeshTxHeartbeat  allblemesh.o
    0x0800128a   0x0800128a   0x00000002   PAD
    0x0800128c   0x0800128c   0x0000002c   Code   RO          125    i.ALL_DB_GetSysConfig  database.o
    0x080012b8   0x080012b8   0x00000044   Code   RO          126    i.ALL_DB_Init       database.o
    0x080012fc   0x080012fc   0x00000040   Code   RO          129    i.ALL_DB_SetConfigDefault  database.o
    0x0800133c   0x0800133c   0x0000002c   Code   RO          130    i.ALL_DB_SetSysConfig  database.o
    0x08001368   0x08001368   0x00000050   Code   RO           37    i.ALL_DeInit        apll.o
    0x080013b8   0x080013b8   0x00000014   Code   RO           38    i.ALL_DefaultSysConfig  apll.o
    0x080013cc   0x080013cc   0x00000024   Code   RO          241    i.ALL_GprsServiceHandle  allgprs.o
    0x080013f0   0x080013f0   0x0000016c   Code   RO           39    i.ALL_Init          apll.o
    0x0800155c   0x0800155c   0x00000022   Code   RO           40    i.ALL_IsResetAllTable  apll.o
    0x0800157e   0x0800157e   0x00000002   PAD
    0x08001580   0x08001580   0x00000038   Code   RO           41    i.ALL_Run           apll.o
    0x080015b8   0x080015b8   0x000000dc   Code   RO           42    i.ALL_Task          apll.o
    0x08001694   0x08001694   0x0000008a   Code   RO          190    i.BleMeshAssemblePacketHandle  allblemesh.o
    0x0800171e   0x0800171e   0x00000002   PAD
    0x08001720   0x08001720   0x0000013c   Code   RO          192    i.BleMeshNodeStatusReport  allblemesh.o
    0x0800185c   0x0800185c   0x00000074   Code   RO          193    i.BleMeshPrasePacketHandle  allblemesh.o
    0x080018d0   0x080018d0   0x00000004   Code   RO         4205    i.BusFault_Handler  stm32f10x_it.o
    0x080018d4   0x080018d4   0x0000002c   Code   RO         4509    i.DMA1_Channel2_IRQHandler  driveruart.o
    0x08001900   0x08001900   0x00000030   Code   RO         4510    i.DMA1_Channel4_IRQHandler  driveruart.o
    0x08001930   0x08001930   0x00000030   Code   RO         4511    i.DMA1_Channel7_IRQHandler  driveruart.o
    0x08001960   0x08001960   0x0000001c   Code   RO         2371    i.DMA_ClearFlag     stm32f10x_dma.o
    0x0800197c   0x0800197c   0x00000018   Code   RO         2373    i.DMA_Cmd           stm32f10x_dma.o
    0x08001994   0x08001994   0x0000014c   Code   RO         2374    i.DMA_DeInit        stm32f10x_dma.o
    0x08001ae0   0x08001ae0   0x00000008   Code   RO         2375    i.DMA_GetCurrDataCounter  stm32f10x_dma.o
    0x08001ae8   0x08001ae8   0x0000002c   Code   RO         2377    i.DMA_GetITStatus   stm32f10x_dma.o
    0x08001b14   0x08001b14   0x00000012   Code   RO         2378    i.DMA_ITConfig      stm32f10x_dma.o
    0x08001b26   0x08001b26   0x0000003c   Code   RO         2379    i.DMA_Init          stm32f10x_dma.o
    0x08001b62   0x08001b62   0x00000002   PAD
    0x08001b64   0x08001b64   0x00000054   Code   RO         4745    i.DRIVER_BleMeshInit  driverblemesh.o
    0x08001bb8   0x08001bb8   0x00000018   Code   RO         4746    i.DRIVER_BleMeshOpen  driverblemesh.o
    0x08001bd0   0x08001bd0   0x00000010   Code   RO         4747    i.DRIVER_BleMeshPop  driverblemesh.o
    0x08001be0   0x08001be0   0x00000018   Code   RO         4748    i.DRIVER_BleMeshRead  driverblemesh.o
    0x08001bf8   0x08001bf8   0x00000018   Code   RO         4749    i.DRIVER_BleMeshWrite  driverblemesh.o
    0x08001c10   0x08001c10   0x00000048   Code   RO         4453    i.DRIVER_FLASH_Init  driverflash.o
    0x08001c58   0x08001c58   0x00000054   Code   RO         4665    i.DRIVER_Gps_Init   drivergprs.o
    0x08001cac   0x08001cac   0x00000070   Code   RO         4512    i.DRIVER_IsUartData  driveruart.o
    0x08001d1c   0x08001d1c   0x00000058   Code   RO         4315    i.DRIVER_NetWork_Init  drivernetwork.o
    0x08001d74   0x08001d74   0x00000048   Code   RO         4513    i.DRIVER_OpenUart   driveruart.o
    0x08001dbc   0x08001dbc   0x00000058   Code   RO         4379    i.DRIVER_Pressure_Init  driverpressure.o
    0x08001e14   0x08001e14   0x00000058   Code   RO         4416    i.DRIVER_Temper_Init  drivertemper.o
    0x08001e6c   0x08001e6c   0x000000e4   Code   RO         4514    i.DRIVER_UartRead   driveruart.o
    0x08001f50   0x08001f50   0x00000058   Code   RO         4515    i.DRIVER_UartWrite  driveruart.o
    0x08001fa8   0x08001fa8   0x00000002   Code   RO         4206    i.DebugMon_Handler  stm32f10x_it.o
    0x08001faa   0x08001faa   0x00000002   PAD
    0x08001fac   0x08001fac   0x00000034   Code   RO         4640    i.DriverInitUartDebug  driverdebug.o
    0x08001fe0   0x08001fe0   0x0000002c   Code   RO          905    i.ENDIAN_SWAP_Init  endian_swap.o
    0x0800200c   0x0800200c   0x0000000c   Code   RO         1200    i.FLASH_ClearFlag   stm32f10x_flash.o
    0x08002018   0x08002018   0x0000004c   Code   RO         1205    i.FLASH_ErasePage   stm32f10x_flash.o
    0x08002064   0x08002064   0x00000034   Code   RO         1206    i.FLASH_GetBank1Status  stm32f10x_flash.o
    0x08002098   0x08002098   0x00000014   Code   RO         1215    i.FLASH_Lock        stm32f10x_flash.o
    0x080020ac   0x080020ac   0x00000040   Code   RO         1218    i.FLASH_ProgramHalfWord  stm32f10x_flash.o
    0x080020ec   0x080020ec   0x00000018   Code   RO         1223    i.FLASH_Unlock      stm32f10x_flash.o
    0x08002104   0x08002104   0x00000026   Code   RO         1227    i.FLASH_WaitForLastOperation  stm32f10x_flash.o
    0x0800212a   0x0800212a   0x00000002   PAD
    0x0800212c   0x0800212c   0x00000058   Code   RO         5087    i.Flash_crtl        sheet.o
    0x08002184   0x08002184   0x00000116   Code   RO         1383    i.GPIO_Init         stm32f10x_gpio.o
    0x0800229a   0x0800229a   0x00000002   PAD
    0x0800229c   0x0800229c   0x00000090   Code   RO         1385    i.GPIO_PinRemapConfig  stm32f10x_gpio.o
    0x0800232c   0x0800232c   0x00000026   Code   RO          194    i.GetCheckSum       allblemesh.o
    0x08002352   0x08002352   0x00000002   PAD
    0x08002354   0x08002354   0x0000003c   Code   RO          242    i.GprsJsonDataPrase  allgprs.o
    0x08002390   0x08002390   0x00000014   Code   RO         4666    i.Gps_Init          drivergprs.o
    0x080023a4   0x080023a4   0x00000104   Code   RO         4667    i.Gps_SelfChk       drivergprs.o
    0x080024a8   0x080024a8   0x0000000c   Code   RO         4668    i.Gps_SetMode       drivergprs.o
    0x080024b4   0x080024b4   0x0000000c   Code   RO         4669    i.Gps_SetRevMode    drivergprs.o
    0x080024c0   0x080024c0   0x00000650   Code   RO         4670    i.Gps_TaskHandler   drivergprs.o
    0x08002b10   0x08002b10   0x00000018   Code   RO         4672    i.Gps_UartSendBuf   drivergprs.o
    0x08002b28   0x08002b28   0x00000004   Code   RO         4207    i.HardFault_Handler  stm32f10x_it.o
    0x08002b2c   0x08002b2c   0x00000078   Code   RO         4155    i.HardWareInit      system_stm32f10x.o
    0x08002ba4   0x08002ba4   0x00000012   Code   RO          195    i.HeadPacket        allblemesh.o
    0x08002bb6   0x08002bb6   0x00000036   Code   RO         4815    i.MDL_DRIVERMGR_Close  drivermanager.o
    0x08002bec   0x08002bec   0x0000000c   Code   RO         4816    i.MDL_DRIVERMGR_DeInit  drivermanager.o
    0x08002bf8   0x08002bf8   0x0000001e   Code   RO         4820    i.MDL_DRIVERMGR_GetTimeTick  drivermanager.o
    0x08002c16   0x08002c16   0x000000b6   Code   RO         4821    i.MDL_DRIVERMGR_Init  drivermanager.o
    0x08002ccc   0x08002ccc   0x00000042   Code   RO         4822    i.MDL_DRIVERMGR_Ioctl  drivermanager.o
    0x08002d0e   0x08002d0e   0x0000003a   Code   RO         4823    i.MDL_DRIVERMGR_Open  drivermanager.o
    0x08002d48   0x08002d48   0x00000036   Code   RO         4824    i.MDL_DRIVERMGR_Pop  drivermanager.o
    0x08002d7e   0x08002d7e   0x00000040   Code   RO         4825    i.MDL_DRIVERMGR_Read  drivermanager.o
    0x08002dbe   0x08002dbe   0x00000008   Code   RO         4829    i.MDL_DRIVERMGR_Task  drivermanager.o
    0x08002dc6   0x08002dc6   0x00000040   Code   RO         4830    i.MDL_DRIVERMGR_Write  drivermanager.o
    0x08002e06   0x08002e06   0x00000002   PAD
    0x08002e08   0x08002e08   0x00000050   Code   RO         5017    i.MDL_DRVTIMER_Active  drivertimer.o
    0x08002e58   0x08002e58   0x00000034   Code   RO         5018    i.MDL_DRVTIMER_AddTimer  drivertimer.o
    0x08002e8c   0x08002e8c   0x00000010   Code   RO         5019    i.MDL_DRVTIMER_DeInit  drivertimer.o
    0x08002e9c   0x08002e9c   0x00000010   Code   RO         5020    i.MDL_DRVTIMER_Init  drivertimer.o
    0x08002eac   0x08002eac   0x00000078   Code   RO         4777    i.MDL_FILE_AddModel  driverfile.o
    0x08002f24   0x08002f24   0x00000040   Code   RO         4778    i.MDL_FILE_DeInit   driverfile.o
    0x08002f64   0x08002f64   0x00000024   Code   RO         4779    i.MDL_FILE_GetModel  driverfile.o
    0x08002f88   0x08002f88   0x00000044   Code   RO         4780    i.MDL_FILE_GetModelId  driverfile.o
    0x08002fcc   0x08002fcc   0x00000010   Code   RO         4781    i.MDL_FILE_Init     driverfile.o
    0x08002fdc   0x08002fdc   0x00000068   Code   RO         5057    i.MDL_QUEUE_Add     queue.o
    0x08003044   0x08003044   0x00000050   Code   RO         5058    i.MDL_QUEUE_DeInit  queue.o
    0x08003094   0x08003094   0x0000003a   Code   RO         5059    i.MDL_QUEUE_Get     queue.o
    0x080030ce   0x080030ce   0x00000018   Code   RO         5060    i.MDL_QUEUE_Init    queue.o
    0x080030e6   0x080030e6   0x00000002   PAD
    0x080030e8   0x080030e8   0x00000010   Code   RO         4948    i.MDL_RTC_Init      driverrtc.o
    0x080030f8   0x080030f8   0x0000004e   Code   RO         5090    i.MDL_SHEET_Create  sheet.o
    0x08003146   0x08003146   0x0000000c   Code   RO         5094    i.MDL_SHEET_Initial  sheet.o
    0x08003152   0x08003152   0x00000040   Code   RO         5096    i.MDL_SHEET_Open    sheet.o
    0x08003192   0x08003192   0x00000038   Code   RO         5097    i.MDL_SHEET_Query   sheet.o
    0x080031ca   0x080031ca   0x00000030   Code   RO         5098    i.MDL_SHEET_Reset   sheet.o
    0x080031fa   0x080031fa   0x00000038   Code   RO         5099    i.MDL_SHEET_Update  sheet.o
    0x08003232   0x08003232   0x00000080   Code   RO         5220    i.MDL_TIMER_Active  timer.o
    0x080032b2   0x080032b2   0x00000098   Code   RO         5221    i.MDL_TIMER_Add     timer.o
    0x0800334a   0x0800334a   0x00000014   Code   RO         5224    i.MDL_TIMER_Init    timer.o
    0x0800335e   0x0800335e   0x00000056   Code   RO         5225    i.MDL_TIMER_Start   timer.o
    0x080033b4   0x080033b4   0x0000003c   Code   RO         5227    i.MDL_TIMER_UnInit  timer.o
    0x080033f0   0x080033f0   0x00000044   Code   RO         4985    i.MDL_TIME_Delay    drivertime.o
    0x08003434   0x08003434   0x0000001c   Code   RO         4986    i.MDL_TIME_GetTimeTick  drivertime.o
    0x08003450   0x08003450   0x00000010   Code   RO         4987    i.MDL_TIME_Init     drivertime.o
    0x08003460   0x08003460   0x00000068   Code   RO         4988    i.MDL_TIME_InterruputHandle  drivertime.o
    0x080034c8   0x080034c8   0x00000004   Code   RO         4208    i.MemManage_Handler  stm32f10x_it.o
    0x080034cc   0x080034cc   0x000000dc   Code   RO         4316    i.NETUart_Init      drivernetwork.o
    0x080035a8   0x080035a8   0x000000a0   Code   RO         4317    i.NETUart_TaskHandler  drivernetwork.o
    0x08003648   0x08003648   0x00000030   Code   RO         4318    i.NET_UartSendBuf   drivernetwork.o
    0x08003678   0x08003678   0x00000002   Code   RO         4209    i.NMI_Handler       stm32f10x_it.o
    0x0800367a   0x0800367a   0x00000002   PAD
    0x0800367c   0x0800367c   0x00000070   Code   RO         1138    i.NVIC_Init         misc.o
    0x080036ec   0x080036ec   0x00000014   Code   RO         1139    i.NVIC_PriorityGroupConfig  misc.o
    0x08003700   0x08003700   0x00000002   Code   RO         4210    i.PendSV_Handler    stm32f10x_it.o
    0x08003702   0x08003702   0x00000006   Code   RO         4380    i.Pressure_Close    driverpressure.o
    0x08003708   0x08003708   0x00000008   Code   RO         4381    i.Pressure_Ioctl    driverpressure.o
    0x08003710   0x08003710   0x00000006   Code   RO         4382    i.Pressure_Open     driverpressure.o
    0x08003716   0x08003716   0x00000006   Code   RO         4383    i.Pressure_Pop      driverpressure.o
    0x0800371c   0x0800371c   0x00000020   Code   RO         4384    i.Pressure_Read     driverpressure.o
    0x0800373c   0x0800373c   0x00000020   Code   RO         1492    i.RCC_AHBPeriphClockCmd  stm32f10x_rcc.o
    0x0800375c   0x0800375c   0x00000020   Code   RO         1493    i.RCC_APB1PeriphClockCmd  stm32f10x_rcc.o
    0x0800377c   0x0800377c   0x00000020   Code   RO         1495    i.RCC_APB2PeriphClockCmd  stm32f10x_rcc.o
    0x0800379c   0x0800379c   0x000000d4   Code   RO         1503    i.RCC_GetClocksFreq  stm32f10x_rcc.o
    0x08003870   0x08003870   0x00000060   Code   RO         4641    i.STM_EVAL_COMInit  driverdebug.o
    0x080038d0   0x080038d0   0x00000002   Code   RO         4211    i.SVC_Handler       stm32f10x_it.o
    0x080038d2   0x080038d2   0x00000008   Code   RO         4156    i.SetSysClock       system_stm32f10x.o
    0x080038da   0x080038da   0x00000002   PAD
    0x080038dc   0x080038dc   0x000000e0   Code   RO         4157    i.SetSysClockTo72   system_stm32f10x.o
    0x080039bc   0x080039bc   0x00000008   Code   RO         4212    i.SysTick_Handler   stm32f10x_it.o
    0x080039c4   0x080039c4   0x000000a4   Code   RO         4158    i.SystemCoreClockUpdate  system_stm32f10x.o
    0x08003a68   0x08003a68   0x00000060   Code   RO         4159    i.SystemInit        system_stm32f10x.o
    0x08003ac8   0x08003ac8   0x0000003c   Code   RO         4516    i.USART1_DMA_RX_Data  driveruart.o
    0x08003b04   0x08003b04   0x00000040   Code   RO         4517    i.USART1_DMA_TX_Data  driveruart.o
    0x08003b44   0x08003b44   0x000000d0   Code   RO         4518    i.USART1_DMA_config  driveruart.o
    0x08003c14   0x08003c14   0x0000003c   Code   RO         4519    i.USART1_IRQHandler  driveruart.o
    0x08003c50   0x08003c50   0x000000e4   Code   RO         4520    i.USART1_Init       driveruart.o
    0x08003d34   0x08003d34   0x0000003c   Code   RO         4521    i.USART2_DMA_RX_Data  driveruart.o
    0x08003d70   0x08003d70   0x00000040   Code   RO         4522    i.USART2_DMA_TX_Data  driveruart.o
    0x08003db0   0x08003db0   0x000000d0   Code   RO         4523    i.USART2_DMA_config  driveruart.o
    0x08003e80   0x08003e80   0x0000003c   Code   RO         4524    i.USART2_IRQHandler  driveruart.o
    0x08003ebc   0x08003ebc   0x000000e0   Code   RO         4525    i.USART2_Init       driveruart.o
    0x08003f9c   0x08003f9c   0x0000003c   Code   RO         4526    i.USART3_DMA_RX_Data  driveruart.o
    0x08003fd8   0x08003fd8   0x00000040   Code   RO         4527    i.USART3_DMA_TX_Data  driveruart.o
    0x08004018   0x08004018   0x000000d0   Code   RO         4528    i.USART3_DMA_config  driveruart.o
    0x080040e8   0x080040e8   0x0000003c   Code   RO         4529    i.USART3_IRQHandler  driveruart.o
    0x08004124   0x08004124   0x000000e8   Code   RO         4530    i.USART3_Init       driveruart.o
    0x0800420c   0x0800420c   0x00000018   Code   RO         3919    i.USART_Cmd         stm32f10x_usart.o
    0x08004224   0x08004224   0x00000012   Code   RO         3920    i.USART_DMACmd      stm32f10x_usart.o
    0x08004236   0x08004236   0x0000001a   Code   RO         3922    i.USART_GetFlagStatus  stm32f10x_usart.o
    0x08004250   0x08004250   0x00000054   Code   RO         3923    i.USART_GetITStatus  stm32f10x_usart.o
    0x080042a4   0x080042a4   0x0000004a   Code   RO         3925    i.USART_ITConfig    stm32f10x_usart.o
    0x080042ee   0x080042ee   0x00000002   PAD
    0x080042f0   0x080042f0   0x000000d8   Code   RO         3926    i.USART_Init        stm32f10x_usart.o
    0x080043c8   0x080043c8   0x0000000a   Code   RO         3933    i.USART_ReceiveData  stm32f10x_usart.o
    0x080043d2   0x080043d2   0x00000008   Code   RO         3936    i.USART_SendData    stm32f10x_usart.o
    0x080043da   0x080043da   0x00000004   Code   RO         4213    i.UsageFault_Handler  stm32f10x_it.o
    0x080043de   0x080043de   0x00000002   PAD
    0x080043e0   0x080043e0   0x00000014   Code   RO         5021    i._DRVTIMER_AddTimer  drivertimer.o
    0x080043f4   0x080043f4   0x0000000a   Code   RO         4454    i._FLASH_Close      driverflash.o
    0x080043fe   0x080043fe   0x00000002   PAD
    0x08004400   0x08004400   0x000000d4   Code   RO         4455    i._FLASH_Ioctl      driverflash.o
    0x080044d4   0x080044d4   0x00000004   Code   RO         4456    i._FLASH_Open       driverflash.o
    0x080044d8   0x080044d8   0x00000048   Code   RO         4457    i._Flash_Write_Without_check  driverflash.o
    0x08004520   0x08004520   0x00000198   Code   RO           43    i._GatewayHeartbeat  apll.o
    0x080046b8   0x080046b8   0x00000004   Code   RO         4673    i._Gps_Close        drivergprs.o
    0x080046bc   0x080046bc   0x00000040   Code   RO         4674    i._Gps_Ioctl        drivergprs.o
    0x080046fc   0x080046fc   0x0000003c   Code   RO         4675    i._Gps_Open         drivergprs.o
    0x08004738   0x08004738   0x0000001c   Code   RO         4676    i._Gps_Pop          drivergprs.o
    0x08004754   0x08004754   0x00000068   Code   RO         4677    i._Gps_Read         drivergprs.o
    0x080047bc   0x080047bc   0x0000002c   Code   RO         4678    i._Gps_Write        drivergprs.o
    0x080047e8   0x080047e8   0x00000060   Code   RO         4458    i._MCUFlash_Erash   driverflash.o
    0x08004848   0x08004848   0x00000024   Code   RO         4459    i._MCUFlash_Read    driverflash.o
    0x0800486c   0x0800486c   0x0000011c   Code   RO         4460    i._MCUFlash_Write   driverflash.o
    0x08004988   0x08004988   0x00000004   Code   RO         4320    i._NET_Close        drivernetwork.o
    0x0800498c   0x0800498c   0x0000003c   Code   RO         4321    i._NET_Open         drivernetwork.o
    0x080049c8   0x080049c8   0x00000014   Code   RO         4322    i._NET_Pop          drivernetwork.o
    0x080049dc   0x080049dc   0x00000070   Code   RO         4323    i._NET_Read         drivernetwork.o
    0x08004a4c   0x08004a4c   0x0000002c   Code   RO         4324    i._NET_Write        drivernetwork.o
    0x08004a78   0x08004a78   0x000000e6   Code   RO         5101    i._SHEET_Create     sheet.o
    0x08004b5e   0x08004b5e   0x0000002c   Code   RO         5104    i._SHEET_GetSheetPoint  sheet.o
    0x08004b8a   0x08004b8a   0x0000009c   Code   RO         5105    i._SHEET_Initial    sheet.o
    0x08004c26   0x08004c26   0x00000002   PAD
    0x08004c28   0x08004c28   0x00000124   Code   RO         5107    i._SHEET_Query      sheet.o
    0x08004d4c   0x08004d4c   0x00000058   Code   RO         5108    i._SHEET_QueryHead  sheet.o
    0x08004da4   0x08004da4   0x000000e0   Code   RO         5109    i._SHEET_Update     sheet.o
    0x08004e84   0x08004e84   0x00000004   Code   RO         4417    i._Temper_Close     drivertemper.o
    0x08004e88   0x08004e88   0x00000006   Code   RO         4418    i._Temper_Ioctl     drivertemper.o
    0x08004e8e   0x08004e8e   0x00000004   Code   RO         4419    i._Temper_Open      drivertemper.o
    0x08004e92   0x08004e92   0x00000004   Code   RO         4420    i._Temper_Pop       drivertemper.o
    0x08004e96   0x08004e96   0x00000020   Code   RO         4421    i._Temper_Read      drivertemper.o
    0x08004eb6   0x08004eb6   0x00000002   PAD
    0x08004eb8   0x08004eb8   0x0000001c   Code   RO           44    i._TestTimer        apll.o
    0x08004ed4   0x08004ed4   0x00000020   Code   RO         5549    i.__0printf         mc_w.l(printfa.o)
    0x08004ef4   0x08004ef4   0x00000028   Code   RO         5551    i.__0sprintf        mc_w.l(printfa.o)
    0x08004f1c   0x08004f1c   0x0000005c   Code   RO         5581    i.__free$realloc    mc_w.l(mallocr.o)
    0x08004f78   0x08004f78   0x00000050   Code   RO         5582    i.__malloc$realloc  mc_w.l(mallocr.o)
    0x08004fc8   0x08004fc8   0x0000000e   Code   RO         5684    i.__scatterload_copy  mc_w.l(handlers.o)
    0x08004fd6   0x08004fd6   0x00000002   Code   RO         5685    i.__scatterload_null  mc_w.l(handlers.o)
    0x08004fd8   0x08004fd8   0x0000000e   Code   RO         5686    i.__scatterload_zeroinit  mc_w.l(handlers.o)
    0x08004fe6   0x08004fe6   0x00000002   PAD
    0x08004fe8   0x08004fe8   0x00000184   Code   RO         5556    i._fp_digits        mc_w.l(printfa.o)
    0x0800516c   0x0800516c   0x0000000e   Code   RO         5609    i._is_digit         mc_w.l(scanf_fp.o)
    0x0800517a   0x0800517a   0x00000002   PAD
    0x0800517c   0x0800517c   0x000006dc   Code   RO         5557    i._printf_core      mc_w.l(printfa.o)
    0x08005858   0x08005858   0x00000024   Code   RO         5558    i._printf_post_padding  mc_w.l(printfa.o)
    0x0800587c   0x0800587c   0x0000002e   Code   RO         5559    i._printf_pre_padding  mc_w.l(printfa.o)
    0x080058aa   0x080058aa   0x0000000a   Code   RO         5561    i._sputc            mc_w.l(printfa.o)
    0x080058b4   0x080058b4   0x0000002e   Code   RO          259    i.add_item_to_array  cjson.o
    0x080058e2   0x080058e2   0x00000076   Code   RO          260    i.add_item_to_object  cjson.o
    0x08005958   0x08005958   0x0000003a   Code   RO          261    i.buffer_skip_whitespace  cjson.o
    0x08005992   0x08005992   0x00000002   PAD
    0x08005994   0x08005994   0x0000003c   Code   RO          271    i.cJSON_AddNumberToObject  cjson.o
    0x080059d0   0x080059d0   0x00000034   Code   RO          274    i.cJSON_AddStringToObject  cjson.o
    0x08005a04   0x08005a04   0x00000064   Code   RO          285    i.cJSON_CreateNumber  cjson.o
    0x08005a68   0x08005a68   0x00000018   Code   RO          286    i.cJSON_CreateObject  cjson.o
    0x08005a80   0x08005a80   0x00000034   Code   RO          289    i.cJSON_CreateString  cjson.o
    0x08005ab4   0x08005ab4   0x00000058   Code   RO          293    i.cJSON_Delete      cjson.o
    0x08005b0c   0x08005b0c   0x00000012   Code   RO          305    i.cJSON_GetObjectItem  cjson.o
    0x08005b1e   0x08005b1e   0x0000001a   Code   RO          322    i.cJSON_New_Item    cjson.o
    0x08005b38   0x08005b38   0x00000010   Code   RO          323    i.cJSON_Parse       cjson.o
    0x08005b48   0x08005b48   0x000000d4   Code   RO          324    i.cJSON_ParseWithOpts  cjson.o
    0x08005c1c   0x08005c1c   0x00000014   Code   RO          328    i.cJSON_PrintUnformatted  cjson.o
    0x08005c30   0x08005c30   0x00000038   Code   RO          337    i.cJSON_strdup      cjson.o
    0x08005c68   0x08005c68   0x00000048   Code   RO          338    i.case_insensitive_strcmp  cjson.o
    0x08005cb0   0x08005cb0   0x00000002   Code   RO          339    i.cast_away_const   cjson.o
    0x08005cb2   0x08005cb2   0x000000ba   Code   RO          341    i.ensure            cjson.o
    0x08005d6c   0x08005d6c   0x00000024   Code   RO         4642    i.fputc             driverdebug.o
    0x08005d90   0x08005d90   0x00000004   Code   RO          343    i.get_decimal_point  cjson.o
    0x08005d94   0x08005d94   0x00000052   Code   RO          344    i.get_object_item   cjson.o
    0x08005de6   0x08005de6   0x00000002   PAD
    0x08005de8   0x08005de8   0x00000050   Code   RO         5583    i.internal_alloc    mc_w.l(mallocr.o)
    0x08005e38   0x08005e38   0x00000012   Code   RO         5228    i.list_del          timer.o
    0x08005e4a   0x08005e4a   0x00000024   Code   RO            1    i.main              main.o
    0x08005e6e   0x08005e6e   0x000000f4   Code   RO          346    i.parse_array       cjson.o
    0x08005f62   0x08005f62   0x0000005a   Code   RO          347    i.parse_hex4        cjson.o
    0x08005fbc   0x08005fbc   0x00000138   Code   RO          348    i.parse_number      cjson.o
    0x080060f4   0x080060f4   0x0000013a   Code   RO          349    i.parse_object      cjson.o
    0x0800622e   0x0800622e   0x0000018c   Code   RO          350    i.parse_string      cjson.o
    0x080063ba   0x080063ba   0x00000002   PAD
    0x080063bc   0x080063bc   0x0000013c   Code   RO          351    i.parse_value       cjson.o
    0x080064f8   0x080064f8   0x000000b2   Code   RO          352    i.print             cjson.o
    0x080065aa   0x080065aa   0x000000b2   Code   RO          353    i.print_array       cjson.o
    0x0800665c   0x0800665c   0x000000f4   Code   RO          354    i.print_number      cjson.o
    0x08006750   0x08006750   0x00000174   Code   RO          355    i.print_object      cjson.o
    0x080068c4   0x080068c4   0x00000010   Code   RO          356    i.print_string      cjson.o
    0x080068d4   0x080068d4   0x00000174   Code   RO          357    i.print_string_ptr  cjson.o
    0x08006a48   0x08006a48   0x00000104   Code   RO          358    i.print_value       cjson.o
    0x08006b4c   0x08006b4c   0x0000006c   Code   RO         5584    i.realloc           mc_w.l(mallocr.o)
    0x08006bb8   0x08006bb8   0x0000003c   Code   RO          362    i.skip_utf8_bom     cjson.o
    0x08006bf4   0x08006bf4   0x0000001c   Code   RO         5286    i.strtod            m_ws.l(strtod.o)
    0x08006c10   0x08006c10   0x00000006   Code   RO          363    i.suffix_object     cjson.o
    0x08006c16   0x08006c16   0x00000024   Code   RO          364    i.update_offset     cjson.o
    0x08006c3a   0x08006c3a   0x0000012c   Code   RO          365    i.utf16_literal_to_utf8  cjson.o
    0x08006d66   0x08006d66   0x00000040   Data   RO         5680    .constdata          mc_w.l(ctype_c.o)
    0x08006da6   0x08006da6   0x00000002   PAD
    0x08006da8   0x08006da8   0x0000004e   Data   RO         4643    .conststring        driverdebug.o
    0x08006df6   0x08006df6   0x00000002   PAD
    0x08006df8   0x08006df8   0x00000020   Data   RO         5682    Region$$Table       anon$$obj.o


    Execution Region RW_IRAM1 (Exec base: 0x20000000, Load base: 0x08006e18, Size: 0x000025d0, Max: 0x00005000, ABSOLUTE)

    Exec Addr    Load Addr    Size         Type   Attr      Idx    E Section Name        Object

    0x20000000   0x08006e18   0x00000005   Data   RW           45    .data               apll.o
    0x20000005   0x08006e1d   0x00000003   PAD
    0x20000008   0x08006e20   0x00000014   Data   RW          367    .data               cjson.o
    0x2000001c   0x08006e34   0x00000001   Data   RW          906    .data               endian_swap.o
    0x2000001d   0x08006e35   0x00000014   Data   RW         1523    .data               stm32f10x_rcc.o
    0x20000031   0x08006e49   0x00000003   PAD
    0x20000034   0x08006e4c   0x00000014   Data   RW         4160    .data               system_stm32f10x.o
    0x20000048   0x08006e60   0x00000002   Data   RW         4326    .data               drivernetwork.o
    0x2000004a   0x08006e62   0x00000009   Data   RW         4680    .data               drivergprs.o
    0x20000053   0x08006e6b   0x00000001   PAD
    0x20000054   0x08006e6c   0x00000008   Data   RW         4782    .data               driverfile.o
    0x2000005c   0x08006e74   0x00000008   Data   RW         4989    .data               drivertime.o
    0x20000064   0x08006e7c   0x00000008   Data   RW         5022    .data               drivertimer.o
    0x2000006c   0x08006e84   0x00000004   Data   RW         5639    .data               mc_w.l(stdout.o)
    0x20000070   0x08006e88   0x00000004   Data   RW         5646    .data               mc_w.l(mvars.o)
    0x20000074   0x08006e8c   0x00000004   Data   RW         5647    .data               mc_w.l(mvars.o)
    0x20000078        -       0x00000010   Zero   RW          131    .bss                database.o
    0x20000088        -       0x00000083   Zero   RW         4325    .bss                drivernetwork.o
    0x2000010b        -       0x00000400   Zero   RW         4461    .bss                driverflash.o
    0x2000050b        -       0x0000030c   Zero   RW         4531    .bss                driveruart.o
    0x20000817   0x08006e90   0x00000001   PAD
    0x20000818        -       0x000001a6   Zero   RW         4679    .bss                drivergprs.o
    0x200009be   0x08006e90   0x00000002   PAD
    0x200009c0        -       0x0000000c   Zero   RW         4952    .bss                driverrtc.o
    0x200009cc   0x08006e90   0x00000004   PAD
    0x200009d0        -       0x00000c00   Zero   RW         4280    HEAP                startup_stm32f10x_hd.o
    0x200015d0        -       0x00001000   Zero   RW         4279    STACK               startup_stm32f10x_hd.o


==============================================================================

Image component sizes


      Code (inc. data)   RO Data    RW Data    ZI Data      Debug   Object Name

      1034        120          0          0          0       6567   allblemesh.o
        96          6          0          0          0       1728   allgprs.o
      1210        196          0          5          0      12895   apll.o
      4986        170          0         20          0      30445   cjson.o
         0          0          0          0          0         32   core_cm3.o
       220         40          0          0         16       3476   database.o
       172         54          0          0          0       3217   driverblemesh.o
       184         20         78          0          0       2417   driverdebug.o
       304         24          0          8          0       3624   driverfile.o
       786         36          0          0       1024      22775   driverflash.o
      2332        686          0          9        422      11442   drivergprs.o
         0          0          0          0          0        652   driveriwdog.o
       592          0          0          0          0       7461   drivermanager.o
       756         86          0          2        131       6822   drivernetwork.o
       146         32          0          0          0       3539   driverpressure.o
        16          6          0          0         12        667   driverrtc.o
       138         26          0          0          0       3493   drivertemper.o
       216         22          0          8          0       2552   drivertime.o
       184         24          0          8          0       3764   drivertimer.o
      2500        262          0          0        780      14048   driveruart.o
        44         10          0          1          0        719   endian_swap.o
        36          0          0          0          0       4727   main.o
       132         22          0          0          0     224971   misc.o
       266          0          0          0          0       3052   queue.o
      1436         50          0          0          0      11243   sheet.o
        36          8        304          0       7168        888   startup_stm32f10x_hd.o
       514         26          0          0          0      15836   stm32f10x_dma.o
       286         36          0          0          0      10556   stm32f10x_flash.o
       422          6          0          0          0       2898   stm32f10x_gpio.o
        32          0          0          0          0       4402   stm32f10x_it.o
       308         38          0         20          0       5162   stm32f10x_rcc.o
       460          6          0          0          0      13152   stm32f10x_usart.o
       612         62          0         20          0      19655   system_stm32f10x.o
       464          0          0          0          0       7377   timer.o

    ----------------------------------------------------------------------
     20962       2074        416        108       9560     466254   Object Totals
         0          0         32          0          0          0   (incl. Generated)
        42          0          2          7          7          0   (incl. Padding)

    ----------------------------------------------------------------------

      Code (inc. data)   RO Data    RW Data    ZI Data      Debug   Library Member Name

        28          0          0          0          0         80   strtod.o
        56          8          0          0          0         84   __0sscanf.o
       812          4          0          0          0        112   _scanf.o
        64          0          0          0          0         84   _sgetc.o
        40          6         64          0          0         68   ctype_c.o
         0          0          0          0          0          0   entry.o
         0          0          0          0          0          0   entry10a.o
         0          0          0          0          0          0   entry11a.o
         8          4          0          0          0          0   entry2.o
         4          0          0          0          0          0   entry5.o
         0          0          0          0          0          0   entry7b.o
         0          0          0          0          0          0   entry8b.o
         8          4          0          0          0          0   entry9a.o
        30          0          0          0          0          0   handlers.o
        36          8          0          0          0         68   init.o
        10          0          0          0          0         68   isspace_c.o
         0          0          0          0          0          0   iusefp.o
        30          0          0          0          0         68   llshl.o
        36          0          0          0          0         68   llsshr.o
        32          0          0          0          0         68   llushr.o
       360         30          0          0          0        356   mallocr.o
        36          0          0          0          0         68   memcpya.o
        36          0          0          0          0        108   memseta.o
         0          0          0          8          0          0   mvars.o
      2308         96          0          0          0        604   printfa.o
        40          8          0          0          0         84   scanf_char.o
       878         12          0          0          0        216   scanf_fp.o
         0          0          0          4          0          0   stdout.o
        24          0          0          0          0         68   strcat.o
        28          0          0          0          0         76   strcmp.o
        18          0          0          0          0         68   strcpy.o
        14          0          0          0          0         68   strlen.o
        30          0          0          0          0         80   strncmp.o
        24          0          0          0          0         76   strncpy.o
        36          0          0          0          0         80   strstr.o
       156         12          0          0          0        120   strtod.o
        12          0          0          0          0         68   tolower.o
        44          0          0          0          0         80   uidiv.o
        98          0          0          0          0         92   uldiv.o
        48          0          0          0          0         68   cdcmple.o
        48          0          0          0          0         68   cdrcmple.o
        56          0          0          0          0         88   d2f.o
       334          0          0          0          0        148   dadd.o
       222          0          0          0          0        100   ddiv.o
       186          0          0          0          0        176   depilogue.o
        62          0          0          0          0         80   dfixi.o
        48          0          0          0          0         68   dfixul.o
        26          0          0          0          0         76   dfltui.o
        24          0          0          0          0         76   dfltul.o
       228          0          0          0          0         96   dmul.o
       110          0          0          0          0        168   fepilogue.o

    ----------------------------------------------------------------------
      6740        192         66         12          0       4292   Library Totals
        12          0          2          0          0          0   (incl. Padding)

    ----------------------------------------------------------------------

      Code (inc. data)   RO Data    RW Data    ZI Data      Debug   Library Name

        28          0          0          0          0         80   m_ws.l
      5308        192         64         12          0       3000   mc_w.l
      1392          0          0          0          0       1212   mf_w.l

    ----------------------------------------------------------------------
      6740        192         66         12          0       4292   Library Totals

    ----------------------------------------------------------------------

==============================================================================


      Code (inc. data)   RO Data    RW Data    ZI Data      Debug   

     27702       2266        482        120       9560     456866   Grand Totals
     27702       2266        482        120       9560     456866   ELF Image Totals
     27702       2266        482        120          0          0   ROM Totals

==============================================================================

    Total RO  Size (Code + RO Data)                28184 (  27.52kB)
    Total RW  Size (RW Data + ZI Data)              9680 (   9.45kB)
    Total ROM Size (Code + RO Data + RW Data)      28304 (  27.64kB)

==============================================================================

