Component: ARM Compiler 5.06 update 5 (build 528) Tool: armlink [4d35e2]

==============================================================================

Section Cross References

    main.o(i.main) refers to apll.o(i.ALL_Init) for ALL_Init
    main.o(i.main) refers to apll.o(i.ALL_Run) for ALL_Run
    main.o(i.main) refers to apll.o(i.ALL_DeInit) for ALL_DeInit
    apll.o(i.ALL_DeInit) refers to timer.o(i.MDL_TIMER_UnInit) for MDL_TIMER_UnInit
    apll.o(i.ALL_DeInit) refers to drivermanager.o(i.MDL_DRIVERMGR_Close) for MDL_DRIVERMGR_Close
    apll.o(i.ALL_DeInit) refers to drivermanager.o(i.MDL_DRIVERMGR_DeInit) for MDL_DRIVERMGR_DeInit
    apll.o(i.ALL_DeInit) refers to mallocr.o(i.__free$realloc) for free
    apll.o(i.ALL_DefaultSysConfig) refers to database.o(i.ALL_DB_GetSysConfig) for ALL_DB_GetSysConfig
    apll.o(i.ALL_DefaultSysConfig) refers to database.o(i.ALL_DB_SetConfigDefault) for ALL_DB_SetConfigDefault
    apll.o(i.ALL_Init) refers to strcpy.o(.text) for strcpy
    apll.o(i.ALL_Init) refers to drivermanager.o(i.MDL_DRIVERMGR_Init) for MDL_DRIVERMGR_Init
    apll.o(i.ALL_Init) refers to database.o(i.ALL_DB_Init) for ALL_DB_Init
    apll.o(i.ALL_Init) refers to endian_swap.o(i.ENDIAN_SWAP_Init) for ENDIAN_SWAP_Init
    apll.o(i.ALL_Init) refers to apll.o(i.ALL_DefaultSysConfig) for ALL_DefaultSysConfig
    apll.o(i.ALL_Init) refers to database.o(i.ALL_DB_SetSysConfig) for ALL_DB_SetSysConfig
    apll.o(i.ALL_Init) refers to database.o(i.ALL_DB_GetSysConfig) for ALL_DB_GetSysConfig
    apll.o(i.ALL_Init) refers to apll.o(i.ALL_IsResetAllTable) for ALL_IsResetAllTable
    apll.o(i.ALL_Init) refers to mallocr.o(i.__malloc$realloc) for malloc
    apll.o(i.ALL_Init) refers to memseta.o(.text) for __aeabi_memclr4
    apll.o(i.ALL_Init) refers to drivermanager.o(i.MDL_DRIVERMGR_Open) for MDL_DRIVERMGR_Open
    apll.o(i.ALL_Init) refers to timer.o(i.MDL_TIMER_Init) for MDL_TIMER_Init
    apll.o(i.ALL_Init) refers to timer.o(i.MDL_TIMER_Add) for MDL_TIMER_Add
    apll.o(i.ALL_Init) refers to timer.o(i.MDL_TIMER_Start) for MDL_TIMER_Start
    apll.o(i.ALL_Init) refers to apll.o(i._TestTimer) for _TestTimer
    apll.o(i.ALL_Init) refers to allblemesh.o(i.ALL_BleMeshTxHeartbeat) for ALL_BleMeshTxHeartbeat
    apll.o(i.ALL_Init) refers to allblemesh.o(i.ALL_BleMeshHeartbeatTimeout) for ALL_BleMeshHeartbeatTimeout
    apll.o(i.ALL_Init) refers to apll.o(i._GatewayHeartbeat) for _GatewayHeartbeat
    apll.o(i.ALL_IsResetAllTable) refers to database.o(i.ALL_DB_GetSysConfig) for ALL_DB_GetSysConfig
    apll.o(i.ALL_IsResetAllTable) refers to database.o(i.ALL_DB_Init) for ALL_DB_Init
    apll.o(i.ALL_IsResetAllTable) refers to database.o(i.ALL_DB_SetSysConfig) for ALL_DB_SetSysConfig
    apll.o(i.ALL_Run) refers to printfa.o(i.__0printf) for __2printf
    apll.o(i.ALL_Run) refers to drivermanager.o(i.MDL_DRIVERMGR_Task) for MDL_DRIVERMGR_Task
    apll.o(i.ALL_Run) refers to apll.o(i.ALL_Task) for ALL_Task
    apll.o(i.ALL_Task) refers to memseta.o(.text) for __aeabi_memclr4
    apll.o(i.ALL_Task) refers to drivermanager.o(i.MDL_DRIVERMGR_GetTimeTick) for MDL_DRIVERMGR_GetTimeTick
    apll.o(i.ALL_Task) refers to timer.o(i.MDL_TIMER_Active) for MDL_TIMER_Active
    apll.o(i.ALL_Task) refers to drivermanager.o(i.MDL_DRIVERMGR_Pop) for MDL_DRIVERMGR_Pop
    apll.o(i.ALL_Task) refers to drivermanager.o(i.MDL_DRIVERMGR_Read) for MDL_DRIVERMGR_Read
    apll.o(i.ALL_Task) refers to memcpya.o(.text) for __aeabi_memcpy4
    apll.o(i.ALL_Task) refers to drivermanager.o(i.MDL_DRIVERMGR_Ioctl) for MDL_DRIVERMGR_Ioctl
    apll.o(i.ALL_Task) refers to allblemesh.o(i.ALL_BleMeshHandle) for ALL_BleMeshHandle
    apll.o(i._GatewayHeartbeat) refers to memseta.o(.text) for __aeabi_memclr4
    apll.o(i._GatewayHeartbeat) refers to strcpy.o(.text) for strcpy
    apll.o(i._GatewayHeartbeat) refers to strcat.o(.text) for strcat
    apll.o(i._GatewayHeartbeat) refers to drivermanager.o(i.MDL_DRIVERMGR_Ioctl) for MDL_DRIVERMGR_Ioctl
    apll.o(i._GatewayHeartbeat) refers to cjson.o(i.cJSON_CreateObject) for cJSON_CreateObject
    apll.o(i._GatewayHeartbeat) refers to cjson.o(i.cJSON_AddStringToObject) for cJSON_AddStringToObject
    apll.o(i._GatewayHeartbeat) refers to strlen.o(.text) for strlen
    apll.o(i._GatewayHeartbeat) refers to printfa.o(i.__0sprintf) for __2sprintf
    apll.o(i._GatewayHeartbeat) refers to cjson.o(i.cJSON_PrintUnformatted) for cJSON_PrintUnformatted
    apll.o(i._GatewayHeartbeat) refers to printfa.o(i.__0printf) for __2printf
    apll.o(i._GatewayHeartbeat) refers to drivermanager.o(i.MDL_DRIVERMGR_Write) for MDL_DRIVERMGR_Write
    apll.o(i._GatewayHeartbeat) refers to mallocr.o(i.__free$realloc) for free
    apll.o(i._GatewayHeartbeat) refers to cjson.o(i.cJSON_Delete) for cJSON_Delete
    apll.o(i._GatewayHeartbeat) refers to apll.o(.data) for u8StartupFlag
    apll.o(i._TestTimer) refers to printfa.o(i.__0printf) for __2printf
[...]
    i.USART2_DMA_RX_Data                     0x08003a58   Section        0  driveruart.o(i.USART2_DMA_RX_Data)
    USART2_DMA_RX_Data                       0x08003a59   Thumb Code    50  driveruart.o(i.USART2_DMA_RX_Data)
    i.USART2_DMA_TX_Data                     0x08003a94   Section        0  driveruart.o(i.USART2_DMA_TX_Data)
    USART2_DMA_TX_Data                       0x08003a95   Thumb Code    54  driveruart.o(i.USART2_DMA_TX_Data)
    i.USART2_DMA_config                      0x08003ad4   Section        0  driveruart.o(i.USART2_DMA_config)
    USART2_DMA_config                        0x08003ad5   Thumb Code   196  driveruart.o(i.USART2_DMA_config)
    i.USART2_IRQHandler                      0x08003ba4   Section        0  driveruart.o(i.USART2_IRQHandler)
    i.USART2_Init                            0x08003be0   Section        0  driveruart.o(i.USART2_Init)
    USART2_Init                              0x08003be1   Thumb Code   216  driveruart.o(i.USART2_Init)
    i.USART3_DMA_RX_Data                     0x08003cc0   Section        0  driveruart.o(i.USART3_DMA_RX_Data)
    USART3_DMA_RX_Data                       0x08003cc1   Thumb Code    50  driveruart.o(i.USART3_DMA_RX_Data)
    i.USART3_DMA_TX_Data                     0x08003cfc   Section        0  driveruart.o(i.USART3_DMA_TX_Data)
    USART3_DMA_TX_Data                       0x08003cfd   Thumb Code    56  driveruart.o(i.USART3_DMA_TX_Data)
    i.USART3_DMA_config                      0x08003d3c   Section        0  driveruart.o(i.USART3_DMA_config)
    USART3_DMA_config                        0x08003d3d   Thumb Code   194  driveruart.o(i.USART3_DMA_config)
    i.USART3_IRQHandler                      0x08003e0c   Section        0  driveruart.o(i.USART3_IRQHandler)
    i.USART3_Init                            0x08003e48   Section        0  driveruart.o(i.USART3_Init)
    USART3_Init                              0x08003e49   Thumb Code   220  driveruart.o(i.USART3_Init)
    i.USART_Cmd                              0x08003f30   Section        0  stm32f10x_usart.o(i.USART_Cmd)
    i.USART_DMACmd                           0x08003f48   Section        0  stm32f10x_usart.o(i.USART_DMACmd)
    i.USART_GetFlagStatus                    0x08003f5a   Section        0  stm32f10x_usart.o(i.USART_GetFlagStatus)
    i.USART_GetITStatus                      0x08003f74   Section        0  stm32f10x_usart.o(i.USART_GetITStatus)
    i.USART_ITConfig                         0x08003fc8   Section        0  stm32f10x_usart.o(i.USART_ITConfig)
    i.USART_Init                             0x08004014   Section        0  stm32f10x_usart.o(i.USART_Init)
    i.USART_ReceiveData                      0x080040ec   Section        0  stm32f10x_usart.o(i.USART_ReceiveData)
    i.USART_SendData                         0x080040f6   Section        0  stm32f10x_usart.o(i.USART_SendData)
    i.UsageFault_Handler                     0x080040fe   Section        0  stm32f10x_it.o(i.UsageFault_Handler)
    i._DRVTIMER_AddTimer                     0x08004104   Section        0  drivertimer.o(i._DRVTIMER_AddTimer)
    _DRVTIMER_AddTimer                       0x08004105   Thumb Code    14  drivertimer.o(i._DRVTIMER_AddTimer)
    i._FLASH_Close                           0x08004118   Section        0  driverflash.o(i._FLASH_Close)
    _FLASH_Close                             0x08004119   Thumb Code    10  driverflash.o(i._FLASH_Close)
    i._FLASH_Ioctl                           0x08004124   Section        0  driverflash.o(i._FLASH_Ioctl)
    _FLASH_Ioctl                             0x08004125   Thumb Code   206  driverflash.o(i._FLASH_Ioctl)
    i._FLASH_Open                            0x080041f8   Section        0  driverflash.o(i._FLASH_Open)
    _FLASH_Open                              0x080041f9   Thumb Code     4  driverflash.o(i._FLASH_Open)
    i._Flash_Write_Without_check             0x080041fc   Section        0  driverflash.o(i._Flash_Write_Without_check)
    _Flash_Write_Without_check               0x080041fd   Thumb Code    72  driverflash.o(i._Flash_Write_Without_check)
    i._GatewayHeartbeat                      0x08004244   Section        0  apll.o(i._GatewayHeartbeat)
    i._Gps_Close                             0x080043e4   Section        0  drivergprs.o(i._Gps_Close)
    _Gps_Close                               0x080043e5   Thumb Code     4  drivergprs.o(i._Gps_Close)
    i._Gps_Ioctl                             0x080043e8   Section        0  drivergprs.o(i._Gps_Ioctl)
    _Gps_Ioctl                               0x080043e9   Thumb Code    58  drivergprs.o(i._Gps_Ioctl)
    i._Gps_Open                              0x08004428   Section        0  drivergprs.o(i._Gps_Open)
    _Gps_Open                                0x08004429   Thumb Code    60  drivergprs.o(i._Gps_Open)
    i._Gps_Pop                               0x08004464   Section        0  drivergprs.o(i._Gps_Pop)
    _Gps_Pop                                 0x08004465   Thumb Code    24  drivergprs.o(i._Gps_Pop)
    i._Gps_Read                              0x08004480   Section        0  drivergprs.o(i._Gps_Read)
    _Gps_Read                                0x08004481   Thumb Code    90  drivergprs.o(i._Gps_Read)
    i._Gps_Write                             0x080044e8   Section        0  drivergprs.o(i._Gps_Write)
    _Gps_Write                               0x080044e9   Thumb Code    44  drivergprs.o(i._Gps_Write)
    i._MCUFlash_Erash                        0x08004514   Section        0  driverflash.o(i._MCUFlash_Erash)
    _MCUFlash_Erash                          0x08004515   Thumb Code    90  driverflash.o(i._MCUFlash_Erash)
    i._MCUFlash_Read                         0x08004574   Section        0  driverflash.o(i._MCUFlash_Read)
    _MCUFlash_Read                           0x08004575   Thumb Code    36  driverflash.o(i._MCUFlash_Read)
    i._MCUFlash_Write                        0x08004598   Section        0  driverflash.o(i._MCUFlash_Write)
    _MCUFlash_Write                          0x08004599   Thumb Code   280  driverflash.o(i._MCUFlash_Write)
    i._NET_Close                             0x080046b4   Section        0  drivernetwork.o(i._NET_Close)
    _NET_Close                               0x080046b5   Thumb Code     4  drivernetwork.o(i._NET_Close)
    i._NET_Open                              0x080046b8   Section        0  drivernetwork.o(i._NET_Open)
    _NET_Open                                0x080046b9   Thumb Code    56  drivernetwork.o(i._NET_Open)
    i._NET_Pop                               0x080046f4   Section        0  drivernetwork.o(i._NET_Pop)
    _NET_Pop                                 0x080046f5   Thumb Code    16  drivernetwork.o(i._NET_Pop)
    i._NET_Read                              0x08004708   Section        0  drivernetwork.o(i._NET_Read)
    _NET_Read                                0x08004709   Thumb Code    98  drivernetwork.o(i._NET_Read)
    i._NET_Write                             0x08004778   Section        0  drivernetwork.o(i._NET_Write)
    _NET_Write                               0x08004779   Thumb Code    44  drivernetwork.o(i._NET_Write)
    i._SHEET_Create                          0x080047a4   Section        0  sheet.o(i._SHEET_Create)
    _SHEET_Create                            0x080047a5   Thumb Code   230  sheet.o(i._SHEET_Create)
    i._SHEET_GetSheetPoint                   0x0800488a   Section        0  sheet.o(i._SHEET_GetSheetPoint)
    _SHEET_GetSheetPoint                     0x0800488b   Thumb Code    44  sheet.o(i._SHEET_GetSheetPoint)
    i._SHEET_Initial                         0x080048b6   Section        0  sheet.o(i._SHEET_Initial)
    _SHEET_Initial                           0x080048b7   Thumb Code   156  sheet.o(i._SHEET_Initial)
    i._SHEET_Query                           0x08004954   Section        0  sheet.o(i._SHEET_Query)
    _SHEET_Query                             0x08004955   Thumb Code   270  sheet.o(i._SHEET_Query)
    i._SHEET_QueryHead                       0x08004a78   Section        0  sheet.o(i._SHEET_QueryHead)
    _SHEET_QueryHead                         0x08004a79   Thumb Code    88  sheet.o(i._SHEET_QueryHead)
    i._SHEET_Update                          0x08004ad0   Section        0  sheet.o(i._SHEET_Update)
    _SHEET_Update                            0x08004ad1   Thumb Code   202  sheet.o(i._SHEET_Update)
    i._Temper_Close                          0x08004bb0   Section        0  drivertemper.o(i._Temper_Close)
    _Temper_Close                            0x08004bb1   Thumb Code     4  drivertemper.o(i._Temper_Close)
    i._Temper_Ioctl                          0x08004bb4   Section        0  drivertemper.o(i._Temper_Ioctl)
    _Temper_Ioctl                            0x08004bb5   Thumb Code     6  drivertemper.o(i._Temper_Ioctl)
    i._Temper_Open                           0x08004bba   Section        0  drivertemper.o(i._Temper_Open)
    _Temper_Open                             0x08004bbb   Thumb Code     4  drivertemper.o(i._Temper_Open)
    i._Temper_Pop                            0x08004bbe   Section        0  drivertemper.o(i._Temper_Pop)
    _Temper_Pop                              0x08004bbf   Thumb Code     4  drivertemper.o(i._Temper_Pop)
    i._Temper_Read                           0x08004bc2   Section        0  drivertemper.o(i._Temper_Read)
    _Temper_Read                             0x08004bc3   Thumb Code    32  drivertemper.o(i._Temper_Read)
    i._TestTimer                             0x08004be4   Section        0  apll.o(i._TestTimer)
    i.__0printf                              0x08004c00   Section        0  printfa.o(i.__0printf)
    i.__0sprintf                             0x08004c20   Section        0  printfa.o(i.__0sprintf)
    i.__free$realloc                         0x08004c48   Section        0  mallocr.o(i.__free$realloc)
    i.__malloc$realloc                       0x08004ca4   Section        0  mallocr.o(i.__malloc$realloc)
    i.__scatterload_copy                     0x08004cf4   Section       14  handlers.o(i.__scatterload_copy)
    i.__scatterload_null                     0x08004d02   Section        2  handlers.o(i.__scatterload_null)
    i.__scatterload_zeroinit                 0x08004d04   Section       14  handlers.o(i.__scatterload_zeroinit)
    i._fp_digits                             0x08004d14   Section        0  printfa.o(i._fp_digits)
    _fp_digits                               0x08004d15   Thumb Code   366  printfa.o(i._fp_digits)
    i._is_digit                              0x08004e98   Section        0  scanf_fp.o(i._is_digit)
    i._printf_core                           0x08004ea8   Section        0  printfa.o(i._printf_core)
    _printf_core                             0x08004ea9   Thumb Code  1744  printfa.o(i._printf_core)
    i._printf_post_padding                   0x08005584   Section        0  printfa.o(i._printf_post_padding)
    _printf_post_padding                     0x08005585   Thumb Code    36  printfa.o(i._printf_post_padding)
    i._printf_pre_padding                    0x080055a8   Section        0  printfa.o(i._printf_pre_padding)
    _printf_pre_padding                      0x080055a9   Thumb Code    46  printfa.o(i._printf_pre_padding)
    i._sputc                                 0x080055d6   Section        0  printfa.o(i._sputc)
    _sputc                                   0x080055d7   Thumb Code    10  printfa.o(i._sputc)
    i.add_item_to_array                      0x080055e0   Section        0  cjson.o(i.add_item_to_array)
    add_item_to_array                        0x080055e1   Thumb Code    46  cjson.o(i.add_item_to_array)
    i.add_item_to_object                     0x0800560e   Section        0  cjson.o(i.add_item_to_object)
    add_item_to_object                       0x0800560f   Thumb Code   118  cjson.o(i.add_item_to_object)
    i.cJSON_AddStringToObject                0x08005684   Section        0  cjson.o(i.cJSON_AddStringToObject)
    i.cJSON_CreateObject                     0x080056b8   Section        0  cjson.o(i.cJSON_CreateObject)
    i.cJSON_CreateString                     0x080056d0   Section        0  cjson.o(i.cJSON_CreateString)
    i.cJSON_Delete                           0x08005704   Section        0  cjson.o(i.cJSON_Delete)
    i.cJSON_New_Item                         0x0800575c   Section        0  cjson.o(i.cJSON_New_Item)
    cJSON_New_Item                           0x0800575d   Thumb Code    26  cjson.o(i.cJSON_New_Item)
    i.cJSON_PrintUnformatted                 0x08005778   Section        0  cjson.o(i.cJSON_PrintUnformatted)
    i.cJSON_strdup                           0x0800578c   Section        0  cjson.o(i.cJSON_strdup)
    cJSON_strdup                             0x0800578d   Thumb Code    56  cjson.o(i.cJSON_strdup)
    i.cast_away_const                        0x080057c4   Section        0  cjson.o(i.cast_away_const)
    cast_away_const                          0x080057c5   Thumb Code     2  cjson.o(i.cast_away_const)
    i.ensure                                 0x080057c6   Section        0  cjson.o(i.ensure)
    ensure                                   0x080057c7   Thumb Code   186  cjson.o(i.ensure)
    i.fputc                                  0x08005880   Section        0  driverdebug.o(i.fputc)
    i.get_decimal_point                      0x080058a4   Section        0  cjson.o(i.get_decimal_point)
    get_decimal_point                        0x080058a5   Thumb Code     4  cjson.o(i.get_decimal_point)
    i.internal_alloc                         0x080058a8   Section        0  mallocr.o(i.internal_alloc)
    internal_alloc                           0x080058a9   Thumb Code    76  mallocr.o(i.internal_alloc)
    i.list_del                               0x080058f8   Section        0  timer.o(i.list_del)
    list_del                                 0x080058f9   Thumb Code    18  timer.o(i.list_del)
    i.main                                   0x0800590a   Section        0  main.o(i.main)
    i.print                                  0x0800592e   Section        0  cjson.o(i.print)
    print                                    0x0800592f   Thumb Code   178  cjson.o(i.print)
    i.print_array                            0x080059e0   Section        0  cjson.o(i.print_array)
    print_array                              0x080059e1   Thumb Code   178  cjson.o(i.print_array)
    i.print_number                           0x08005a94   Section        0  cjson.o(i.print_number)
    print_number                             0x08005a95   Thumb Code   216  cjson.o(i.print_number)
    i.print_object                           0x08005b88   Section        0  cjson.o(i.print_object)
    print_object                             0x08005b89   Thumb Code   372  cjson.o(i.print_object)
    i.print_string                           0x08005cfc   Section        0  cjson.o(i.print_string)
    print_string                             0x08005cfd   Thumb Code    16  cjson.o(i.print_string)
    i.print_string_ptr                       0x08005d0c   Section        0  cjson.o(i.print_string_ptr)
    print_string_ptr                         0x08005d0d   Thumb Code   360  cjson.o(i.print_string_ptr)
    i.print_value                            0x08005e80   Section        0  cjson.o(i.print_value)
    print_value                              0x08005e81   Thumb Code   236  cjson.o(i.print_value)
    i.realloc                                0x08005f84   Section        0  mallocr.o(i.realloc)
    i.suffix_object                          0x08005ff0   Section        0  cjson.o(i.suffix_object)
    suffix_object                            0x08005ff1   Thumb Code     6  cjson.o(i.suffix_object)
    i.update_offset                          0x08005ff6   Section        0  cjson.o(i.update_offset)
    update_offset                            0x08005ff7   Thumb Code    36  cjson.o(i.update_offset)
    .constdata                               0x0800601a   Section       64  ctype_c.o(.constdata)
    .conststring                             0x0800605c   Section       78  driverdebug.o(.conststring)
    .data                                    0x20000000   Section        5  apll.o(.data)
    u32Battery                               0x20000000   Data           4  apll.o(.data)
    u8StartupFlag                            0x20000004   Data           1  apll.o(.data)
    .data                                    0x20000008   Section       20  cjson.o(.data)
    global_error                             0x20000008   Data           8  cjson.o(.data)
    global_hooks                             0x20000010   Data          12  cjson.o(.data)
    .data                                    0x2000001c   Section        1  endian_swap.o(.data)
    s_bIsBig                                 0x2000001c   Data           1  endian_swap.o(.data)
    .data                                    0x2000001d   Section       20  stm32f10x_rcc.o(.data)
    APBAHBPrescTable                         0x2000001d   Data          16  stm32f10x_rcc.o(.data)
    ADCPrescTable                            0x2000002d   Data           4  stm32f10x_rcc.o(.data)
    .data                                    0x20000034   Section       20  system_stm32f10x.o(.data)
    .data                                    0x20000048   Section        2  drivernetwork.o(.data)
    u8NETReadPopFlag                         0x20000048   Data           1  drivernetwork.o(.data)
    u8NETReadLen                             0x20000049   Data           1  drivernetwork.o(.data)
    .data                                    0x2000004a   Section        8  drivergprs.o(.data)
    stCtl                                    0x2000004a   Data           5  drivergprs.o(.data)
    u8GpsReadPopFlag                         0x2000004f   Data           1  drivergprs.o(.data)
    u8GpsReadLen                             0x20000050   Data           1  drivergprs.o(.data)
    u8Return                                 0x20000051   Data           1  drivergprs.o(.data)
    .data                                    0x20000054   Section        8  driverfile.o(.data)
    g_stFileManager                          0x20000054   Data           8  driverfile.o(.data)
    .data                                    0x2000005c   Section        8  drivertime.o(.data)
    g_stTimeTick                             0x2000005c   Data           8  drivertime.o(.data)
    .data                                    0x20000064   Section        8  drivertimer.o(.data)
    g_stTimerQueue                           0x20000064   Data           8  drivertimer.o(.data)
    .data                                    0x2000006c   Section        4  stdout.o(.data)
    .data                                    0x20000070   Section        4  mvars.o(.data)
    .data                                    0x20000074   Section        4  mvars.o(.data)
    .bss                                     0x20000078   Section       16  database.o(.bss)
    stDbHandle                               0x20000078   Data          16  database.o(.bss)
    .bss                                     0x20000088   Section      131  drivernetwork.o(.bss)
    stNETRx                                  0x20000088   Data          67  drivernetwork.o(.bss)
    u8NETReadBuf                             0x200000cb   Data          64  drivernetwork.o(.bss)
    .bss                                     0x2000010b   Section     1024  driverflash.o(.bss)
    MCUFlashPageBuf                          0x2000010b   Data        1024  driverflash.o(.bss)
    .bss                                     0x2000050b   Section      780  driveruart.o(.bss)
    stUart1Handle                            0x2000050b   Data         260  driveruart.o(.bss)
    stUart2Handle                            0x2000060f   Data         260  driveruart.o(.bss)
    stUart3Handle                            0x20000713   Data         260  driveruart.o(.bss)
    .bss                                     0x20000818   Section      422  drivergprs.o(.bss)
    stRx                                     0x20000818   Data         322  drivergprs.o(.bss)
    u8GpsReadBuf                             0x2000095a   Data         100  drivergprs.o(.bss)
    .bss                                     0x200009c0   Section       12  driverrtc.o(.bss)
    g_stRtcModule                            0x200009c0   Data          12  driverrtc.o(.bss)
    HEAP                                     0x200009d0   Section     3072  startup_stm32f10x_hd.o(HEAP)
    STACK                                    0x200015d0   Section     4096  startup_stm32f10x_hd.o(STACK)

    Global Symbols

    Symbol Name                              Value     Ov Type        Size  Object(Section)

    BuildAttributes$$THM_ISAv4$P$D$K$B$S$PE$A:L22UL41UL21$X:L11$S22US41US21$IEEE1$IW$USESV6$~STKCKD$USESV7$~SHL$OTIME$ROPI$IEEEJ$EBA8$MICROLIB$REQ8$PRES8$EABIv2 0x00000000   Number         0  anon$$obj.o ABSOLUTE
    __ARM_use_no_argv                        0x00000000   Number         0  main.o ABSOLUTE
    _printf_a                                0x00000000   Number         0  stubs.o ABSOLUTE
    _printf_c                                0x00000000   Number         0  stubs.o ABSOLUTE
    _printf_charcount                        0x00000000   Number         0  stubs.o ABSOLUTE
    _printf_d                                0x00000000   Number         0  stubs.o ABSOLUTE
    _printf_e                                0x00000000   Number         0  stubs.o ABSOLUTE
    _printf_f                                0x00000000   Number         0  stubs.o ABSOLUTE
    _printf_flags                            0x00000000   Number         0  stubs.o ABSOLUTE
    _printf_fp_dec                           0x00000000   Number         0  stubs.o ABSOLUTE
    _printf_fp_hex                           0x00000000   Number         0  stubs.o ABSOLUTE
    _printf_g                                0x00000000   Number         0  stubs.o ABSOLUTE
    _printf_i                                0x00000000   Number         0  stubs.o ABSOLUTE
    _printf_int_dec                          0x00000000   Number         0  stubs.o ABSOLUTE
    _printf_l                                0x00000000   Number         0  stubs.o ABSOLUTE
    _printf_lc                               0x00000000   Number         0  stubs.o ABSOLUTE
    _printf_ll                               0x00000000   Number         0  stubs.o ABSOLUTE
    _printf_lld                              0x00000000   Number         0  stubs.o ABSOLUTE
    _printf_lli                              0x00000000   Number         0  stubs.o ABSOLUTE
    _printf_llo                              0x00000000   Number         0  stubs.o ABSOLUTE
    _printf_llu                              0x00000000   Number         0  stubs.o ABSOLUTE
    _printf_llx                              0x00000000   Number         0  stubs.o ABSOLUTE
    _printf_longlong_dec                     0x00000000   Number         0  stubs.o ABSOLUTE
    _printf_longlong_hex                     0x00000000   Number         0  stubs.o ABSOLUTE
    _printf_longlong_oct                     0x00000000   Number         0  stubs.o ABSOLUTE
    _printf_ls                               0x00000000   Number         0  stubs.o ABSOLUTE
    _printf_mbtowc                           0x00000000   Number         0  stubs.o ABSOLUTE
    _printf_n                                0x00000000   Number         0  stubs.o ABSOLUTE
    _printf_o                                0x00000000   Number         0  stubs.o ABSOLUTE
    _printf_p                                0x00000000   Number         0  stubs.o ABSOLUTE
    _printf_percent                          0x00000000   Number         0  stubs.o ABSOLUTE
    _printf_pre_padding                      0x00000000   Number         0  stubs.o ABSOLUTE
    _printf_return_value                     0x00000000   Number         0  stubs.o ABSOLUTE
    _printf_s                                0x00000000   Number         0  stubs.o ABSOLUTE
    _printf_sizespec                         0x00000000   Number         0  stubs.o ABSOLUTE
    _printf_str                              0x00000000   Number         0  stubs.o ABSOLUTE
    _printf_truncate_signed                  0x00000000   Number         0  stubs.o ABSOLUTE
    _printf_truncate_unsigned                0x00000000   Number         0  stubs.o ABSOLUTE
    _printf_u                                0x00000000   Number         0  stubs.o ABSOLUTE
    _printf_wc                               0x00000000   Number         0  stubs.o ABSOLUTE
    _printf_wctomb                           0x00000000   Number         0  stubs.o ABSOLUTE
    _printf_widthprec                        0x00000000   Number         0  stubs.o ABSOLUTE
    _printf_x                                0x00000000   Number         0  stubs.o ABSOLUTE
    __cpp_initialize__aeabi_                  - Undefined Weak Reference
    __cxa_finalize                            - Undefined Weak Reference
    __decompress                              - Undefined Weak Reference
    _clock_init                               - Undefined Weak Reference
    _microlib_exit                            - Undefined Weak Reference
    _scanf_int                                - Undefined Weak Reference
    _scanf_longlong                           - Undefined Weak Reference
    _scanf_string                             - Undefined Weak Reference
    __Vectors_Size                           0x00000130   Number         0  startup_stm32f10x_hd.o ABSOLUTE
    __Vectors                                0x08000000   Data           4  startup_stm32f10x_hd.o(RESET)
    __Vectors_End                            0x08000130   Data           0  startup_stm32f10x_hd.o(RESET)
    __main                                   0x08000131   Thumb Code     0  entry.o(.ARM.Collect$$$$00000000)
    _main_stk                                0x08000131   Thumb Code     0  entry2.o(.ARM.Collect$$$$00000001)
    _main_scatterload                        0x08000135   Thumb Code     0  entry5.o(.ARM.Collect$$$$00000004)
    __main_after_scatterload                 0x08000139   Thumb Code     0  entry5.o(.ARM.Collect$$$$00000004)
    _main_clock                              0x08000139   Thumb Code     0  entry7b.o(.ARM.Collect$$$$00000008)
    _main_cpp_init                           0x08000139   Thumb Code     0  entry8b.o(.ARM.Collect$$$$0000000A)
    _main_init                               0x08000139   Thumb Code     0  entry9a.o(.ARM.Collect$$$$0000000B)
    __rt_final_cpp                           0x08000141   Thumb Code     0  entry10a.o(.ARM.Collect$$$$0000000D)
    __rt_final_exit                          0x08000141   Thumb Code     0  entry11a.o(.ARM.Collect$$$$0000000F)
    Reset_Handler                            0x08000145   Thumb Code     8  startup_stm32f10x_hd.o(.text)
    ADC1_2_IRQHandler                        0x0800015f   Thumb Code     0  startup_stm32f10x_hd.o(.text)
    ADC3_IRQHandler                          0x0800015f   Thumb Code     0  startup_stm32f10x_hd.o(.text)
    CAN1_RX1_IRQHandler                      0x0800015f   Thumb Code     0  startup_stm32f10x_hd.o(.text)
    CAN1_SCE_IRQHandler                      0x0800015f   Thumb Code     0  startup_stm32f10x_hd.o(.text)
    DMA1_Channel1_IRQHandler                 0x0800015f   Thumb Code     0  startup_stm32f10x_hd.o(.text)
    DMA1_Channel3_IRQHandler                 0x0800015f   Thumb Code     0  startup_stm32f10x_hd.o(.text)
    DMA1_Channel5_IRQHandler                 0x0800015f   Thumb Code     0  startup_stm32f10x_hd.o(.text)
    DMA1_Channel6_IRQHandler                 0x0800015f   Thumb Code     0  startup_stm32f10x_hd.o(.text)
    DMA2_Channel1_IRQHandler                 0x0800015f   Thumb Code     0  startup_stm32f10x_hd.o(.text)
    DMA2_Channel2_IRQHandler                 0x0800015f   Thumb Code     0  startup_stm32f10x_hd.o(.text)
    DMA2_Channel3_IRQHandler                 0x0800015f   Thumb Code     0  startup_stm32f10x_hd.o(.text)
    DMA2_Channel4_5_IRQHandler               0x0800015f   Thumb Code     0  startup_stm32f10x_hd.o(.text)
    EXTI0_IRQHandler                         0x0800015f   Thumb Code     0  startup_stm32f10x_hd.o(.text)
    EXTI15_10_IRQHandler                     0x0800015f   Thumb Code     0  startup_stm32f10x_hd.o(.text)
    EXTI1_IRQHandler                         0x0800015f   Thumb Code     0  startup_stm32f10x_hd.o(.text)
    EXTI2_IRQHandler                         0x0800015f   Thumb Code     0  startup_stm32f10x_hd.o(.text)
    EXTI3_IRQHandler                         0x0800015f   Thumb Code     0  startup_stm32f10x_hd.o(.text)
    EXTI4_IRQHandler                         0x0800015f   Thumb Code     0  startup_stm32f10x_hd.o(.text)
    EXTI9_5_IRQHandler                       0x0800015f   Thumb Code     0  startup_stm32f10x_hd.o(.text)
    FLASH_IRQHandler                         0x0800015f   Thumb Code     0  startup_stm32f10x_hd.o(.text)
    FSMC_IRQHandler                          0x0800015f   Thumb Code     0  startup_stm32f10x_hd.o(.text)
    I2C1_ER_IRQHandler                       0x0800015f   Thumb Code     0  startup_stm32f10x_hd.o(.text)
    I2C1_EV_IRQHandler                       0x0800015f   Thumb Code     0  startup_stm32f10x_hd.o(.text)
    I2C2_ER_IRQHandler                       0x0800015f   Thumb Code     0  startup_stm32f10x_hd.o(.text)
    I2C2_EV_IRQHandler                       0x0800015f   Thumb Code     0  startup_stm32f10x_hd.o(.text)
    PVD_IRQHandler                           0x0800015f   Thumb Code     0  startup_stm32f10x_hd.o(.text)
    RCC_IRQHandler                           0x0800015f   Thumb Code     0  startup_stm32f10x_hd.o(.text)
    RTCAlarm_IRQHandler                      0x0800015f   Thumb Code     0  startup_stm32f10x_hd.o(.text)
    RTC_IRQHandler                           0x0800015f   Thumb Code     0  startup_stm32f10x_hd.o(.text)
    SDIO_IRQHandler                          0x0800015f   Thumb Code     0  startup_stm32f10x_hd.o(.text)
    SPI1_IRQHandler                          0x0800015f   Thumb Code     0  startup_stm32f10x_hd.o(.text)
    SPI2_IRQHandler                          0x0800015f   Thumb Code     0  startup_stm32f10x_hd.o(.text)
    SPI3_IRQHandler                          0x0800015f   Thumb Code     0  startup_stm32f10x_hd.o(.text)
    TAMPER_IRQHandler                        0x0800015f   Thumb Code     0  startup_stm32f10x_hd.o(.text)
    TIM1_BRK_IRQHandler                      0x0800015f   Thumb Code     0  startup_stm32f10x_hd.o(.text)
    TIM1_CC_IRQHandler                       0x0800015f   Thumb Code     0  startup_stm32f10x_hd.o(.text)
    TIM1_TRG_COM_IRQHandler                  0x0800015f   Thumb Code     0  startup_stm32f10x_hd.o(.text)
    TIM1_UP_IRQHandler                       0x0800015f   Thumb Code     0  startup_stm32f10x_hd.o(.text)
    TIM2_IRQHandler                          0x0800015f   Thumb Code     0  startup_stm32f10x_hd.o(.text)
    TIM3_IRQHandler                          0x0800015f   Thumb Code     0  startup_stm32f10x_hd.o(.text)
    TIM4_IRQHandler                          0x0800015f   Thumb Code     0  startup_stm32f10x_hd.o(.text)
    TIM5_IRQHandler                          0x0800015f   Thumb Code     0  startup_stm32f10x_hd.o(.text)
    TIM6_IRQHandler                          0x0800015f   Thumb Code     0  startup_stm32f10x_hd.o(.text)
    TIM7_IRQHandler                          0x0800015f   Thumb Code     0  startup_stm32f10x_hd.o(.text)
    TIM8_BRK_IRQHandler                      0x0800015f   Thumb Code     0  startup_stm32f10x_hd.o(.text)
    TIM8_CC_IRQHandler                       0x0800015f   Thumb Code     0  startup_stm32f10x_hd.o(.text)
    TIM8_TRG_COM_IRQHandler                  0x0800015f   Thumb Code     0  startup_stm32f10x_hd.o(.text)
    TIM8_UP_IRQHandler                       0x0800015f   Thumb Code     0  startup_stm32f10x_hd.o(.text)
    UART4_IRQHandler                         0x0800015f   Thumb Code     0  startup_stm32f10x_hd.o(.text)
    UART5_IRQHandler                         0x0800015f   Thumb Code     0  startup_stm32f10x_hd.o(.text)
    USBWakeUp_IRQHandler                     0x0800015f   Thumb Code     0  startup_stm32f10x_hd.o(.text)
    USB_HP_CAN1_TX_IRQHandler                0x0800015f   Thumb Code     0  startup_stm32f10x_hd.o(.text)
    USB_LP_CAN1_RX0_IRQHandler               0x0800015f   Thumb Code     0  startup_stm32f10x_hd.o(.text)
    WWDG_IRQHandler                          0x0800015f   Thumb Code     0  startup_stm32f10x_hd.o(.text)
    __aeabi_memcpy                           0x08000169   Thumb Code    36  memcpya.o(.text)
    __aeabi_memcpy4                          0x08000169   Thumb Code     0  memcpya.o(.text)
    __aeabi_memcpy8                          0x08000169   Thumb Code     0  memcpya.o(.text)
    __aeabi_memset                           0x0800018d   Thumb Code    14  memseta.o(.text)
    __aeabi_memset4                          0x0800018d   Thumb Code     0  memseta.o(.text)
    __aeabi_memset8                          0x0800018d   Thumb Code     0  memseta.o(.text)
    __aeabi_memclr                           0x0800019b   Thumb Code     4  memseta.o(.text)
    __aeabi_memclr4                          0x0800019b   Thumb Code     0  memseta.o(.text)
    __aeabi_memclr8                          0x0800019b   Thumb Code     0  memseta.o(.text)
    _memset$wrapper                          0x0800019f   Thumb Code    18  memseta.o(.text)
    strcat                                   0x080001b1   Thumb Code    24  strcat.o(.text)
    strstr                                   0x080001c9   Thumb Code    36  strstr.o(.text)
    strncpy                                  0x080001ed   Thumb Code    24  strncpy.o(.text)
    strlen                                   0x08000205   Thumb Code    14  strlen.o(.text)
    strcmp                                   0x08000213   Thumb Code    28  strcmp.o(.text)
    strcpy                                   0x0800022f   Thumb Code    18  strcpy.o(.text)
    __0sscanf                                0x08000241   Thumb Code    48  __0sscanf.o(.text)
    _scanf_real                              0x080003a1   Thumb Code     0  scanf_fp.o(.text)
    _scanf_really_real                       0x080003a1   Thumb Code   556  scanf_fp.o(.text)
    __aeabi_dmul                             0x080005d9   Thumb Code   228  dmul.o(.text)
    __aeabi_cdcmpeq                          0x080006bd   Thumb Code     0  cdcmple.o(.text)
    __aeabi_cdcmple                          0x080006bd   Thumb Code    48  cdcmple.o(.text)
    __aeabi_cdrcmple                         0x080006ed   Thumb Code    48  cdrcmple.o(.text)
    __aeabi_uidiv                            0x0800071d   Thumb Code     0  uidiv.o(.text)
    __aeabi_uidivmod                         0x0800071d   Thumb Code    44  uidiv.o(.text)
    __aeabi_uldivmod                         0x08000749   Thumb Code    98  uldiv.o(.text)
    __aeabi_llsr                             0x080007ab   Thumb Code    32  llushr.o(.text)
    _ll_ushift_r                             0x080007ab   Thumb Code     0  llushr.o(.text)
    __vfscanf_char                           0x080007d9   Thumb Code    20  scanf_char.o(.text)
    _sgetc                                   0x080007f5   Thumb Code    30  _sgetc.o(.text)
    _sbackspace                              0x08000813   Thumb Code    34  _sgetc.o(.text)
    __I$use$fp                               0x08000835   Thumb Code     0  iusefp.o(.text)
    _double_round                            0x08000835   Thumb Code    30  depilogue.o(.text)
    _double_epilogue                         0x08000853   Thumb Code   156  depilogue.o(.text)
    __aeabi_dadd                             0x080008ef   Thumb Code   322  dadd.o(.text)
    __aeabi_dsub                             0x08000a31   Thumb Code     6  dadd.o(.text)
    __aeabi_drsub                            0x08000a37   Thumb Code     6  dadd.o(.text)
    __aeabi_ddiv                             0x08000a3d   Thumb Code   222  ddiv.o(.text)
    __aeabi_ul2d                             0x08000b1b   Thumb Code    24  dfltul.o(.text)
    __aeabi_d2ulz                            0x08000b33   Thumb Code    48  dfixul.o(.text)
    __aeabi_d2f                              0x08000b63   Thumb Code    56  d2f.o(.text)
    __scatterload                            0x08000b9d   Thumb Code    28  init.o(.text)
    __scatterload_rt2                        0x08000b9d   Thumb Code     0  init.o(.text)
    __aeabi_llsl                             0x08000bc1   Thumb Code    30  llshl.o(.text)
    _ll_shift_l                              0x08000bc1   Thumb Code     0  llshl.o(.text)
    __aeabi_lasr                             0x08000bdf   Thumb Code    36  llsshr.o(.text)
    _ll_sshift_r                             0x08000bdf   Thumb Code     0  llsshr.o(.text)
    isspace                                  0x08000c03   Thumb Code    10  isspace_c.o(.text)
    __vfscanf                                0x08000c0d   Thumb Code   808  _scanf.o(.text)
    _float_round                             0x08000f39   Thumb Code    18  fepilogue.o(.text)
    _float_epilogue                          0x08000f4b   Thumb Code    92  fepilogue.o(.text)
    __ctype_lookup                           0x08000fa9   Thumb Code    34  ctype_c.o(.text)
    ALL_BleMeshHandle                        0x08000fd1   Thumb Code   114  allblemesh.o(i.ALL_BleMeshHandle)
    ALL_BleMeshHeartbeatTimeout              0x08001045   Thumb Code   172  allblemesh.o(i.ALL_BleMeshHeartbeatTimeout)
    ALL_BleMeshTxHeartbeat                   0x0800111d   Thumb Code    54  allblemesh.o(i.ALL_BleMeshTxHeartbeat)
    ALL_DB_GetSysConfig                      0x08001155   Thumb Code    38  database.o(i.ALL_DB_GetSysConfig)
    ALL_DB_Init                              0x08001181   Thumb Code    56  database.o(i.ALL_DB_Init)
    ALL_DB_SetConfigDefault                  0x080011c5   Thumb Code    48  database.o(i.ALL_DB_SetConfigDefault)
    ALL_DB_SetSysConfig                      0x08001205   Thumb Code    38  database.o(i.ALL_DB_SetSysConfig)
    ALL_DeInit                               0x08001231   Thumb Code    80  apll.o(i.ALL_DeInit)
    ALL_Init                                 0x08001295   Thumb Code   296  apll.o(i.ALL_Init)
    ALL_Run                                  0x08001425   Thumb Code    44  apll.o(i.ALL_Run)
    BusFault_Handler                         0x08001769   Thumb Code     4  stm32f10x_it.o(i.BusFault_Handler)
    DMA1_Channel2_IRQHandler                 0x0800176d   Thumb Code    34  driveruart.o(i.DMA1_Channel2_IRQHandler)
    DMA1_Channel4_IRQHandler                 0x08001799   Thumb Code    38  driveruart.o(i.DMA1_Channel4_IRQHandler)
    DMA1_Channel7_IRQHandler                 0x080017c9   Thumb Code    38  driveruart.o(i.DMA1_Channel7_IRQHandler)
    DMA_ClearFlag                            0x080017f9   Thumb Code    18  stm32f10x_dma.o(i.DMA_ClearFlag)
    DMA_Cmd                                  0x08001815   Thumb Code    24  stm32f10x_dma.o(i.DMA_Cmd)
    DMA_DeInit                               0x0800182d   Thumb Code   324  stm32f10x_dma.o(i.DMA_DeInit)
    DMA_GetCurrDataCounter                   0x08001979   Thumb Code     8  stm32f10x_dma.o(i.DMA_GetCurrDataCounter)
    DMA_GetITStatus                          0x08001981   Thumb Code    36  stm32f10x_dma.o(i.DMA_GetITStatus)
    DMA_ITConfig                             0x080019ad   Thumb Code    18  stm32f10x_dma.o(i.DMA_ITConfig)
    DMA_Init                                 0x080019bf   Thumb Code    60  stm32f10x_dma.o(i.DMA_Init)
    DRIVER_BleMeshInit                       0x080019fd   Thumb Code    54  driverblemesh.o(i.DRIVER_BleMeshInit)
    DRIVER_FLASH_Init                        0x08001aa9   Thumb Code    52  driverflash.o(i.DRIVER_FLASH_Init)
    DRIVER_Gps_Init                          0x08001af1   Thumb Code    56  drivergprs.o(i.DRIVER_Gps_Init)
    DRIVER_IsUartData                        0x08001b45   Thumb Code    86  driveruart.o(i.DRIVER_IsUartData)
    DRIVER_NetWork_Init                      0x08001bb5   Thumb Code    62  drivernetwork.o(i.DRIVER_NetWork_Init)
    DRIVER_OpenUart                          0x08001c0d   Thumb Code    58  driveruart.o(i.DRIVER_OpenUart)
    DRIVER_Pressure_Init                     0x08001c55   Thumb Code    56  driverpressure.o(i.DRIVER_Pressure_Init)
    DRIVER_Temper_Init                       0x08001cad   Thumb Code    62  drivertemper.o(i.DRIVER_Temper_Init)
    DRIVER_UartRead                          0x08001d05   Thumb Code   202  driveruart.o(i.DRIVER_UartRead)
    DRIVER_UartWrite                         0x08001de9   Thumb Code    74  driveruart.o(i.DRIVER_UartWrite)
    DebugMon_Handler                         0x08001e41   Thumb Code     2  stm32f10x_it.o(i.DebugMon_Handler)
    DriverInitUartDebug                      0x08001e45   Thumb Code    46  driverdebug.o(i.DriverInitUartDebug)
    ENDIAN_SWAP_Init                         0x08001e79   Thumb Code    34  endian_swap.o(i.ENDIAN_SWAP_Init)
    FLASH_ClearFlag                          0x08001ea5   Thumb Code     6  stm32f10x_flash.o(i.FLASH_ClearFlag)
    FLASH_ErasePage                          0x08001eb1   Thumb Code    72  stm32f10x_flash.o(i.FLASH_ErasePage)
    FLASH_GetBank1Status                     0x08001efd   Thumb Code    48  stm32f10x_flash.o(i.FLASH_GetBank1Status)
    FLASH_Lock                               0x08001f31   Thumb Code    14  stm32f10x_flash.o(i.FLASH_Lock)
    FLASH_ProgramHalfWord                    0x08001f45   Thumb Code    60  stm32f10x_flash.o(i.FLASH_ProgramHalfWord)
    FLASH_Unlock                             0x08001f85   Thumb Code    12  stm32f10x_flash.o(i.FLASH_Unlock)
    FLASH_WaitForLastOperation               0x08001f9d   Thumb Code    38  stm32f10x_flash.o(i.FLASH_WaitForLastOperation)
    GPIO_Init                                0x0800201d   Thumb Code   278  stm32f10x_gpio.o(i.GPIO_Init)
    GPIO_PinRemapConfig                      0x08002135   Thumb Code   138  stm32f10x_gpio.o(i.GPIO_PinRemapConfig)
    HardFault_Handler                        0x0800284d   Thumb Code     4  stm32f10x_it.o(i.HardFault_Handler)
    HardWareInit                             0x08002851   Thumb Code   108  system_stm32f10x.o(i.HardWareInit)
    MDL_DRIVERMGR_Close                      0x080028db   Thumb Code    54  drivermanager.o(i.MDL_DRIVERMGR_Close)
    MDL_DRIVERMGR_DeInit                     0x08002911   Thumb Code    12  drivermanager.o(i.MDL_DRIVERMGR_DeInit)
    MDL_DRIVERMGR_GetTimeTick                0x0800291d   Thumb Code    30  drivermanager.o(i.MDL_DRIVERMGR_GetTimeTick)
    MDL_DRIVERMGR_Init                       0x0800293b   Thumb Code   182  drivermanager.o(i.MDL_DRIVERMGR_Init)
    MDL_DRIVERMGR_Ioctl                      0x080029f1   Thumb Code    66  drivermanager.o(i.MDL_DRIVERMGR_Ioctl)
    MDL_DRIVERMGR_Open                       0x08002a33   Thumb Code    58  drivermanager.o(i.MDL_DRIVERMGR_Open)
    MDL_DRIVERMGR_Pop                        0x08002a6d   Thumb Code    54  drivermanager.o(i.MDL_DRIVERMGR_Pop)
    MDL_DRIVERMGR_Read                       0x08002aa3   Thumb Code    64  drivermanager.o(i.MDL_DRIVERMGR_Read)
    MDL_DRIVERMGR_Task                       0x08002ae3   Thumb Code     8  drivermanager.o(i.MDL_DRIVERMGR_Task)
    MDL_DRIVERMGR_Write                      0x08002aeb   Thumb Code    64  drivermanager.o(i.MDL_DRIVERMGR_Write)
    MDL_DRVTIMER_Active                      0x08002b2d   Thumb Code    74  drivertimer.o(i.MDL_DRVTIMER_Active)
    MDL_DRVTIMER_AddTimer                    0x08002b7d   Thumb Code    52  drivertimer.o(i.MDL_DRVTIMER_AddTimer)
    MDL_DRVTIMER_DeInit                      0x08002bb1   Thumb Code    10  drivertimer.o(i.MDL_DRVTIMER_DeInit)
    MDL_DRVTIMER_Init                        0x08002bc1   Thumb Code    10  drivertimer.o(i.MDL_DRVTIMER_Init)
    MDL_FILE_AddModel                        0x08002bd1   Thumb Code   114  driverfile.o(i.MDL_FILE_AddModel)
    MDL_FILE_DeInit                          0x08002c49   Thumb Code    60  driverfile.o(i.MDL_FILE_DeInit)
    MDL_FILE_GetModel                        0x08002c89   Thumb Code    32  driverfile.o(i.MDL_FILE_GetModel)
    MDL_FILE_GetModelId                      0x08002cad   Thumb Code    64  driverfile.o(i.MDL_FILE_GetModelId)
    MDL_FILE_Init                            0x08002cf1   Thumb Code    10  driverfile.o(i.MDL_FILE_Init)
    MDL_QUEUE_Add                            0x08002d01   Thumb Code   104  queue.o(i.MDL_QUEUE_Add)
    MDL_QUEUE_DeInit                         0x08002d69   Thumb Code    80  queue.o(i.MDL_QUEUE_DeInit)
    MDL_QUEUE_Get                            0x08002db9   Thumb Code    58  queue.o(i.MDL_QUEUE_Get)
    MDL_QUEUE_Init                           0x08002df3   Thumb Code    24  queue.o(i.MDL_QUEUE_Init)
    MDL_RTC_Init                             0x08002e0d   Thumb Code    10  driverrtc.o(i.MDL_RTC_Init)
    MDL_SHEET_Create                         0x08002e1d   Thumb Code    78  sheet.o(i.MDL_SHEET_Create)
    MDL_SHEET_Initial                        0x08002e6b   Thumb Code    12  sheet.o(i.MDL_SHEET_Initial)
    MDL_SHEET_Open                           0x08002e77   Thumb Code    64  sheet.o(i.MDL_SHEET_Open)
    MDL_SHEET_Query                          0x08002eb7   Thumb Code    56  sheet.o(i.MDL_SHEET_Query)
    MDL_SHEET_Reset                          0x08002eef   Thumb Code    48  sheet.o(i.MDL_SHEET_Reset)
    MDL_SHEET_Update                         0x08002f1f   Thumb Code    56  sheet.o(i.MDL_SHEET_Update)
    MDL_TIMER_Active                         0x08002f57   Thumb Code   128  timer.o(i.MDL_TIMER_Active)
    MDL_TIMER_Add                            0x08002fd7   Thumb Code   152  timer.o(i.MDL_TIMER_Add)
    MDL_TIMER_Init                           0x0800306f   Thumb Code    20  timer.o(i.MDL_TIMER_Init)
    MDL_TIMER_Start                          0x08003083   Thumb Code    86  timer.o(i.MDL_TIMER_Start)
    MDL_TIMER_UnInit                         0x080030d9   Thumb Code    60  timer.o(i.MDL_TIMER_UnInit)
    MDL_TIME_Delay                           0x08003115   Thumb Code    62  drivertime.o(i.MDL_TIME_Delay)
    MDL_TIME_GetTimeTick                     0x08003159   Thumb Code    24  drivertime.o(i.MDL_TIME_GetTimeTick)
    MDL_TIME_Init                            0x08003175   Thumb Code    10  drivertime.o(i.MDL_TIME_Init)
    MDL_TIME_InterruputHandle                0x08003185   Thumb Code    98  drivertime.o(i.MDL_TIME_InterruputHandle)
    MemManage_Handler                        0x080031ed   Thumb Code     4  stm32f10x_it.o(i.MemManage_Handler)
    NMI_Handler                              0x0800339d   Thumb Code     2  stm32f10x_it.o(i.NMI_Handler)
    NVIC_Init                                0x080033a1   Thumb Code   100  misc.o(i.NVIC_Init)
    NVIC_PriorityGroupConfig                 0x08003411   Thumb Code    10  misc.o(i.NVIC_PriorityGroupConfig)
    PendSV_Handler                           0x08003425   Thumb Code     2  stm32f10x_it.o(i.PendSV_Handler)
    RCC_AHBPeriphClockCmd                    0x08003461   Thumb Code    26  stm32f10x_rcc.o(i.RCC_AHBPeriphClockCmd)
    RCC_APB1PeriphClockCmd                   0x08003481   Thumb Code    26  stm32f10x_rcc.o(i.RCC_APB1PeriphClockCmd)
    RCC_APB2PeriphClockCmd                   0x080034a1   Thumb Code    26  stm32f10x_rcc.o(i.RCC_APB2PeriphClockCmd)
    RCC_GetClocksFreq                        0x080034c1   Thumb Code   192  stm32f10x_rcc.o(i.RCC_GetClocksFreq)
    STM_EVAL_COMInit                         0x08003595   Thumb Code    86  driverdebug.o(i.STM_EVAL_COMInit)
    SVC_Handler                              0x080035f5   Thumb Code     2  stm32f10x_it.o(i.SVC_Handler)
    SysTick_Handler                          0x080036e1   Thumb Code     8  stm32f10x_it.o(i.SysTick_Handler)
    SystemCoreClockUpdate                    0x080036e9   Thumb Code   142  system_stm32f10x.o(i.SystemCoreClockUpdate)
    SystemInit                               0x0800378d   Thumb Code    78  system_stm32f10x.o(i.SystemInit)
    USART1_IRQHandler                        0x08003939   Thumb Code    50  driveruart.o(i.USART1_IRQHandler)
    USART2_IRQHandler                        0x08003ba5   Thumb Code    50  driveruart.o(i.USART2_IRQHandler)
    USART3_IRQHandler                        0x08003e0d   Thumb Code    50  driveruart.o(i.USART3_IRQHandler)
    USART_Cmd                                0x08003f31   Thumb Code    24  stm32f10x_usart.o(i.USART_Cmd)
    USART_DMACmd                             0x08003f49   Thumb Code    18  stm32f10x_usart.o(i.USART_DMACmd)
    USART_GetFlagStatus                      0x08003f5b   Thumb Code    26  stm32f10x_usart.o(i.USART_GetFlagStatus)
    USART_GetITStatus                        0x08003f75   Thumb Code    84  stm32f10x_usart.o(i.USART_GetITStatus)
    USART_ITConfig                           0x08003fc9   Thumb Code    74  stm32f10x_usart.o(i.USART_ITConfig)
    USART_Init                               0x08004015   Thumb Code   210  stm32f10x_usart.o(i.USART_Init)
    USART_ReceiveData                        0x080040ed   Thumb Code    10  stm32f10x_usart.o(i.USART_ReceiveData)
    USART_SendData                           0x080040f7   Thumb Code     8  stm32f10x_usart.o(i.USART_SendData)
    UsageFault_Handler                       0x080040ff   Thumb Code     4  stm32f10x_it.o(i.UsageFault_Handler)
    _GatewayHeartbeat                        0x08004245   Thumb Code   308  apll.o(i._GatewayHeartbeat)
    _TestTimer                               0x08004be5   Thumb Code    12  apll.o(i._TestTimer)
    __0printf                                0x08004c01   Thumb Code    22  printfa.o(i.__0printf)
    __1printf                                0x08004c01   Thumb Code     0  printfa.o(i.__0printf)
    __2printf                                0x08004c01   Thumb Code     0  printfa.o(i.__0printf)
    __c89printf                              0x08004c01   Thumb Code     0  printfa.o(i.__0printf)
    printf                                   0x08004c01   Thumb Code     0  printfa.o(i.__0printf)
    __0sprintf                               0x08004c21   Thumb Code    34  printfa.o(i.__0sprintf)
    __1sprintf                               0x08004c21   Thumb Code     0  printfa.o(i.__0sprintf)
    __2sprintf                               0x08004c21   Thumb Code     0  printfa.o(i.__0sprintf)
    __c89sprintf                             0x08004c21   Thumb Code     0  printfa.o(i.__0sprintf)
    sprintf                                  0x08004c21   Thumb Code     0  printfa.o(i.__0sprintf)
    free                                     0x08004c49   Thumb Code    88  mallocr.o(i.__free$realloc)
    malloc                                   0x08004ca5   Thumb Code    64  mallocr.o(i.__malloc$realloc)
    __scatterload_copy                       0x08004cf5   Thumb Code    14  handlers.o(i.__scatterload_copy)
    __scatterload_null                       0x08004d03   Thumb Code     2  handlers.o(i.__scatterload_null)
    __scatterload_zeroinit                   0x08004d05   Thumb Code    14  handlers.o(i.__scatterload_zeroinit)
    _is_digit                                0x08004e99   Thumb Code    14  scanf_fp.o(i._is_digit)
    cJSON_AddStringToObject                  0x08005685   Thumb Code    48  cjson.o(i.cJSON_AddStringToObject)
    cJSON_CreateObject                       0x080056b9   Thumb Code    20  cjson.o(i.cJSON_CreateObject)
    cJSON_CreateString                       0x080056d1   Thumb Code    46  cjson.o(i.cJSON_CreateString)
    cJSON_Delete                             0x08005705   Thumb Code    84  cjson.o(i.cJSON_Delete)
    cJSON_PrintUnformatted                   0x08005779   Thumb Code    16  cjson.o(i.cJSON_PrintUnformatted)
    fputc                                    0x08005881   Thumb Code    32  driverdebug.o(i.fputc)
    main                                     0x0800590b   Thumb Code    36  main.o(i.main)
    realloc                                  0x08005f85   Thumb Code   102  mallocr.o(i.realloc)
    __ctype_categories                       0x0800601a   Data          64  ctype_c.o(.constdata)
    Region$$Table$$Base                      0x080060ac   Number         0  anon$$obj.o(Region$$Table)
    Region$$Table$$Limit                     0x080060cc   Number         0  anon$$obj.o(Region$$Table)
    SystemCoreClock                          0x20000034   Data           4  system_stm32f10x.o(.data)
    AHBPrescTable                            0x20000038   Data          16  system_stm32f10x.o(.data)
    __stdout                                 0x2000006c   Data           4  stdout.o(.data)
    __microlib_freelist                      0x20000070   Data           4  mvars.o(.data)
    __microlib_freelist_initialised          0x20000074   Data           4  mvars.o(.data)
    __heap_base                              0x200009d0   Data           0  startup_stm32f10x_hd.o(HEAP)
    __heap_limit                             0x200015d0   Data           0  startup_stm32f10x_hd.o(HEAP)
    __initial_sp                             0x200025d0   Data           0  startup_stm32f10x_hd.o(STACK)



==============================================================================

Memory Map of the image

  Image Entry point : 0x08000131

  Load Region LR_IROM1 (Base: 0x08000000, Size: 0x00006144, Max: 0x00010000, ABSOLUTE)

    Execution Region ER_IROM1 (Exec base: 0x08000000, Load base: 0x08000000, Size: 0x000060cc, Max: 0x00010000, ABSOLUTE)

    Exec Addr    Load Addr    Size         Type   Attr      Idx    E Section Name        Object

    0x08000000   0x08000000   0x00000130   Data   RO         4264    RESET               startup_stm32f10x_hd.o
    0x08000130   0x08000130   0x00000000   Code   RO         5272  * .ARM.Collect$$$$00000000  mc_w.l(entry.o)
    0x08000130   0x08000130   0x00000004   Code   RO         5606    .ARM.Collect$$$$00000001  mc_w.l(entry2.o)
    0x08000134   0x08000134   0x00000004   Code   RO         5609    .ARM.Collect$$$$00000004  mc_w.l(entry5.o)
    0x08000138   0x08000138   0x00000000   Code   RO         5611    .ARM.Collect$$$$00000008  mc_w.l(entry7b.o)
    0x08000138   0x08000138   0x00000000   Code   RO         5613    .ARM.Collect$$$$0000000A  mc_w.l(entry8b.o)
    0x08000138   0x08000138   0x00000008   Code   RO         5614    .ARM.Collect$$$$0000000B  mc_w.l(entry9a.o)
    0x08000140   0x08000140   0x00000000   Code   RO         5616    .ARM.Collect$$$$0000000D  mc_w.l(entry10a.o)
    0x08000140   0x08000140   0x00000000   Code   RO         5618    .ARM.Collect$$$$0000000F  mc_w.l(entry11a.o)
    0x08000140   0x08000140   0x00000004   Code   RO         5607    .ARM.Collect$$$$00002712  mc_w.l(entry2.o)
    0x08000144   0x08000144   0x00000024   Code   RO         4265    .text               startup_stm32f10x_hd.o
    0x08000168   0x08000168   0x00000024   Code   RO         5277    .text               mc_w.l(memcpya.o)
    0x0800018c   0x0800018c   0x00000024   Code   RO         5279    .text               mc_w.l(memseta.o)
    0x080001b0   0x080001b0   0x00000018   Code   RO         5281    .text               mc_w.l(strcat.o)
    0x080001c8   0x080001c8   0x00000024   Code   RO         5283    .text               mc_w.l(strstr.o)
    0x080001ec   0x080001ec   0x00000018   Code   RO         5285    .text               mc_w.l(strncpy.o)
    0x08000204   0x08000204   0x0000000e   Code   RO         5287    .text               mc_w.l(strlen.o)
    0x08000212   0x08000212   0x0000001c   Code   RO         5289    .text               mc_w.l(strcmp.o)
    0x0800022e   0x0800022e   0x00000012   Code   RO         5291    .text               mc_w.l(strcpy.o)
    0x08000240   0x08000240   0x00000038   Code   RO         5588    .text               mc_w.l(__0sscanf.o)
    0x08000278   0x08000278   0x00000360   Code   RO         5590    .text               mc_w.l(scanf_fp.o)
    0x080005d8   0x080005d8   0x000000e4   Code   RO         5594    .text               mf_w.l(dmul.o)
    0x080006bc   0x080006bc   0x00000030   Code   RO         5602    .text               mf_w.l(cdcmple.o)
    0x080006ec   0x080006ec   0x00000030   Code   RO         5604    .text               mf_w.l(cdrcmple.o)
    0x0800071c   0x0800071c   0x0000002c   Code   RO         5621    .text               mc_w.l(uidiv.o)
    0x08000748   0x08000748   0x00000062   Code   RO         5623    .text               mc_w.l(uldiv.o)
    0x080007aa   0x080007aa   0x00000020   Code   RO         5625    .text               mc_w.l(llushr.o)
    0x080007ca   0x080007ca   0x00000002   PAD
    0x080007cc   0x080007cc   0x00000028   Code   RO         5629    .text               mc_w.l(scanf_char.o)
    0x080007f4   0x080007f4   0x00000040   Code   RO         5631    .text               mc_w.l(_sgetc.o)
    0x08000834   0x08000834   0x00000000   Code   RO         5635    .text               mc_w.l(iusefp.o)
    0x08000834   0x08000834   0x000000ba   Code   RO         5636    .text               mf_w.l(depilogue.o)
    0x080008ee   0x080008ee   0x0000014e   Code   RO         5638    .text               mf_w.l(dadd.o)
    0x08000a3c   0x08000a3c   0x000000de   Code   RO         5640    .text               mf_w.l(ddiv.o)
    0x08000b1a   0x08000b1a   0x00000018   Code   RO         5642    .text               mf_w.l(dfltul.o)
    0x08000b32   0x08000b32   0x00000030   Code   RO         5644    .text               mf_w.l(dfixul.o)
    0x08000b62   0x08000b62   0x00000038   Code   RO         5646    .text               mf_w.l(d2f.o)
    0x08000b9a   0x08000b9a   0x00000002   PAD
    0x08000b9c   0x08000b9c   0x00000024   Code   RO         5648    .text               mc_w.l(init.o)
    0x08000bc0   0x08000bc0   0x0000001e   Code   RO         5650    .text               mc_w.l(llshl.o)
    0x08000bde   0x08000bde   0x00000024   Code   RO         5652    .text               mc_w.l(llsshr.o)
    0x08000c02   0x08000c02   0x0000000a   Code   RO         5654    .text               mc_w.l(isspace_c.o)
    0x08000c0c   0x08000c0c   0x0000032c   Code   RO         5656    .text               mc_w.l(_scanf.o)
    0x08000f38   0x08000f38   0x0000006e   Code   RO         5658    .text               mf_w.l(fepilogue.o)
    0x08000fa6   0x08000fa6   0x00000002   PAD
    0x08000fa8   0x08000fa8   0x00000028   Code   RO         5660    .text               mc_w.l(ctype_c.o)
    0x08000fd0   0x08000fd0   0x00000072   Code   RO          184    i.ALL_BleMeshHandle  allblemesh.o
    0x08001042   0x08001042   0x00000002   PAD
    0x08001044   0x08001044   0x000000d8   Code   RO          185    i.ALL_BleMeshHeartbeatTimeout  allblemesh.o
    0x0800111c   0x0800111c   0x00000036   Code   RO          186    i.ALL_BleMeshTxHeartbeat  allblemesh.o
    0x08001152   0x08001152   0x00000002   PAD
    0x08001154   0x08001154   0x0000002c   Code   RO          122    i.ALL_DB_GetSysConfig  database.o
    0x08001180   0x08001180   0x00000044   Code   RO          123    i.ALL_DB_Init       database.o
    0x080011c4   0x080011c4   0x00000040   Code   RO          126    i.ALL_DB_SetConfigDefault  database.o
    0x08001204   0x08001204   0x0000002c   Code   RO          127    i.ALL_DB_SetSysConfig  database.o
    0x08001230   0x08001230   0x00000050   Code   RO           37    i.ALL_DeInit        apll.o
    0x08001280   0x08001280   0x00000014   Code   RO           38    i.ALL_DefaultSysConfig  apll.o
    0x08001294   0x08001294   0x0000016c   Code   RO           39    i.ALL_Init          apll.o
    0x08001400   0x08001400   0x00000022   Code   RO           40    i.ALL_IsResetAllTable  apll.o
    0x08001422   0x08001422   0x00000002   PAD
    0x08001424   0x08001424   0x00000038   Code   RO           41    i.ALL_Run           apll.o
    0x0800145c   0x0800145c   0x000000b6   Code   RO           42    i.ALL_Task          apll.o
    0x08001512   0x08001512   0x0000008a   Code   RO          187    i.BleMeshAssemblePacketHandle  allblemesh.o
    0x0800159c   0x0800159c   0x00000158   Code   RO          188    i.BleMeshNodeStatusReport  allblemesh.o
    0x080016f4   0x080016f4   0x00000074   Code   RO          189    i.BleMeshPrasePacketHandle  allblemesh.o
    0x08001768   0x08001768   0x00000004   Code   RO         4188    i.BusFault_Handler  stm32f10x_it.o
    0x0800176c   0x0800176c   0x0000002c   Code   RO         4492    i.DMA1_Channel2_IRQHandler  driveruart.o
    0x08001798   0x08001798   0x00000030   Code   RO         4493    i.DMA1_Channel4_IRQHandler  driveruart.o
    0x080017c8   0x080017c8   0x00000030   Code   RO         4494    i.DMA1_Channel7_IRQHandler  driveruart.o
    0x080017f8   0x080017f8   0x0000001c   Code   RO         2354    i.DMA_ClearFlag     stm32f10x_dma.o
    0x08001814   0x08001814   0x00000018   Code   RO         2356    i.DMA_Cmd           stm32f10x_dma.o
    0x0800182c   0x0800182c   0x0000014c   Code   RO         2357    i.DMA_DeInit        stm32f10x_dma.o
    0x08001978   0x08001978   0x00000008   Code   RO         2358    i.DMA_GetCurrDataCounter  stm32f10x_dma.o
    0x08001980   0x08001980   0x0000002c   Code   RO         2360    i.DMA_GetITStatus   stm32f10x_dma.o
    0x080019ac   0x080019ac   0x00000012   Code   RO         2361    i.DMA_ITConfig      stm32f10x_dma.o
    0x080019be   0x080019be   0x0000003c   Code   RO         2362    i.DMA_Init          stm32f10x_dma.o
    0x080019fa   0x080019fa   0x00000002   PAD
    0x080019fc   0x080019fc   0x00000054   Code   RO         4728    i.DRIVER_BleMeshInit  driverblemesh.o
    0x08001a50   0x08001a50   0x00000018   Code   RO         4729    i.DRIVER_BleMeshOpen  driverblemesh.o
    0x08001a68   0x08001a68   0x00000010   Code   RO         4730    i.DRIVER_BleMeshPop  driverblemesh.o
    0x08001a78   0x08001a78   0x00000018   Code   RO         4731    i.DRIVER_BleMeshRead  driverblemesh.o
    0x08001a90   0x08001a90   0x00000018   Code   RO         4732    i.DRIVER_BleMeshWrite  driverblemesh.o
    0x08001aa8   0x08001aa8   0x00000048   Code   RO         4436    i.DRIVER_FLASH_Init  driverflash.o
    0x08001af0   0x08001af0   0x00000054   Code   RO         4648    i.DRIVER_Gps_Init   drivergprs.o
    0x08001b44   0x08001b44   0x00000070   Code   RO         4495    i.DRIVER_IsUartData  driveruart.o
    0x08001bb4   0x08001bb4   0x00000058   Code   RO         4298    i.DRIVER_NetWork_Init  drivernetwork.o
    0x08001c0c   0x08001c0c   0x00000048   Code   RO         4496    i.DRIVER_OpenUart   driveruart.o
    0x08001c54   0x08001c54   0x00000058   Code   RO         4362    i.DRIVER_Pressure_Init  driverpressure.o
    0x08001cac   0x08001cac   0x00000058   Code   RO         4399    i.DRIVER_Temper_Init  drivertemper.o
    0x08001d04   0x08001d04   0x000000e4   Code   RO         4497    i.DRIVER_UartRead   driveruart.o
    0x08001de8   0x08001de8   0x00000058   Code   RO         4498    i.DRIVER_UartWrite  driveruart.o
    0x08001e40   0x08001e40   0x00000002   Code   RO         4189    i.DebugMon_Handler  stm32f10x_it.o
    0x08001e42   0x08001e42   0x00000002   PAD
    0x08001e44   0x08001e44   0x00000034   Code   RO         4623    i.DriverInitUartDebug  driverdebug.o
    0x08001e78   0x08001e78   0x0000002c   Code   RO          888    i.ENDIAN_SWAP_Init  endian_swap.o
    0x08001ea4   0x08001ea4   0x0000000c   Code   RO         1183    i.FLASH_ClearFlag   stm32f10x_flash.o
    0x08001eb0   0x08001eb0   0x0000004c   Code   RO         1188    i.FLASH_ErasePage   stm32f10x_flash.o
    0x08001efc   0x08001efc   0x00000034   Code   RO         1189    i.FLASH_GetBank1Status  stm32f10x_flash.o
    0x08001f30   0x08001f30   0x00000014   Code   RO         1198    i.FLASH_Lock        stm32f10x_flash.o
    0x08001f44   0x08001f44   0x00000040   Code   RO         1201    i.FLASH_ProgramHalfWord  stm32f10x_flash.o
    0x08001f84   0x08001f84   0x00000018   Code   RO         1206    i.FLASH_Unlock      stm32f10x_flash.o
    0x08001f9c   0x08001f9c   0x00000026   Code   RO         1210    i.FLASH_WaitForLastOperation  stm32f10x_flash.o
    0x08001fc2   0x08001fc2   0x00000002   PAD
    0x08001fc4   0x08001fc4   0x00000058   Code   RO         5070    i.Flash_crtl        sheet.o
    0x0800201c   0x0800201c   0x00000116   Code   RO         1366    i.GPIO_Init         stm32f10x_gpio.o
    0x08002132   0x08002132   0x00000002   PAD
    0x08002134   0x08002134   0x00000090   Code   RO         1368    i.GPIO_PinRemapConfig  stm32f10x_gpio.o
    0x080021c4   0x080021c4   0x00000026   Code   RO          190    i.GetCheckSum       allblemesh.o
    0x080021ea   0x080021ea   0x00000002   PAD
    0x080021ec   0x080021ec   0x00000014   Code   RO         4649    i.Gps_Init          drivergprs.o
    0x08002200   0x08002200   0x00000104   Code   RO         4650    i.Gps_SelfChk       drivergprs.o
    0x08002304   0x08002304   0x0000000c   Code   RO         4651    i.Gps_SetMode       drivergprs.o
    0x08002310   0x08002310   0x0000000c   Code   RO         4652    i.Gps_SetRevMode    drivergprs.o
    0x0800231c   0x0800231c   0x00000518   Code   RO         4653    i.Gps_TaskHandler   drivergprs.o
    0x08002834   0x08002834   0x00000018   Code   RO         4655    i.Gps_UartSendBuf   drivergprs.o
    0x0800284c   0x0800284c   0x00000004   Code   RO         4190    i.HardFault_Handler  stm32f10x_it.o
    0x08002850   0x08002850   0x00000078   Code   RO         4138    i.HardWareInit      system_stm32f10x.o
    0x080028c8   0x080028c8   0x00000012   Code   RO          191    i.HeadPacket        allblemesh.o
    0x080028da   0x080028da   0x00000036   Code   RO         4798    i.MDL_DRIVERMGR_Close  drivermanager.o
    0x08002910   0x08002910   0x0000000c   Code   RO         4799    i.MDL_DRIVERMGR_DeInit  drivermanager.o
    0x0800291c   0x0800291c   0x0000001e   Code   RO         4803    i.MDL_DRIVERMGR_GetTimeTick  drivermanager.o
    0x0800293a   0x0800293a   0x000000b6   Code   RO         4804    i.MDL_DRIVERMGR_Init  drivermanager.o
    0x080029f0   0x080029f0   0x00000042   Code   RO         4805    i.MDL_DRIVERMGR_Ioctl  drivermanager.o
    0x08002a32   0x08002a32   0x0000003a   Code   RO         4806    i.MDL_DRIVERMGR_Open  drivermanager.o
    0x08002a6c   0x08002a6c   0x00000036   Code   RO         4807    i.MDL_DRIVERMGR_Pop  drivermanager.o
    0x08002aa2   0x08002aa2   0x00000040   Code   RO         4808    i.MDL_DRIVERMGR_Read  drivermanager.o
    0x08002ae2   0x08002ae2   0x00000008   Code   RO         4812    i.MDL_DRIVERMGR_Task  drivermanager.o
    0x08002aea   0x08002aea   0x00000040   Code   RO         4813    i.MDL_DRIVERMGR_Write  drivermanager.o
    0x08002b2a   0x08002b2a   0x00000002   PAD
    0x08002b2c   0x08002b2c   0x00000050   Code   RO         5000    i.MDL_DRVTIMER_Active  drivertimer.o
    0x08002b7c   0x08002b7c   0x00000034   Code   RO         5001    i.MDL_DRVTIMER_AddTimer  drivertimer.o
    0x08002bb0   0x08002bb0   0x00000010   Code   RO         5002    i.MDL_DRVTIMER_DeInit  drivertimer.o
    0x08002bc0   0x08002bc0   0x00000010   Code   RO         5003    i.MDL_DRVTIMER_Init  drivertimer.o
    0x08002bd0   0x08002bd0   0x00000078   Code   RO         4760    i.MDL_FILE_AddModel  driverfile.o
    0x08002c48   0x08002c48   0x00000040   Code   RO         4761    i.MDL_FILE_DeInit   driverfile.o
    0x08002c88   0x08002c88   0x00000024   Code   RO         4762    i.MDL_FILE_GetModel  driverfile.o
    0x08002cac   0x08002cac   0x00000044   Code   RO         4763    i.MDL_FILE_GetModelId  driverfile.o
    0x08002cf0   0x08002cf0   0x00000010   Code   RO         4764    i.MDL_FILE_Init     driverfile.o
    0x08002d00   0x08002d00   0x00000068   Code   RO         5040    i.MDL_QUEUE_Add     queue.o
    0x08002d68   0x08002d68   0x00000050   Code   RO         5041    i.MDL_QUEUE_DeInit  queue.o
    0x08002db8   0x08002db8   0x0000003a   Code   RO         5042    i.MDL_QUEUE_Get     queue.o
    0x08002df2   0x08002df2   0x00000018   Code   RO         5043    i.MDL_QUEUE_Init    queue.o
    0x08002e0a   0x08002e0a   0x00000002   PAD
    0x08002e0c   0x08002e0c   0x00000010   Code   RO         4931    i.MDL_RTC_Init      driverrtc.o
    0x08002e1c   0x08002e1c   0x0000004e   Code   RO         5073    i.MDL_SHEET_Create  sheet.o
    0x08002e6a   0x08002e6a   0x0000000c   Code   RO         5077    i.MDL_SHEET_Initial  sheet.o
    0x08002e76   0x08002e76   0x00000040   Code   RO         5079    i.MDL_SHEET_Open    sheet.o
    0x08002eb6   0x08002eb6   0x00000038   Code   RO         5080    i.MDL_SHEET_Query   sheet.o
    0x08002eee   0x08002eee   0x00000030   Code   RO         5081    i.MDL_SHEET_Reset   sheet.o
    0x08002f1e   0x08002f1e   0x00000038   Code   RO         5082    i.MDL_SHEET_Update  sheet.o
    0x08002f56   0x08002f56   0x00000080   Code   RO         5203    i.MDL_TIMER_Active  timer.o
    0x08002fd6   0x08002fd6   0x00000098   Code   RO         5204    i.MDL_TIMER_Add     timer.o
    0x0800306e   0x0800306e   0x00000014   Code   RO         5207    i.MDL_TIMER_Init    timer.o
    0x08003082   0x08003082   0x00000056   Code   RO         5208    i.MDL_TIMER_Start   timer.o
    0x080030d8   0x080030d8   0x0000003c   Code   RO         5210    i.MDL_TIMER_UnInit  timer.o
    0x08003114   0x08003114   0x00000044   Code   RO         4968    i.MDL_TIME_Delay    drivertime.o
    0x08003158   0x08003158   0x0000001c   Code   RO         4969    i.MDL_TIME_GetTimeTick  drivertime.o
    0x08003174   0x08003174   0x00000010   Code   RO         4970    i.MDL_TIME_Init     drivertime.o
    0x08003184   0x08003184   0x00000068   Code   RO         4971    i.MDL_TIME_InterruputHandle  drivertime.o
    0x080031ec   0x080031ec   0x00000004   Code   RO         4191    i.MemManage_Handler  stm32f10x_it.o
    0x080031f0   0x080031f0   0x000000dc   Code   RO         4299    i.NETUart_Init      drivernetwork.o
    0x080032cc   0x080032cc   0x000000a0   Code   RO         4300    i.NETUart_TaskHandler  drivernetwork.o
    0x0800336c   0x0800336c   0x00000030   Code   RO         4301    i.NET_UartSendBuf   drivernetwork.o
    0x0800339c   0x0800339c   0x00000002   Code   RO         4192    i.NMI_Handler       stm32f10x_it.o
    0x0800339e   0x0800339e   0x00000002   PAD
    0x080033a0   0x080033a0   0x00000070   Code   RO         1121    i.NVIC_Init         misc.o
    0x08003410   0x08003410   0x00000014   Code   RO         1122    i.NVIC_PriorityGroupConfig  misc.o
    0x08003424   0x08003424   0x00000002   Code   RO         4193    i.PendSV_Handler    stm32f10x_it.o
    0x08003426   0x08003426   0x00000006   Code   RO         4363    i.Pressure_Close    driverpressure.o
    0x0800342c   0x0800342c   0x00000008   Code   RO         4364    i.Pressure_Ioctl    driverpressure.o
    0x08003434   0x08003434   0x00000006   Code   RO         4365    i.Pressure_Open     driverpressure.o
    0x0800343a   0x0800343a   0x00000006   Code   RO         4366    i.Pressure_Pop      driverpressure.o
    0x08003440   0x08003440   0x00000020   Code   RO         4367    i.Pressure_Read     driverpressure.o
    0x08003460   0x08003460   0x00000020   Code   RO         1475    i.RCC_AHBPeriphClockCmd  stm32f10x_rcc.o
    0x08003480   0x08003480   0x00000020   Code   RO         1476    i.RCC_APB1PeriphClockCmd  stm32f10x_rcc.o
    0x080034a0   0x080034a0   0x00000020   Code   RO         1478    i.RCC_APB2PeriphClockCmd  stm32f10x_rcc.o
    0x080034c0   0x080034c0   0x000000d4   Code   RO         1486    i.RCC_GetClocksFreq  stm32f10x_rcc.o
    0x08003594   0x08003594   0x00000060   Code   RO         4624    i.STM_EVAL_COMInit  driverdebug.o
    0x080035f4   0x080035f4   0x00000002   Code   RO         4194    i.SVC_Handler       stm32f10x_it.o
    0x080035f6   0x080035f6   0x00000008   Code   RO         4139    i.SetSysClock       system_stm32f10x.o
    0x080035fe   0x080035fe   0x00000002   PAD
    0x08003600   0x08003600   0x000000e0   Code   RO         4140    i.SetSysClockTo72   system_stm32f10x.o
    0x080036e0   0x080036e0   0x00000008   Code   RO         4195    i.SysTick_Handler   stm32f10x_it.o
    0x080036e8   0x080036e8   0x000000a4   Code   RO         4141    i.SystemCoreClockUpdate  system_stm32f10x.o
    0x0800378c   0x0800378c   0x00000060   Code   RO         4142    i.SystemInit        system_stm32f10x.o
    0x080037ec   0x080037ec   0x0000003c   Code   RO         4499    i.USART1_DMA_RX_Data  driveruart.o
    0x08003828   0x08003828   0x00000040   Code   RO         4500    i.USART1_DMA_TX_Data  driveruart.o
    0x08003868   0x08003868   0x000000d0   Code   RO         4501    i.USART1_DMA_config  driveruart.o
    0x08003938   0x08003938   0x0000003c   Code   RO         4502    i.USART1_IRQHandler  driveruart.o
    0x08003974   0x08003974   0x000000e4   Code   RO         4503    i.USART1_Init       driveruart.o
    0x08003a58   0x08003a58   0x0000003c   Code   RO         4504    i.USART2_DMA_RX_Data  driveruart.o
    0x08003a94   0x08003a94   0x00000040   Code   RO         4505    i.USART2_DMA_TX_Data  driveruart.o
    0x08003ad4   0x08003ad4   0x000000d0   Code   RO         4506    i.USART2_DMA_config  driveruart.o
    0x08003ba4   0x08003ba4   0x0000003c   Code   RO         4507    i.USART2_IRQHandler  driveruart.o
    0x08003be0   0x08003be0   0x000000e0   Code   RO         4508    i.USART2_Init       driveruart.o
    0x08003cc0   0x08003cc0   0x0000003c   Code   RO         4509    i.USART3_DMA_RX_Data  driveruart.o
    0x08003cfc   0x08003cfc   0x00000040   Code   RO         4510    i.USART3_DMA_TX_Data  driveruart.o
    0x08003d3c   0x08003d3c   0x000000d0   Code   RO         4511    i.USART3_DMA_config  driveruart.o
    0x08003e0c   0x08003e0c   0x0000003c   Code   RO         4512    i.USART3_IRQHandler  driveruart.o
    0x08003e48   0x08003e48   0x000000e8   Code   RO         4513    i.USART3_Init       driveruart.o
    0x08003f30   0x08003f30   0x00000018   Code   RO         3902    i.USART_Cmd         stm32f10x_usart.o
    0x08003f48   0x08003f48   0x00000012   Code   RO         3903    i.USART_DMACmd      stm32f10x_usart.o
    0x08003f5a   0x08003f5a   0x0000001a   Code   RO         3905    i.USART_GetFlagStatus  stm32f10x_usart.o
    0x08003f74   0x08003f74   0x00000054   Code   RO         3906    i.USART_GetITStatus  stm32f10x_usart.o
    0x08003fc8   0x08003fc8   0x0000004a   Code   RO         3908    i.USART_ITConfig    stm32f10x_usart.o
    0x08004012   0x08004012   0x00000002   PAD
    0x08004014   0x08004014   0x000000d8   Code   RO         3909    i.USART_Init        stm32f10x_usart.o
    0x080040ec   0x080040ec   0x0000000a   Code   RO         3916    i.USART_ReceiveData  stm32f10x_usart.o
    0x080040f6   0x080040f6   0x00000008   Code   RO         3919    i.USART_SendData    stm32f10x_usart.o
    0x080040fe   0x080040fe   0x00000004   Code   RO         4196    i.UsageFault_Handler  stm32f10x_it.o
    0x08004102   0x08004102   0x00000002   PAD
    0x08004104   0x08004104   0x00000014   Code   RO         5004    i._DRVTIMER_AddTimer  drivertimer.o
    0x08004118   0x08004118   0x0000000a   Code   RO         4437    i._FLASH_Close      driverflash.o
    0x08004122   0x08004122   0x00000002   PAD
    0x08004124   0x08004124   0x000000d4   Code   RO         4438    i._FLASH_Ioctl      driverflash.o
    0x080041f8   0x080041f8   0x00000004   Code   RO         4439    i._FLASH_Open       driverflash.o
    0x080041fc   0x080041fc   0x00000048   Code   RO         4440    i._Flash_Write_Without_check  driverflash.o
    0x08004244   0x08004244   0x000001a0   Code   RO           43    i._GatewayHeartbeat  apll.o
    0x080043e4   0x080043e4   0x00000004   Code   RO         4656    i._Gps_Close        drivergprs.o
    0x080043e8   0x080043e8   0x00000040   Code   RO         4657    i._Gps_Ioctl        drivergprs.o
    0x08004428   0x08004428   0x0000003c   Code   RO         4658    i._Gps_Open         drivergprs.o
    0x08004464   0x08004464   0x0000001c   Code   RO         4659    i._Gps_Pop          drivergprs.o
    0x08004480   0x08004480   0x00000068   Code   RO         4660    i._Gps_Read         drivergprs.o
    0x080044e8   0x080044e8   0x0000002c   Code   RO         4661    i._Gps_Write        drivergprs.o
    0x08004514   0x08004514   0x00000060   Code   RO         4441    i._MCUFlash_Erash   driverflash.o
    0x08004574   0x08004574   0x00000024   Code   RO         4442    i._MCUFlash_Read    driverflash.o
    0x08004598   0x08004598   0x0000011c   Code   RO         4443    i._MCUFlash_Write   driverflash.o
    0x080046b4   0x080046b4   0x00000004   Code   RO         4303    i._NET_Close        drivernetwork.o
    0x080046b8   0x080046b8   0x0000003c   Code   RO         4304    i._NET_Open         drivernetwork.o
    0x080046f4   0x080046f4   0x00000014   Code   RO         4305    i._NET_Pop          drivernetwork.o
    0x08004708   0x08004708   0x00000070   Code   RO         4306    i._NET_Read         drivernetwork.o
    0x08004778   0x08004778   0x0000002c   Code   RO         4307    i._NET_Write        drivernetwork.o
    0x080047a4   0x080047a4   0x000000e6   Code   RO         5084    i._SHEET_Create     sheet.o
    0x0800488a   0x0800488a   0x0000002c   Code   RO         5087    i._SHEET_GetSheetPoint  sheet.o
    0x080048b6   0x080048b6   0x0000009c   Code   RO         5088    i._SHEET_Initial    sheet.o
    0x08004952   0x08004952   0x00000002   PAD
    0x08004954   0x08004954   0x00000124   Code   RO         5090    i._SHEET_Query      sheet.o
    0x08004a78   0x08004a78   0x00000058   Code   RO         5091    i._SHEET_QueryHead  sheet.o
    0x08004ad0   0x08004ad0   0x000000e0   Code   RO         5092    i._SHEET_Update     sheet.o
    0x08004bb0   0x08004bb0   0x00000004   Code   RO         4400    i._Temper_Close     drivertemper.o
    0x08004bb4   0x08004bb4   0x00000006   Code   RO         4401    i._Temper_Ioctl     drivertemper.o
    0x08004bba   0x08004bba   0x00000004   Code   RO         4402    i._Temper_Open      drivertemper.o
    0x08004bbe   0x08004bbe   0x00000004   Code   RO         4403    i._Temper_Pop       drivertemper.o
    0x08004bc2   0x08004bc2   0x00000020   Code   RO         4404    i._Temper_Read      drivertemper.o
    0x08004be2   0x08004be2   0x00000002   PAD
    0x08004be4   0x08004be4   0x0000001c   Code   RO           44    i._TestTimer        apll.o
    0x08004c00   0x08004c00   0x00000020   Code   RO         5532    i.__0printf         mc_w.l(printfa.o)
    0x08004c20   0x08004c20   0x00000028   Code   RO         5534    i.__0sprintf        mc_w.l(printfa.o)
    0x08004c48   0x08004c48   0x0000005c   Code   RO         5564    i.__free$realloc    mc_w.l(mallocr.o)
    0x08004ca4   0x08004ca4   0x00000050   Code   RO         5565    i.__malloc$realloc  mc_w.l(mallocr.o)
    0x08004cf4   0x08004cf4   0x0000000e   Code   RO         5665    i.__scatterload_copy  mc_w.l(handlers.o)
    0x08004d02   0x08004d02   0x00000002   Code   RO         5666    i.__scatterload_null  mc_w.l(handlers.o)
    0x08004d04   0x08004d04   0x0000000e   Code   RO         5667    i.__scatterload_zeroinit  mc_w.l(handlers.o)
    0x08004d12   0x08004d12   0x00000002   PAD
    0x08004d14   0x08004d14   0x00000184   Code   RO         5539    i._fp_digits        mc_w.l(printfa.o)
    0x08004e98   0x08004e98   0x0000000e   Code   RO         5592    i._is_digit         mc_w.l(scanf_fp.o)
    0x08004ea6   0x08004ea6   0x00000002   PAD
    0x08004ea8   0x08004ea8   0x000006dc   Code   RO         5540    i._printf_core      mc_w.l(printfa.o)
    0x08005584   0x08005584   0x00000024   Code   RO         5541    i._printf_post_padding  mc_w.l(printfa.o)
    0x080055a8   0x080055a8   0x0000002e   Code   RO         5542    i._printf_pre_padding  mc_w.l(printfa.o)
    0x080055d6   0x080055d6   0x0000000a   Code   RO         5544    i._sputc            mc_w.l(printfa.o)
    0x080055e0   0x080055e0   0x0000002e   Code   RO          242    i.add_item_to_array  cjson.o
    0x0800560e   0x0800560e   0x00000076   Code   RO          243    i.add_item_to_object  cjson.o
    0x08005684   0x08005684   0x00000034   Code   RO          257    i.cJSON_AddStringToObject  cjson.o
    0x080056b8   0x080056b8   0x00000018   Code   RO          269    i.cJSON_CreateObject  cjson.o
    0x080056d0   0x080056d0   0x00000034   Code   RO          272    i.cJSON_CreateString  cjson.o
    0x08005704   0x08005704   0x00000058   Code   RO          276    i.cJSON_Delete      cjson.o
    0x0800575c   0x0800575c   0x0000001a   Code   RO          305    i.cJSON_New_Item    cjson.o
    0x08005776   0x08005776   0x00000002   PAD
    0x08005778   0x08005778   0x00000014   Code   RO          311    i.cJSON_PrintUnformatted  cjson.o
    0x0800578c   0x0800578c   0x00000038   Code   RO          320    i.cJSON_strdup      cjson.o
    0x080057c4   0x080057c4   0x00000002   Code   RO          322    i.cast_away_const   cjson.o
    0x080057c6   0x080057c6   0x000000ba   Code   RO          324    i.ensure            cjson.o
    0x08005880   0x08005880   0x00000024   Code   RO         4625    i.fputc             driverdebug.o
    0x080058a4   0x080058a4   0x00000004   Code   RO          326    i.get_decimal_point  cjson.o
    0x080058a8   0x080058a8   0x00000050   Code   RO         5566    i.internal_alloc    mc_w.l(mallocr.o)
    0x080058f8   0x080058f8   0x00000012   Code   RO         5211    i.list_del          timer.o
    0x0800590a   0x0800590a   0x00000024   Code   RO            1    i.main              main.o
    0x0800592e   0x0800592e   0x000000b2   Code   RO          335    i.print             cjson.o
    0x080059e0   0x080059e0   0x000000b2   Code   RO          336    i.print_array       cjson.o
    0x08005a92   0x08005a92   0x00000002   PAD
    0x08005a94   0x08005a94   0x000000f4   Code   RO          337    i.print_number      cjson.o
    0x08005b88   0x08005b88   0x00000174   Code   RO          338    i.print_object      cjson.o
    0x08005cfc   0x08005cfc   0x00000010   Code   RO          339    i.print_string      cjson.o
    0x08005d0c   0x08005d0c   0x00000174   Code   RO          340    i.print_string_ptr  cjson.o
    0x08005e80   0x08005e80   0x00000104   Code   RO          341    i.print_value       cjson.o
    0x08005f84   0x08005f84   0x0000006c   Code   RO         5567    i.realloc           mc_w.l(mallocr.o)
    0x08005ff0   0x08005ff0   0x00000006   Code   RO          346    i.suffix_object     cjson.o
    0x08005ff6   0x08005ff6   0x00000024   Code   RO          347    i.update_offset     cjson.o
    0x0800601a   0x0800601a   0x00000040   Data   RO         5661    .constdata          mc_w.l(ctype_c.o)
    0x0800605a   0x0800605a   0x00000002   PAD
    0x0800605c   0x0800605c   0x0000004e   Data   RO         4626    .conststring        driverdebug.o
    0x080060aa   0x080060aa   0x00000002   PAD
    0x080060ac   0x080060ac   0x00000020   Data   RO         5663    Region$$Table       anon$$obj.o


    Execution Region RW_IRAM1 (Exec base: 0x20000000, Load base: 0x080060cc, Size: 0x000025d0, Max: 0x00005000, ABSOLUTE)

    Exec Addr    Load Addr    Size         Type   Attr      Idx    E Section Name        Object

    0x20000000   0x080060cc   0x00000005   Data   RW           45    .data               apll.o
    0x20000005   0x080060d1   0x00000003   PAD
    0x20000008   0x080060d4   0x00000014   Data   RW          350    .data               cjson.o
    0x2000001c   0x080060e8   0x00000001   Data   RW          889    .data               endian_swap.o
    0x2000001d   0x080060e9   0x00000014   Data   RW         1506    .data               stm32f10x_rcc.o
    0x20000031   0x080060fd   0x00000003   PAD
    0x20000034   0x08006100   0x00000014   Data   RW         4143    .data               system_stm32f10x.o
    0x20000048   0x08006114   0x00000002   Data   RW         4309    .data               drivernetwork.o
    0x2000004a   0x08006116   0x00000008   Data   RW         4663    .data               drivergprs.o
    0x20000052   0x0800611e   0x00000002   PAD
    0x20000054   0x08006120   0x00000008   Data   RW         4765    .data               driverfile.o
    0x2000005c   0x08006128   0x00000008   Data   RW         4972    .data               drivertime.o
    0x20000064   0x08006130   0x00000008   Data   RW         5005    .data               drivertimer.o
    0x2000006c   0x08006138   0x00000004   Data   RW         5620    .data               mc_w.l(stdout.o)
    0x20000070   0x0800613c   0x00000004   Data   RW         5627    .data               mc_w.l(mvars.o)
    0x20000074   0x08006140   0x00000004   Data   RW         5628    .data               mc_w.l(mvars.o)
    0x20000078        -       0x00000010   Zero   RW          128    .bss                database.o
    0x20000088        -       0x00000083   Zero   RW         4308    .bss                drivernetwork.o
    0x2000010b        -       0x00000400   Zero   RW         4444    .bss                driverflash.o
    0x2000050b        -       0x0000030c   Zero   RW         4514    .bss                driveruart.o
    0x20000817   0x08006144   0x00000001   PAD
    0x20000818        -       0x000001a6   Zero   RW         4662    .bss                drivergprs.o
    0x200009be   0x08006144   0x00000002   PAD
    0x200009c0        -       0x0000000c   Zero   RW         4935    .bss                driverrtc.o
    0x200009cc   0x08006144   0x00000004   PAD
    0x200009d0        -       0x00000c00   Zero   RW         4263    HEAP                startup_stm32f10x_hd.o
    0x200015d0        -       0x00001000   Zero   RW         4262    STACK               startup_stm32f10x_hd.o


==============================================================================

Image component sizes


      Code (inc. data)   RO Data    RW Data    ZI Data      Debug   Object Name

      1038        120          0          0          0       6635   allblemesh.o
      1180        204          0          5          0      12855   apll.o
      2336         86          0         20          0      18004   cjson.o
         0          0          0          0          0         32   core_cm3.o
       220         40          0          0         16       3476   database.o
       172         54          0          0          0       3217   driverblemesh.o
       184         20         78          0          0       2417   driverdebug.o
       304         24          0          8          0       3624   driverfile.o
       786         36          0          0       1024      22775   driverflash.o
      2020        568          0          8        422      11198   drivergprs.o
         0          0          0          0          0        652   driveriwdog.o
       592          0          0          0          0       7461   drivermanager.o
       756         86          0          2        131       6822   drivernetwork.o
       146         32          0          0          0       3539   driverpressure.o
        16          6          0          0         12        667   driverrtc.o
       138         26          0          0          0       3493   drivertemper.o
       216         22          0          8          0       2552   drivertime.o
       184         24          0          8          0       3764   drivertimer.o
      2500        262          0          0        780      14048   driveruart.o
        44         10          0          1          0        719   endian_swap.o
        36          0          0          0          0       4727   main.o
       132         22          0          0          0     224971   misc.o
       266          0          0          0          0       3052   queue.o
      1436         50          0          0          0      11243   sheet.o
        36          8        304          0       7168        888   startup_stm32f10x_hd.o
       514         26          0          0          0      15836   stm32f10x_dma.o
       286         36          0          0          0      10556   stm32f10x_flash.o
       422          6          0          0          0       2898   stm32f10x_gpio.o
        32          0          0          0          0       4402   stm32f10x_it.o
       308         38          0         20          0       5162   stm32f10x_rcc.o
       460          6          0          0          0      13152   stm32f10x_usart.o
       612         62          0         20          0      19655   system_stm32f10x.o
       464          0          0          0          0       7377   timer.o

    ----------------------------------------------------------------------
     17874       1874        416        108       9560     451869   Object Totals
         0          0         32          0          0          0   (incl. Generated)
        38          0          2          8          7          0   (incl. Padding)

    ----------------------------------------------------------------------

      Code (inc. data)   RO Data    RW Data    ZI Data      Debug   Library Member Name

        56          8          0          0          0         84   __0sscanf.o
       812          4          0          0          0        112   _scanf.o
        64          0          0          0          0         84   _sgetc.o
        40          6         64          0          0         68   ctype_c.o
         0          0          0          0          0          0   entry.o
         0          0          0          0          0          0   entry10a.o
         0          0          0          0          0          0   entry11a.o
         8          4          0          0          0          0   entry2.o
         4          0          0          0          0          0   entry5.o
         0          0          0          0          0          0   entry7b.o
         0          0          0          0          0          0   entry8b.o
         8          4          0          0          0          0   entry9a.o
        30          0          0          0          0          0   handlers.o
        36          8          0          0          0         68   init.o
        10          0          0          0          0         68   isspace_c.o
         0          0          0          0          0          0   iusefp.o
        30          0          0          0          0         68   llshl.o
        36          0          0          0          0         68   llsshr.o
        32          0          0          0          0         68   llushr.o
       360         30          0          0          0        356   mallocr.o
        36          0          0          0          0         68   memcpya.o
        36          0          0          0          0        108   memseta.o
         0          0          0          8          0          0   mvars.o
      2308         96          0          0          0        604   printfa.o
        40          8          0          0          0         84   scanf_char.o
       878         12          0          0          0        216   scanf_fp.o
         0          0          0          4          0          0   stdout.o
        24          0          0          0          0         68   strcat.o
        28          0          0          0          0         76   strcmp.o
        18          0          0          0          0         68   strcpy.o
        14          0          0          0          0         68   strlen.o
        24          0          0          0          0         76   strncpy.o
        36          0          0          0          0         80   strstr.o
        44          0          0          0          0         80   uidiv.o
        98          0          0          0          0         92   uldiv.o
        48          0          0          0          0         68   cdcmple.o
        48          0          0          0          0         68   cdrcmple.o
        56          0          0          0          0         88   d2f.o
       334          0          0          0          0        148   dadd.o
       222          0          0          0          0        100   ddiv.o
       186          0          0          0          0        176   depilogue.o
        48          0          0          0          0         68   dfixul.o
        24          0          0          0          0         76   dfltul.o
       228          0          0          0          0         96   dmul.o
       110          0          0          0          0        168   fepilogue.o

    ----------------------------------------------------------------------
      6424        180         66         12          0       3788   Library Totals
        10          0          2          0          0          0   (incl. Padding)

    ----------------------------------------------------------------------

      Code (inc. data)   RO Data    RW Data    ZI Data      Debug   Library Name

      5110        180         64         12          0       2732   mc_w.l
      1304          0          0          0          0       1056   mf_w.l

    ----------------------------------------------------------------------
      6424        180         66         12          0       3788   Library Totals

    ----------------------------------------------------------------------

==============================================================================


      Code (inc. data)   RO Data    RW Data    ZI Data      Debug   

     24298       2054        482        120       9560     443225   Grand Totals
     24298       2054        482        120       9560     443225   ELF Image Totals
     24298       2054        482        120          0          0   ROM Totals

==============================================================================

    Total RO  Size (Code + RO Data)                24780 (  24.20kB)
    Total RW  Size (RW Data + ZI Data)              9680 (   9.45kB)
    Total ROM Size (Code + RO Data + RW Data)      24900 (  24.32kB)

==============================================================================

