<!doctype html public "-//w3c//dtd html 4.0 transitional//en">
<html><head>
<title>Static Call Graph - [.\Obj\Project.axf]</title></head>
<body><HR>
<H1>Static Call Graph for image .\Obj\Project.axf</H1><HR>
<BR><P>#&#060CALLGRAPH&#062# ARM Linker, 5060528: Last Updated: Sun Jul 28 20:37:24 2019
<BR><P>
<H3>Maximum Stack Usage =       1032 bytes + Unknown(Cycles, Untraceable Function Pointers)</H3><H3>
Call chain for Maximum Stack Depth:</H3>
main &rArr; ALL_Run &rArr; ALL_Task &rArr; ALL_BleMeshHandle &rArr; BleMeshNodeStatusReport &rArr; cJSON_PrintUnformatted &rArr; print &rArr; print_value &rArr; print_number &rArr; __0sscanf &rArr; __vfscanf_char &rArr; __vfscanf &rArr; _scanf_real
<P>
<H3>
Mutually Recursive functions
</H3> <LI><a href="#[1c]">ADC1_2_IRQHandler</a>&nbsp;&nbsp;&nbsp;&rArr;&nbsp;&nbsp;&nbsp;<a href="#[1c]">ADC1_2_IRQHandler</a><BR>
 <LI><a href="#[13e]">print_object</a>&nbsp;&nbsp;&nbsp;&rArr;&nbsp;&nbsp;&nbsp;<a href="#[138]">print_value</a><BR>
 <LI><a href="#[13a]">print_array</a>&nbsp;&nbsp;&nbsp;&rArr;&nbsp;&nbsp;&nbsp;<a href="#[138]">print_value</a><BR>
 <LI><a href="#[9b]">cJSON_Delete</a>&nbsp;&nbsp;&nbsp;&rArr;&nbsp;&nbsp;&nbsp;<a href="#[9b]">cJSON_Delete</a><BR>
</UL>
<P>
<H3>
Function Pointers
</H3><UL>
 <LI><a href="#[1c]">ADC1_2_IRQHandler</a> from startup_stm32f10x_hd.o(.text) referenced from startup_stm32f10x_hd.o(RESET)
 <LI><a href="#[39]">ADC3_IRQHandler</a> from startup_stm32f10x_hd.o(.text) referenced from startup_stm32f10x_hd.o(RESET)
 <LI><a href="#[4f]">ALL_BleMeshHeartbeatTimeout</a> from allblemesh.o(i.ALL_BleMeshHeartbeatTimeout) referenced from apll.o(i.ALL_Init)
 <LI><a href="#[4e]">ALL_BleMeshTxHeartbeat</a> from allblemesh.o(i.ALL_BleMeshTxHeartbeat) referenced from apll.o(i.ALL_Init)
 <LI><a href="#[4]">BusFault_Handler</a> from stm32f10x_it.o(i.BusFault_Handler) referenced from startup_stm32f10x_hd.o(RESET)
 <LI><a href="#[1f]">CAN1_RX1_IRQHandler</a> from startup_stm32f10x_hd.o(.text) referenced from startup_stm32f10x_hd.o(RESET)
 <LI><a href="#[20]">CAN1_SCE_IRQHandler</a> from startup_stm32f10x_hd.o(.text) referenced from startup_stm32f10x_hd.o(RESET)
 <LI><a href="#[15]">DMA1_Channel1_IRQHandler</a> from startup_stm32f10x_hd.o(.text) referenced from startup_stm32f10x_hd.o(RESET)
 <LI><a href="#[16]">DMA1_Channel2_IRQHandler</a> from driveruart.o(i.DMA1_Channel2_IRQHandler) referenced from startup_stm32f10x_hd.o(RESET)
 <LI><a href="#[17]">DMA1_Channel3_IRQHandler</a> from startup_stm32f10x_hd.o(.text) referenced from startup_stm32f10x_hd.o(RESET)
 <LI><a href="#[18]">DMA1_Channel4_IRQHandler</a> from driveruart.o(i.DMA1_Channel4_IRQHandler) referenced from startup_stm32f10x_hd.o(RESET)
 <LI><a href="#[19]">DMA1_Channel5_IRQHandler</a> from startup_stm32f10x_hd.o(.text) referenced from startup_stm32f10x_hd.o(RESET)
 <LI><a href="#[1a]">DMA1_Channel6_IRQHandler</a> from startup_stm32f10x_hd.o(.text) referenced from startup_stm32f10x_hd.o(RESET)
 <LI><a href="#[1b]">DMA1_Channel7_IRQHandler</a> from driveruart.o(i.DMA1_Channel7_IRQHandler) referenced from startup_stm32f10x_hd.o(RESET)
 <LI><a href="#[42]">DMA2_Channel1_IRQHandler</a> from startup_stm32f10x_hd.o(.text) referenced from startup_stm32f10x_hd.o(RESET)
 <LI><a href="#[43]">DMA2_Channel2_IRQHandler</a> from startup_stm32f10x_hd.o(.text) referenced from startup_stm32f10x_hd.o(RESET)
 <LI><a href="#[44]">DMA2_Channel3_IRQHandler</a> from startup_stm32f10x_hd.o(.text) referenced from startup_stm32f10x_hd.o(RESET)
 <LI><a href="#[45]">DMA2_Channel4_5_IRQHandler</a> from startup_stm32f10x_hd.o(.text) referenced from startup_stm32f10x_hd.o(RESET)
 <LI><a href="#[51]">DRIVER_BleMeshOpen</a> from driverblemesh.o(i.DRIVER_BleMeshOpen) referenced from driverblemesh.o(i.DRIVER_BleMeshInit)
 <LI><a href="#[54]">DRIVER_BleMeshPop</a> from driverblemesh.o(i.DRIVER_BleMeshPop) referenced from driverblemesh.o(i.DRIVER_BleMeshInit)
 <LI><a href="#[52]">DRIVER_BleMeshRead</a> from driverblemesh.o(i.DRIVER_BleMeshRead) referenced from driverblemesh.o(i.DRIVER_BleMeshInit)
 <LI><a href="#[53]">DRIVER_BleMeshWrite</a> from driverblemesh.o(i.DRIVER_BleMeshWrite) referenced from driverblemesh.o(i.DRIVER_BleMeshInit)
 <LI><a href="#[7]">DebugMon_Handler</a> from stm32f10x_it.o(i.DebugMon_Handler) referenced from startup_stm32f10x_hd.o(RESET)
 <LI><a href="#[10]">EXTI0_IRQHandler</a> from startup_stm32f10x_hd.o(.text) referenced from startup_stm32f10x_hd.o(RESET)
 <LI><a href="#[32]">EXTI15_10_IRQHandler</a> from startup_stm32f10x_hd.o(.text) referenced from startup_stm32f10x_hd.o(RESET)
 <LI><a href="#[11]">EXTI1_IRQHandler</a> from startup_stm32f10x_hd.o(.text) referenced from startup_stm32f10x_hd.o(RESET)
 <LI><a href="#[12]">EXTI2_IRQHandler</a> from startup_stm32f10x_hd.o(.text) referenced from startup_stm32f10x_hd.o(RESET)
 <LI><a href="#[13]">EXTI3_IRQHandler</a> from startup_stm32f10x_hd.o(.text) referenced from startup_stm32f10x_hd.o(RESET)
 <LI><a href="#[14]">EXTI4_IRQHandler</a> from startup_stm32f10x_hd.o(.text) referenced from startup_stm32f10x_hd.o(RESET)
 <LI><a href="#[21]">EXTI9_5_IRQHandler</a> from startup_stm32f10x_hd.o(.text) referenced from startup_stm32f10x_hd.o(RESET)
 <LI><a href="#[e]">FLASH_IRQHandler</a> from startup_stm32f10x_hd.o(.text) referenced from startup_stm32f10x_hd.o(RESET)
 <LI><a href="#[3a]">FSMC_IRQHandler</a> from startup_stm32f10x_hd.o(.text) referenced from startup_stm32f10x_hd.o(RESET)
 <LI><a href="#[2]">HardFault_Handler</a> from stm32f10x_it.o(i.HardFault_Handler) referenced from startup_stm32f10x_hd.o(RESET)
 <LI><a href="#[2a]">I2C1_ER_IRQHandler</a> from startup_stm32f10x_hd.o(.text) referenced from startup_stm32f10x_hd.o(RESET)
 <LI><a href="#[29]">I2C1_EV_IRQHandler</a> from startup_stm32f10x_hd.o(.text) referenced from startup_stm32f10x_hd.o(RESET)
 <LI><a href="#[2c]">I2C2_ER_IRQHandler</a> from startup_stm32f10x_hd.o(.text) referenced from startup_stm32f10x_hd.o(RESET)
 <LI><a href="#[2b]">I2C2_EV_IRQHandler</a> from startup_stm32f10x_hd.o(.text) referenced from startup_stm32f10x_hd.o(RESET)
 <LI><a href="#[3]">MemManage_Handler</a> from stm32f10x_it.o(i.MemManage_Handler) referenced from startup_stm32f10x_hd.o(RESET)
 <LI><a href="#[6d]">NETUart_TaskHandler</a> from drivernetwork.o(i.NETUart_TaskHandler) referenced from drivernetwork.o(i.NETUart_TaskHandler)
 <LI><a href="#[6d]">NETUart_TaskHandler</a> from drivernetwork.o(i.NETUart_TaskHandler) referenced from drivernetwork.o(i._NET_Open)
 <LI><a href="#[1]">NMI_Handler</a> from stm32f10x_it.o(i.NMI_Handler) referenced from startup_stm32f10x_hd.o(RESET)
 <LI><a href="#[b]">PVD_IRQHandler</a> from startup_stm32f10x_hd.o(.text) referenced from startup_stm32f10x_hd.o(RESET)
 <LI><a href="#[8]">PendSV_Handler</a> from stm32f10x_it.o(i.PendSV_Handler) referenced from startup_stm32f10x_hd.o(RESET)
 <LI><a href="#[65]">Pressure_Close</a> from driverpressure.o(i.Pressure_Close) referenced from driverpressure.o(i.DRIVER_Pressure_Init)
 <LI><a href="#[66]">Pressure_Ioctl</a> from driverpressure.o(i.Pressure_Ioctl) referenced from driverpressure.o(i.DRIVER_Pressure_Init)
 <LI><a href="#[63]">Pressure_Open</a> from driverpressure.o(i.Pressure_Open) referenced from driverpressure.o(i.DRIVER_Pressure_Init)
 <LI><a href="#[67]">Pressure_Pop</a> from driverpressure.o(i.Pressure_Pop) referenced from driverpressure.o(i.DRIVER_Pressure_Init)
 <LI><a href="#[64]">Pressure_Read</a> from driverpressure.o(i.Pressure_Read) referenced from driverpressure.o(i.DRIVER_Pressure_Init)
 <LI><a href="#[f]">RCC_IRQHandler</a> from startup_stm32f10x_hd.o(.text) referenced from startup_stm32f10x_hd.o(RESET)
 <LI><a href="#[33]">RTCAlarm_IRQHandler</a> from startup_stm32f10x_hd.o(.text) referenced from startup_stm32f10x_hd.o(RESET)
 <LI><a href="#[d]">RTC_IRQHandler</a> from startup_stm32f10x_hd.o(.text) referenced from startup_stm32f10x_hd.o(RESET)
 <LI><a href="#[0]">Reset_Handler</a> from startup_stm32f10x_hd.o(.text) referenced from startup_stm32f10x_hd.o(RESET)
 <LI><a href="#[3b]">SDIO_IRQHandler</a> from startup_stm32f10x_hd.o(.text) referenced from startup_stm32f10x_hd.o(RESET)
 <LI><a href="#[2d]">SPI1_IRQHandler</a> from startup_stm32f10x_hd.o(.text) referenced from startup_stm32f10x_hd.o(RESET)
 <LI><a href="#[2e]">SPI2_IRQHandler</a> from startup_stm32f10x_hd.o(.text) referenced from startup_stm32f10x_hd.o(RESET)
 <LI><a href="#[3d]">SPI3_IRQHandler</a> from startup_stm32f10x_hd.o(.text) referenced from startup_stm32f10x_hd.o(RESET)
 <LI><a href="#[6]">SVC_Handler</a> from stm32f10x_it.o(i.SVC_Handler) referenced from startup_stm32f10x_hd.o(RESET)
 <LI><a href="#[9]">SysTick_Handler</a> from stm32f10x_it.o(i.SysTick_Handler) referenced from startup_stm32f10x_hd.o(RESET)
 <LI><a href="#[47]">SystemInit</a> from system_stm32f10x.o(i.SystemInit) referenced from startup_stm32f10x_hd.o(.text)
 <LI><a href="#[c]">TAMPER_IRQHandler</a> from startup_stm32f10x_hd.o(.text) referenced from startup_stm32f10x_hd.o(RESET)
 <LI><a href="#[22]">TIM1_BRK_IRQHandler</a> from startup_stm32f10x_hd.o(.text) referenced from startup_stm32f10x_hd.o(RESET)
 <LI><a href="#[25]">TIM1_CC_IRQHandler</a> from startup_stm32f10x_hd.o(.text) referenced from startup_stm32f10x_hd.o(RESET)
 <LI><a href="#[24]">TIM1_TRG_COM_IRQHandler</a> from startup_stm32f10x_hd.o(.text) referenced from startup_stm32f10x_hd.o(RESET)
 <LI><a href="#[23]">TIM1_UP_IRQHandler</a> from startup_stm32f10x_hd.o(.text) referenced from startup_stm32f10x_hd.o(RESET)
 <LI><a href="#[26]">TIM2_IRQHandler</a> from startup_stm32f10x_hd.o(.text) referenced from startup_stm32f10x_hd.o(RESET)
 <LI><a href="#[27]">TIM3_IRQHandler</a> from startup_stm32f10x_hd.o(.text) referenced from startup_stm32f10x_hd.o(RESET)
 <LI><a href="#[28]">TIM4_IRQHandler</a> from startup_stm32f10x_hd.o(.text) referenced from startup_stm32f10x_hd.o(RESET)
 <LI><a href="#[3c]">TIM5_IRQHandler</a> from startup_stm32f10x_hd.o(.text) referenced from startup_stm32f10x_hd.o(RESET)
 <LI><a href="#[40]">TIM6_IRQHandler</a> from startup_stm32f10x_hd.o(.text) referenced from startup_stm32f10x_hd.o(RESET)
 <LI><a href="#[41]">TIM7_IRQHandler</a> from startup_stm32f10x_hd.o(.text) referenced from startup_stm32f10x_hd.o(RESET)
 <LI><a href="#[35]">TIM8_BRK_IRQHandler</a> from startup_stm32f10x_hd.o(.text) referenced from startup_stm32f10x_hd.o(RESET)
 <LI><a href="#[38]">TIM8_CC_IRQHandler</a> from startup_stm32f10x_hd.o(.text) referenced from startup_stm32f10x_hd.o(RESET)
 <LI><a href="#[37]">TIM8_TRG_COM_IRQHandler</a> from startup_stm32f10x_hd.o(.text) referenced from startup_stm32f10x_hd.o(RESET)
 <LI><a href="#[36]">TIM8_UP_IRQHandler</a> from startup_stm32f10x_hd.o(.text) referenced from startup_stm32f10x_hd.o(RESET)
 <LI><a href="#[3e]">UART4_IRQHandler</a> from startup_stm32f10x_hd.o(.text) referenced from startup_stm32f10x_hd.o(RESET)
 <LI><a href="#[3f]">UART5_IRQHandler</a> from startup_stm32f10x_hd.o(.text) referenced from startup_stm32f10x_hd.o(RESET)
 <LI><a href="#[2f]">USART1_IRQHandler</a> from driveruart.o(i.USART1_IRQHandler) referenced from startup_stm32f10x_hd.o(RESET)
 <LI><a href="#[30]">USART2_IRQHandler</a> from driveruart.o(i.USART2_IRQHandler) referenced from startup_stm32f10x_hd.o(RESET)
 <LI><a href="#[31]">USART3_IRQHandler</a> from driveruart.o(i.USART3_IRQHandler) referenced from startup_stm32f10x_hd.o(RESET)
 <LI><a href="#[34]">USBWakeUp_IRQHandler</a> from startup_stm32f10x_hd.o(.text) referenced from startup_stm32f10x_hd.o(RESET)
 <LI><a href="#[1d]">USB_HP_CAN1_TX_IRQHandler</a> from startup_stm32f10x_hd.o(.text) referenced from startup_stm32f10x_hd.o(RESET)
 <LI><a href="#[1e]">USB_LP_CAN1_RX0_IRQHandler</a> from startup_stm32f10x_hd.o(.text) referenced from startup_stm32f10x_hd.o(RESET)
 <LI><a href="#[5]">UsageFault_Handler</a> from stm32f10x_it.o(i.UsageFault_Handler) referenced from startup_stm32f10x_hd.o(RESET)
 <LI><a href="#[a]">WWDG_IRQHandler</a> from startup_stm32f10x_hd.o(.text) referenced from startup_stm32f10x_hd.o(RESET)
 <LI><a href="#[56]">_FLASH_Close</a> from driverflash.o(i._FLASH_Close) referenced from driverflash.o(i.DRIVER_FLASH_Init)
 <LI><a href="#[57]">_FLASH_Ioctl</a> from driverflash.o(i._FLASH_Ioctl) referenced from driverflash.o(i.DRIVER_FLASH_Init)
 <LI><a href="#[55]">_FLASH_Open</a> from driverflash.o(i._FLASH_Open) referenced from driverflash.o(i.DRIVER_FLASH_Init)
 <LI><a href="#[50]">_GatewayHeartbeat</a> from apll.o(i._GatewayHeartbeat) referenced from apll.o(i.ALL_Init)
 <LI><a href="#[5b]">_Gps_Close</a> from drivergprs.o(i._Gps_Close) referenced from drivergprs.o(i.DRIVER_Gps_Init)
 <LI><a href="#[5c]">_Gps_Ioctl</a> from drivergprs.o(i._Gps_Ioctl) referenced from drivergprs.o(i.DRIVER_Gps_Init)
 <LI><a href="#[58]">_Gps_Open</a> from drivergprs.o(i._Gps_Open) referenced from drivergprs.o(i.DRIVER_Gps_Init)
 <LI><a href="#[5d]">_Gps_Pop</a> from drivergprs.o(i._Gps_Pop) referenced from drivergprs.o(i.DRIVER_Gps_Init)
 <LI><a href="#[59]">_Gps_Read</a> from drivergprs.o(i._Gps_Read) referenced from drivergprs.o(i.DRIVER_Gps_Init)
 <LI><a href="#[5a]">_Gps_Write</a> from drivergprs.o(i._Gps_Write) referenced from drivergprs.o(i.DRIVER_Gps_Init)
 <LI><a href="#[61]">_NET_Close</a> from drivernetwork.o(i._NET_Close) referenced from drivernetwork.o(i.DRIVER_NetWork_Init)
 <LI><a href="#[5e]">_NET_Open</a> from drivernetwork.o(i._NET_Open) referenced from drivernetwork.o(i.DRIVER_NetWork_Init)
 <LI><a href="#[62]">_NET_Pop</a> from drivernetwork.o(i._NET_Pop) referenced from drivernetwork.o(i.DRIVER_NetWork_Init)
 <LI><a href="#[5f]">_NET_Read</a> from drivernetwork.o(i._NET_Read) referenced from drivernetwork.o(i.DRIVER_NetWork_Init)
 <LI><a href="#[60]">_NET_Write</a> from drivernetwork.o(i._NET_Write) referenced from drivernetwork.o(i.DRIVER_NetWork_Init)
 <LI><a href="#[6a]">_Temper_Close</a> from drivertemper.o(i._Temper_Close) referenced from drivertemper.o(i.DRIVER_Temper_Init)
 <LI><a href="#[6b]">_Temper_Ioctl</a> from drivertemper.o(i._Temper_Ioctl) referenced from drivertemper.o(i.DRIVER_Temper_Init)
 <LI><a href="#[68]">_Temper_Open</a> from drivertemper.o(i._Temper_Open) referenced from drivertemper.o(i.DRIVER_Temper_Init)
 <LI><a href="#[6c]">_Temper_Pop</a> from drivertemper.o(i._Temper_Pop) referenced from drivertemper.o(i.DRIVER_Temper_Init)
 <LI><a href="#[69]">_Temper_Read</a> from drivertemper.o(i._Temper_Read) referenced from drivertemper.o(i.DRIVER_Temper_Init)
 <LI><a href="#[4d]">_TestTimer</a> from apll.o(i._TestTimer) referenced from apll.o(i.ALL_Init)
 <LI><a href="#[48]">__main</a> from entry.o(.ARM.Collect$$$$00000000) referenced from startup_stm32f10x_hd.o(.text)
 <LI><a href="#[4a]">_sbackspace</a> from _sgetc.o(.text) referenced from __0sscanf.o(.text)
 <LI><a href="#[4b]">_scanf_char_input</a> from scanf_char.o(.text) referenced from scanf_char.o(.text)
 <LI><a href="#[49]">_sgetc</a> from _sgetc.o(.text) referenced from __0sscanf.o(.text)
 <LI><a href="#[6f]">_sputc</a> from printfa.o(i._sputc) referenced from printfa.o(i.__0sprintf)
 <LI><a href="#[6e]">fputc</a> from driverdebug.o(i.fputc) referenced from printfa.o(i.__0printf)
 <LI><a href="#[71]">free</a> from mallocr.o(i.__free$realloc) referenced from cjson.o(.data)
 <LI><a href="#[4c]">isspace</a> from isspace_c.o(.text) referenced from scanf_char.o(.text)
 <LI><a href="#[46]">main</a> from main.o(i.main) referenced from entry9a.o(.ARM.Collect$$$$0000000B)
 <LI><a href="#[70]">malloc</a> from mallocr.o(i.__malloc$realloc) referenced from cjson.o(.data)
 <LI><a href="#[72]">realloc</a> from mallocr.o(i.realloc) referenced from cjson.o(.data)
</UL>
<P>
<H3>
Global Symbols
</H3>
<P><STRONG><a name="[48]"></a>__main</STRONG> (Thumb, 0 bytes, Stack size unknown bytes, entry.o(.ARM.Collect$$$$00000000))
<BR>[Address Reference Count : 1]<UL><LI> startup_stm32f10x_hd.o(.text)
</UL>
<P><STRONG><a name="[141]"></a>_main_stk</STRONG> (Thumb, 0 bytes, Stack size unknown bytes, entry2.o(.ARM.Collect$$$$00000001))

<P><STRONG><a name="[73]"></a>_main_scatterload</STRONG> (Thumb, 0 bytes, Stack size unknown bytes, entry5.o(.ARM.Collect$$$$00000004))
<BR><BR>[Calls]<UL><LI><a href="#[74]">&gt;&gt;</a>&nbsp;&nbsp;&nbsp;__scatterload
</UL>

<P><STRONG><a name="[8d]"></a>__main_after_scatterload</STRONG> (Thumb, 0 bytes, Stack size unknown bytes, entry5.o(.ARM.Collect$$$$00000004))
<BR><BR>[Called By]<UL><LI><a href="#[74]">&gt;&gt;</a>&nbsp;&nbsp;&nbsp;__scatterload
</UL>

<P><STRONG><a name="[142]"></a>_main_clock</STRONG> (Thumb, 0 bytes, Stack size unknown bytes, entry7b.o(.ARM.Collect$$$$00000008))

<P><STRONG><a name="[143]"></a>_main_cpp_init</STRONG> (Thumb, 0 bytes, Stack size unknown bytes, entry8b.o(.ARM.Collect$$$$0000000A))

<P><STRONG><a name="[144]"></a>_main_init</STRONG> (Thumb, 0 bytes, Stack size unknown bytes, entry9a.o(.ARM.Collect$$$$0000000B))

<P><STRONG><a name="[145]"></a>__rt_final_cpp</STRONG> (Thumb, 0 bytes, Stack size unknown bytes, entry10a.o(.ARM.Collect$$$$0000000D))

<P><STRONG><a name="[146]"></a>__rt_final_exit</STRONG> (Thumb, 0 bytes, Stack size unknown bytes, entry11a.o(.ARM.Collect$$$$0000000F))

<P><STRONG><a name="[0]"></a>Reset_Handler</STRONG> (Thumb, 8 bytes, Stack size 0 bytes, startup_stm32f10x_hd.o(.text))
<BR>[Address Reference Count : 1]<UL><LI> startup_stm32f10x_hd.o(RESET)
</UL>
<P><STRONG><a name="[1c]"></a>ADC1_2_IRQHandler</STRONG> (Thumb, 0 bytes, Stack size 0 bytes, startup_stm32f10x_hd.o(.text))
<BR><BR>[Calls]<UL><LI><a href="#[1c]">&gt;&gt;</a>&nbsp;&nbsp;&nbsp;ADC1_2_IRQHandler
</UL>
<BR>[Called By]<UL><LI><a href="#[1c]">&gt;&gt;</a>&nbsp;&nbsp;&nbsp;ADC1_2_IRQHandler
</UL>
<BR>[Address Reference Count : 1]<UL><LI> startup_stm32f10x_hd.o(RESET)
</UL>
<P><STRONG><a name="[39]"></a>ADC3_IRQHandler</STRONG> (Thumb, 0 bytes, Stack size 0 bytes, startup_stm32f10x_hd.o(.text))
<BR>[Address Reference Count : 1]<UL><LI> startup_stm32f10x_hd.o(RESET)
</UL>
<P><STRONG><a name="[1f]"></a>CAN1_RX1_IRQHandler</STRONG> (Thumb, 0 bytes, Stack size 0 bytes, startup_stm32f10x_hd.o(.text))
<BR>[Address Reference Count : 1]<UL><LI> startup_stm32f10x_hd.o(RESET)
</UL>
<P><STRONG><a name="[20]"></a>CAN1_SCE_IRQHandler</STRONG> (Thumb, 0 bytes, Stack size 0 bytes, startup_stm32f10x_hd.o(.text))
<BR>[Address Reference Count : 1]<UL><LI> startup_stm32f10x_hd.o(RESET)
</UL>
<P><STRONG><a name="[15]"></a>DMA1_Channel1_IRQHandler</STRONG> (Thumb, 0 bytes, Stack size 0 bytes, startup_stm32f10x_hd.o(.text))
<BR>[Address Reference Count : 1]<UL><LI> startup_stm32f10x_hd.o(RESET)
</UL>
<P><STRONG><a name="[17]"></a>DMA1_Channel3_IRQHandler</STRONG> (Thumb, 0 bytes, Stack size 0 bytes, startup_stm32f10x_hd.o(.text))
<BR>[Address Reference Count : 1]<UL><LI> startup_stm32f10x_hd.o(RESET)
</UL>
<P><STRONG><a name="[19]"></a>DMA1_Channel5_IRQHandler</STRONG> (Thumb, 0 bytes, Stack size 0 bytes, startup_stm32f10x_hd.o(.text))
<BR>[Address Reference Count : 1]<UL><LI> startup_stm32f10x_hd.o(RESET)
</UL>
<P><STRONG><a name="[1a]"></a>DMA1_Channel6_IRQHandler</STRONG> (Thumb, 0 bytes, Stack size 0 bytes, startup_stm32f10x_hd.o(.text))
<BR>[Address Reference Count : 1]<UL><LI> startup_stm32f10x_hd.o(RESET)
</UL>
<P><STRONG><a name="[42]"></a>DMA2_Channel1_IRQHandler</STRONG> (Thumb, 0 bytes, Stack size 0 bytes, startup_stm32f10x_hd.o(.text))
<BR>[Address Reference Count : 1]<UL><LI> startup_stm32f10x_hd.o(RESET)
</UL>
<P><STRONG><a name="[43]"></a>DMA2_Channel2_IRQHandler</STRONG> (Thumb, 0 bytes, Stack size 0 bytes, startup_stm32f10x_hd.o(.text))
<BR>[Address Reference Count : 1]<UL><LI> startup_stm32f10x_hd.o(RESET)
</UL>
<P><STRONG><a name="[44]"></a>DMA2_Channel3_IRQHandler</STRONG> (Thumb, 0 bytes, Stack size 0 bytes, startup_stm32f10x_hd.o(.text))
<BR>[Address Reference Count : 1]<UL><LI> startup_stm32f10x_hd.o(RESET)
</UL>
<P><STRONG><a name="[45]"></a>DMA2_Channel4_5_IRQHandler</STRONG> (Thumb, 0 bytes, Stack size 0 bytes, startup_stm32f10x_hd.o(.text))
<BR>[Address Reference Count : 1]<UL><LI> startup_stm32f10x_hd.o(RESET)
</UL>
<P><STRONG><a name="[10]"></a>EXTI0_IRQHandler</STRONG> (Thumb, 0 bytes, Stack size 0 bytes, startup_stm32f10x_hd.o(.text))
<BR>[Address Reference Count : 1]<UL><LI> startup_stm32f10x_hd.o(RESET)
</UL>
<P><STRONG><a name="[32]"></a>EXTI15_10_IRQHandler</STRONG> (Thumb, 0 bytes, Stack size 0 bytes, startup_stm32f10x_hd.o(.text))
<BR>[Address Reference Count : 1]<UL><LI> startup_stm32f10x_hd.o(RESET)
</UL>
<P><STRONG><a name="[11]"></a>EXTI1_IRQHandler</STRONG> (Thumb, 0 bytes, Stack size 0 bytes, startup_stm32f10x_hd.o(.text))
<BR>[Address Reference Count : 1]<UL><LI> startup_stm32f10x_hd.o(RESET)
</UL>
<P><STRONG><a name="[12]"></a>EXTI2_IRQHandler</STRONG> (Thumb, 0 bytes, Stack size 0 bytes, startup_stm32f10x_hd.o(.text))
<BR>[Address Reference Count : 1]<UL><LI> startup_stm32f10x_hd.o(RESET)
</UL>
<P><STRONG><a name="[13]"></a>EXTI3_IRQHandler</STRONG> (Thumb, 0 bytes, Stack size 0 bytes, startup_stm32f10x_hd.o(.text))
<BR>[Address Reference Count : 1]<UL><LI> startup_stm32f10x_hd.o(RESET)
</UL>
<P><STRONG><a name="[14]"></a>EXTI4_IRQHandler</STRONG> (Thumb, 0 bytes, Stack size 0 bytes, startup_stm32f10x_hd.o(.text))
<BR>[Address Reference Count : 1]<UL><LI> startup_stm32f10x_hd.o(RESET)
</UL>
<P><STRONG><a name="[21]"></a>EXTI9_5_IRQHandler</STRONG> (Thumb, 0 bytes, Stack size 0 bytes, startup_stm32f10x_hd.o(.text))
<BR>[Address Reference Count : 1]<UL><LI> startup_stm32f10x_hd.o(RESET)
</UL>
<P><STRONG><a name="[e]"></a>FLASH_IRQHandler</STRONG> (Thumb, 0 bytes, Stack size 0 bytes, startup_stm32f10x_hd.o(.text))
<BR>[Address Reference Count : 1]<UL><LI> startup_stm32f10x_hd.o(RESET)
</UL>
<P><STRONG><a name="[3a]"></a>FSMC_IRQHandler</STRONG> (Thumb, 0 bytes, Stack size 0 bytes, startup_stm32f10x_hd.o(.text))
<BR>[Address Reference Count : 1]<UL><LI> startup_stm32f10x_hd.o(RESET)
</UL>
<P><STRONG><a name="[2a]"></a>I2C1_ER_IRQHandler</STRONG> (Thumb, 0 bytes, Stack size 0 bytes, startup_stm32f10x_hd.o(.text))
<BR>[Address Reference Count : 1]<UL><LI> startup_stm32f10x_hd.o(RESET)
</UL>
<P><STRONG><a name="[29]"></a>I2C1_EV_IRQHandler</STRONG> (Thumb, 0 bytes, Stack size 0 bytes, startup_stm32f10x_hd.o(.text))
<BR>[Address Reference Count : 1]<UL><LI> startup_stm32f10x_hd.o(RESET)
</UL>
<P><STRONG><a name="[2c]"></a>I2C2_ER_IRQHandler</STRONG> (Thumb, 0 bytes, Stack size 0 bytes, startup_stm32f10x_hd.o(.text))
<BR>[Address Reference Count : 1]<UL><LI> startup_stm32f10x_hd.o(RESET)
</UL>
<P><STRONG><a name="[2b]"></a>I2C2_EV_IRQHandler</STRONG> (Thumb, 0 bytes, Stack size 0 bytes, startup_stm32f10x_hd.o(.text))
<BR>[Address Reference Count : 1]<UL><LI> startup_stm32f10x_hd.o(RESET)
</UL>
<P><STRONG><a name="[b]"></a>PVD_IRQHandler</STRONG> (Thumb, 0 bytes, Stack size 0 bytes, startup_stm32f10x_hd.o(.text))
<BR>[Address Reference Count : 1]<UL><LI> startup_stm32f10x_hd.o(RESET)
</UL>
<P><STRONG><a name="[f]"></a>RCC_IRQHandler</STRONG> (Thumb, 0 bytes, Stack size 0 bytes, startup_stm32f10x_hd.o(.text))
<BR>[Address Reference Count : 1]<UL><LI> startup_stm32f10x_hd.o(RESET)
</UL>
<P><STRONG><a name="[33]"></a>RTCAlarm_IRQHandler</STRONG> (Thumb, 0 bytes, Stack size 0 bytes, startup_stm32f10x_hd.o(.text))
<BR>[Address Reference Count : 1]<UL><LI> startup_stm32f10x_hd.o(RESET)
</UL>
<P><STRONG><a name="[d]"></a>RTC_IRQHandler</STRONG> (Thumb, 0 bytes, Stack size 0 bytes, startup_stm32f10x_hd.o(.text))
<BR>[Address Reference Count : 1]<UL><LI> startup_stm32f10x_hd.o(RESET)
</UL>
<P><STRONG><a name="[3b]"></a>SDIO_IRQHandler</STRONG> (Thumb, 0 bytes, Stack size 0 bytes, startup_stm32f10x_hd.o(.text))
<BR>[Address Reference Count : 1]<UL><LI> startup_stm32f10x_hd.o(RESET)
</UL>
<P><STRONG><a name="[2d]"></a>SPI1_IRQHandler</STRONG> (Thumb, 0 bytes, Stack size 0 bytes, startup_stm32f10x_hd.o(.text))
<BR>[Address Reference Count : 1]<UL><LI> startup_stm32f10x_hd.o(RESET)
</UL>
<P><STRONG><a name="[2e]"></a>SPI2_IRQHandler</STRONG> (Thumb, 0 bytes, Stack size 0 bytes, startup_stm32f10x_hd.o(.text))
<BR>[Address Reference Count : 1]<UL><LI> startup_stm32f10x_hd.o(RESET)
</UL>
<P><STRONG><a name="[3d]"></a>SPI3_IRQHandler</STRONG> (Thumb, 0 bytes, Stack size 0 bytes, startup_stm32f10x_hd.o(.text))
<BR>[Address Reference Count : 1]<UL><LI> startup_stm32f10x_hd.o(RESET)
</UL>
<P><STRONG><a name="[c]"></a>TAMPER_IRQHandler</STRONG> (Thumb, 0 bytes, Stack size 0 bytes, startup_stm32f10x_hd.o(.text))
<BR>[Address Reference Count : 1]<UL><LI> startup_stm32f10x_hd.o(RESET)
</UL>
<P><STRONG><a name="[22]"></a>TIM1_BRK_IRQHandler</STRONG> (Thumb, 0 bytes, Stack size 0 bytes, startup_stm32f10x_hd.o(.text))
<BR>[Address Reference Count : 1]<UL><LI> startup_stm32f10x_hd.o(RESET)
</UL>
<P><STRONG><a name="[25]"></a>TIM1_CC_IRQHandler</STRONG> (Thumb, 0 bytes, Stack size 0 bytes, startup_stm32f10x_hd.o(.text))
<BR>[Address Reference Count : 1]<UL><LI> startup_stm32f10x_hd.o(RESET)
</UL>
<P><STRONG><a name="[24]"></a>TIM1_TRG_COM_IRQHandler</STRONG> (Thumb, 0 bytes, Stack size 0 bytes, startup_stm32f10x_hd.o(.text))
<BR>[Address Reference Count : 1]<UL><LI> startup_stm32f10x_hd.o(RESET)
</UL>
<P><STRONG><a name="[23]"></a>TIM1_UP_IRQHandler</STRONG> (Thumb, 0 bytes, Stack size 0 bytes, startup_stm32f10x_hd.o(.text))
<BR>[Address Reference Count : 1]<UL><LI> startup_stm32f10x_hd.o(RESET)
</UL>
<P><STRONG><a name="[26]"></a>TIM2_IRQHandler</STRONG> (Thumb, 0 bytes, Stack size 0 bytes, startup_stm32f10x_hd.o(.text))
<BR>[Address Reference Count : 1]<UL><LI> startup_stm32f10x_hd.o(RESET)
</UL>
<P><STRONG><a name="[27]"></a>TIM3_IRQHandler</STRONG> (Thumb, 0 bytes, Stack size 0 bytes, startup_stm32f10x_hd.o(.text))
<BR>[Address Reference Count : 1]<UL><LI> startup_stm32f10x_hd.o(RESET)
</UL>
<P><STRONG><a name="[28]"></a>TIM4_IRQHandler</STRONG> (Thumb, 0 bytes, Stack size 0 bytes, startup_stm32f10x_hd.o(.text))
<BR>[Address Reference Count : 1]<UL><LI> startup_stm32f10x_hd.o(RESET)
</UL>
<P><STRONG><a name="[3c]"></a>TIM5_IRQHandler</STRONG> (Thumb, 0 bytes, Stack size 0 bytes, startup_stm32f10x_hd.o(.text))
<BR>[Address Reference Count : 1]<UL><LI> startup_stm32f10x_hd.o(RESET)
</UL>
<P><STRONG><a name="[40]"></a>TIM6_IRQHandler</STRONG> (Thumb, 0 bytes, Stack size 0 bytes, startup_stm32f10x_hd.o(.text))
<BR>[Address Reference Count : 1]<UL><LI> startup_stm32f10x_hd.o(RESET)
</UL>
<P><STRONG><a name="[41]"></a>TIM7_IRQHandler</STRONG> (Thumb, 0 bytes, Stack size 0 bytes, startup_stm32f10x_hd.o(.text))
<BR>[Address Reference Count : 1]<UL><LI> startup_stm32f10x_hd.o(RESET)
</UL>
<P><STRONG><a name="[35]"></a>TIM8_BRK_IRQHandler</STRONG> (Thumb, 0 bytes, Stack size 0 bytes, startup_stm32f10x_hd.o(.text))
<BR>[Address Reference Count : 1]<UL><LI> startup_stm32f10x_hd.o(RESET)
</UL>
<P><STRONG><a name="[38]"></a>TIM8_CC_IRQHandler</STRONG> (Thumb, 0 bytes, Stack size 0 bytes, startup_stm32f10x_hd.o(.text))
<BR>[Address Reference Count : 1]<UL><LI> startup_stm32f10x_hd.o(RESET)
</UL>
<P><STRONG><a name="[37]"></a>TIM8_TRG_COM_IRQHandler</STRONG> (Thumb, 0 bytes, Stack size 0 bytes, startup_stm32f10x_hd.o(.text))
<BR>[Address Reference Count : 1]<UL><LI> startup_stm32f10x_hd.o(RESET)
</UL>
<P><STRONG><a name="[36]"></a>TIM8_UP_IRQHandler</STRONG> (Thumb, 0 bytes, Stack size 0 bytes, startup_stm32f10x_hd.o(.text))
<BR>[Address Reference Count : 1]<UL><LI> startup_stm32f10x_hd.o(RESET)
</UL>
<P><STRONG><a name="[3e]"></a>UART4_IRQHandler</STRONG> (Thumb, 0 bytes, Stack size 0 bytes, startup_stm32f10x_hd.o(.text))
<BR>[Address Reference Count : 1]<UL><LI> startup_stm32f10x_hd.o(RESET)
</UL>
<P><STRONG><a name="[3f]"></a>UART5_IRQHandler</STRONG> (Thumb, 0 bytes, Stack size 0 bytes, startup_stm32f10x_hd.o(.text))
<BR>[Address Reference Count : 1]<UL><LI> startup_stm32f10x_hd.o(RESET)
</UL>
<P><STRONG><a name="[34]"></a>USBWakeUp_IRQHandler</STRONG> (Thumb, 0 bytes, Stack size 0 bytes, startup_stm32f10x_hd.o(.text))
<BR>[Address Reference Count : 1]<UL><LI> startup_stm32f10x_hd.o(RESET)
</UL>
<P><STRONG><a name="[1d]"></a>USB_HP_CAN1_TX_IRQHandler</STRONG> (Thumb, 0 bytes, Stack size 0 bytes, startup_stm32f10x_hd.o(.text))
<BR>[Address Reference Count : 1]<UL><LI> startup_stm32f10x_hd.o(RESET)
</UL>
<P><STRONG><a name="[1e]"></a>USB_LP_CAN1_RX0_IRQHandler</STRONG> (Thumb, 0 bytes, Stack size 0 bytes, startup_stm32f10x_hd.o(.text))
<BR>[Address Reference Count : 1]<UL><LI> startup_stm32f10x_hd.o(RESET)
</UL>
<P><STRONG><a name="[a]"></a>WWDG_IRQHandler</STRONG> (Thumb, 0 bytes, Stack size 0 bytes, startup_stm32f10x_hd.o(.text))
<BR>[Address Reference Count : 1]<UL><LI> startup_stm32f10x_hd.o(RESET)
</UL>
<P><STRONG><a name="[c0]"></a>__aeabi_memcpy</STRONG> (Thumb, 36 bytes, Stack size 0 bytes, memcpya.o(.text))
<BR><BR>[Called By]<UL><LI><a href="#[138]">&gt;&gt;</a>&nbsp;&nbsp;&nbsp;print_value
<LI><a href="#[13f]">&gt;&gt;</a>&nbsp;&nbsp;&nbsp;print_string_ptr
<LI><a href="#[136]">&gt;&gt;</a>&nbsp;&nbsp;&nbsp;print
<LI><a href="#[137]">&gt;&gt;</a>&nbsp;&nbsp;&nbsp;ensure
<LI><a href="#[133]">&gt;&gt;</a>&nbsp;&nbsp;&nbsp;cJSON_strdup
<LI><a href="#[92]">&gt;&gt;</a>&nbsp;&nbsp;&nbsp;BleMeshPrasePacketHandle
<LI><a href="#[9e]">&gt;&gt;</a>&nbsp;&nbsp;&nbsp;BleMeshAssemblePacketHandle
<LI><a href="#[59]">&gt;&gt;</a>&nbsp;&nbsp;&nbsp;_Gps_Read
<LI><a href="#[e3]">&gt;&gt;</a>&nbsp;&nbsp;&nbsp;Gps_TaskHandler
<LI><a href="#[ca]">&gt;&gt;</a>&nbsp;&nbsp;&nbsp;DRIVER_UartRead
<LI><a href="#[d6]">&gt;&gt;</a>&nbsp;&nbsp;&nbsp;USART3_DMA_TX_Data
<LI><a href="#[d5]">&gt;&gt;</a>&nbsp;&nbsp;&nbsp;USART2_DMA_TX_Data
<LI><a href="#[d4]">&gt;&gt;</a>&nbsp;&nbsp;&nbsp;USART1_DMA_TX_Data
<LI><a href="#[5f]">&gt;&gt;</a>&nbsp;&nbsp;&nbsp;_NET_Read
<LI><a href="#[6d]">&gt;&gt;</a>&nbsp;&nbsp;&nbsp;NETUart_TaskHandler
<LI><a href="#[fd]">&gt;&gt;</a>&nbsp;&nbsp;&nbsp;_SHEET_Update
<LI><a href="#[fb]">&gt;&gt;</a>&nbsp;&nbsp;&nbsp;_SHEET_Query
<LI><a href="#[129]">&gt;&gt;</a>&nbsp;&nbsp;&nbsp;internal_alloc
</UL>

<P><STRONG><a name="[be]"></a>__aeabi_memcpy4</STRONG> (Thumb, 0 bytes, Stack size 0 bytes, memcpya.o(.text))
<BR><BR>[Called By]<UL><LI><a href="#[b9]">&gt;&gt;</a>&nbsp;&nbsp;&nbsp;ALL_Task
<LI><a href="#[c7]">&gt;&gt;</a>&nbsp;&nbsp;&nbsp;MDL_FILE_AddModel
</UL>

<P><STRONG><a name="[147]"></a>__aeabi_memcpy8</STRONG> (Thumb, 0 bytes, Stack size 0 bytes, memcpya.o(.text), UNUSED)

<P><STRONG><a name="[76]"></a>__aeabi_memset</STRONG> (Thumb, 14 bytes, Stack size 0 bytes, memseta.o(.text))
<BR><BR>[Called By]<UL><LI><a href="#[77]">&gt;&gt;</a>&nbsp;&nbsp;&nbsp;_memset$wrapper
<LI><a href="#[75]">&gt;&gt;</a>&nbsp;&nbsp;&nbsp;__aeabi_memclr
</UL>

<P><STRONG><a name="[148]"></a>__aeabi_memset4</STRONG> (Thumb, 0 bytes, Stack size 0 bytes, memseta.o(.text), UNUSED)

<P><STRONG><a name="[149]"></a>__aeabi_memset8</STRONG> (Thumb, 0 bytes, Stack size 0 bytes, memseta.o(.text), UNUSED)

<P><STRONG><a name="[75]"></a>__aeabi_memclr</STRONG> (Thumb, 4 bytes, Stack size 0 bytes, memseta.o(.text))
<BR><BR>[Calls]<UL><LI><a href="#[76]">&gt;&gt;</a>&nbsp;&nbsp;&nbsp;__aeabi_memset
</UL>
<BR>[Called By]<UL><LI><a href="#[e3]">&gt;&gt;</a>&nbsp;&nbsp;&nbsp;Gps_TaskHandler
<LI><a href="#[ca]">&gt;&gt;</a>&nbsp;&nbsp;&nbsp;DRIVER_UartRead
<LI><a href="#[5f]">&gt;&gt;</a>&nbsp;&nbsp;&nbsp;_NET_Read
<LI><a href="#[6d]">&gt;&gt;</a>&nbsp;&nbsp;&nbsp;NETUart_TaskHandler
<LI><a href="#[ff]">&gt;&gt;</a>&nbsp;&nbsp;&nbsp;NETUart_Init
<LI><a href="#[fd]">&gt;&gt;</a>&nbsp;&nbsp;&nbsp;_SHEET_Update
<LI><a href="#[fb]">&gt;&gt;</a>&nbsp;&nbsp;&nbsp;_SHEET_Query
</UL>

<P><STRONG><a name="[91]"></a>__aeabi_memclr4</STRONG> (Thumb, 0 bytes, Stack size 0 bytes, memseta.o(.text))
<BR><BR>[Called By]<UL><LI><a href="#[136]">&gt;&gt;</a>&nbsp;&nbsp;&nbsp;print
<LI><a href="#[135]">&gt;&gt;</a>&nbsp;&nbsp;&nbsp;cJSON_New_Item
<LI><a href="#[94]">&gt;&gt;</a>&nbsp;&nbsp;&nbsp;BleMeshNodeStatusReport
<LI><a href="#[b5]">&gt;&gt;</a>&nbsp;&nbsp;&nbsp;MDL_TIMER_Add
<LI><a href="#[4e]">&gt;&gt;</a>&nbsp;&nbsp;&nbsp;ALL_BleMeshTxHeartbeat
<LI><a href="#[4f]">&gt;&gt;</a>&nbsp;&nbsp;&nbsp;ALL_BleMeshHeartbeatTimeout
<LI><a href="#[90]">&gt;&gt;</a>&nbsp;&nbsp;&nbsp;ALL_BleMeshHandle
<LI><a href="#[50]">&gt;&gt;</a>&nbsp;&nbsp;&nbsp;_GatewayHeartbeat
<LI><a href="#[b9]">&gt;&gt;</a>&nbsp;&nbsp;&nbsp;ALL_Task
<LI><a href="#[af]">&gt;&gt;</a>&nbsp;&nbsp;&nbsp;ALL_Init
<LI><a href="#[df]">&gt;&gt;</a>&nbsp;&nbsp;&nbsp;Gps_SelfChk
</UL>

<P><STRONG><a name="[14a]"></a>__aeabi_memclr8</STRONG> (Thumb, 0 bytes, Stack size 0 bytes, memseta.o(.text), UNUSED)

<P><STRONG><a name="[77]"></a>_memset$wrapper</STRONG> (Thumb, 18 bytes, Stack size 8 bytes, memseta.o(.text), UNUSED)
<BR><BR>[Calls]<UL><LI><a href="#[76]">&gt;&gt;</a>&nbsp;&nbsp;&nbsp;__aeabi_memset
</UL>

<P><STRONG><a name="[99]"></a>strcat</STRONG> (Thumb, 24 bytes, Stack size 0 bytes, strcat.o(.text))
<BR><BR>[Called By]<UL><LI><a href="#[94]">&gt;&gt;</a>&nbsp;&nbsp;&nbsp;BleMeshNodeStatusReport
<LI><a href="#[4f]">&gt;&gt;</a>&nbsp;&nbsp;&nbsp;ALL_BleMeshHeartbeatTimeout
<LI><a href="#[50]">&gt;&gt;</a>&nbsp;&nbsp;&nbsp;_GatewayHeartbeat
</UL>

<P><STRONG><a name="[e1]"></a>strstr</STRONG> (Thumb, 36 bytes, Stack size 12 bytes, strstr.o(.text))
<BR><BR>[Stack]<UL><LI>Max Depth = 12<LI>Call Chain = strstr
</UL>
<BR>[Called By]<UL><LI><a href="#[e3]">&gt;&gt;</a>&nbsp;&nbsp;&nbsp;Gps_TaskHandler
<LI><a href="#[df]">&gt;&gt;</a>&nbsp;&nbsp;&nbsp;Gps_SelfChk
</UL>

<P><STRONG><a name="[a7]"></a>strncpy</STRONG> (Thumb, 24 bytes, Stack size 8 bytes, strncpy.o(.text))
<BR><BR>[Stack]<UL><LI>Max Depth = 8<LI>Call Chain = strncpy
</UL>
<BR>[Called By]<UL><LI><a href="#[a6]">&gt;&gt;</a>&nbsp;&nbsp;&nbsp;ALL_DB_SetConfigDefault
</UL>

<P><STRONG><a name="[9c]"></a>strlen</STRONG> (Thumb, 14 bytes, Stack size 0 bytes, strlen.o(.text))
<BR><BR>[Called By]<UL><LI><a href="#[139]">&gt;&gt;</a>&nbsp;&nbsp;&nbsp;update_offset
<LI><a href="#[138]">&gt;&gt;</a>&nbsp;&nbsp;&nbsp;print_value
<LI><a href="#[133]">&gt;&gt;</a>&nbsp;&nbsp;&nbsp;cJSON_strdup
<LI><a href="#[94]">&gt;&gt;</a>&nbsp;&nbsp;&nbsp;BleMeshNodeStatusReport
<LI><a href="#[4f]">&gt;&gt;</a>&nbsp;&nbsp;&nbsp;ALL_BleMeshHeartbeatTimeout
<LI><a href="#[50]">&gt;&gt;</a>&nbsp;&nbsp;&nbsp;_GatewayHeartbeat
</UL>

<P><STRONG><a name="[f7]"></a>strcmp</STRONG> (Thumb, 28 bytes, Stack size 8 bytes, strcmp.o(.text))
<BR><BR>[Stack]<UL><LI>Max Depth = 8<LI>Call Chain = strcmp
</UL>
<BR>[Called By]<UL><LI><a href="#[f0]">&gt;&gt;</a>&nbsp;&nbsp;&nbsp;MDL_FILE_GetModelId
</UL>

<P><STRONG><a name="[98]"></a>strcpy</STRONG> (Thumb, 18 bytes, Stack size 0 bytes, strcpy.o(.text))
<BR><BR>[Called By]<UL><LI><a href="#[138]">&gt;&gt;</a>&nbsp;&nbsp;&nbsp;print_value
<LI><a href="#[13f]">&gt;&gt;</a>&nbsp;&nbsp;&nbsp;print_string_ptr
<LI><a href="#[94]">&gt;&gt;</a>&nbsp;&nbsp;&nbsp;BleMeshNodeStatusReport
<LI><a href="#[4f]">&gt;&gt;</a>&nbsp;&nbsp;&nbsp;ALL_BleMeshHeartbeatTimeout
<LI><a href="#[50]">&gt;&gt;</a>&nbsp;&nbsp;&nbsp;_GatewayHeartbeat
<LI><a href="#[af]">&gt;&gt;</a>&nbsp;&nbsp;&nbsp;ALL_Init
<LI><a href="#[c6]">&gt;&gt;</a>&nbsp;&nbsp;&nbsp;DRIVER_BleMeshInit
<LI><a href="#[cd]">&gt;&gt;</a>&nbsp;&nbsp;&nbsp;DRIVER_Gps_Init
<LI><a href="#[cc]">&gt;&gt;</a>&nbsp;&nbsp;&nbsp;DRIVER_FLASH_Init
</UL>

<P><STRONG><a name="[78]"></a>__0sscanf</STRONG> (Thumb, 48 bytes, Stack size 72 bytes, __0sscanf.o(.text))
<BR><BR>[Stack]<UL><LI>Max Depth = 264<LI>Call Chain = __0sscanf &rArr; __vfscanf_char &rArr; __vfscanf &rArr; _scanf_real
</UL>
<BR>[Calls]<UL><LI><a href="#[79]">&gt;&gt;</a>&nbsp;&nbsp;&nbsp;__vfscanf_char
</UL>
<BR>[Called By]<UL><LI><a href="#[13b]">&gt;&gt;</a>&nbsp;&nbsp;&nbsp;print_number
</UL>

<P><STRONG><a name="[8f]"></a>_scanf_real</STRONG> (Thumb, 0 bytes, Stack size 104 bytes, scanf_fp.o(.text))
<BR><BR>[Stack]<UL><LI>Max Depth = 104<LI>Call Chain = _scanf_real
</UL>
<BR>[Called By]<UL><LI><a href="#[85]">&gt;&gt;</a>&nbsp;&nbsp;&nbsp;__vfscanf
</UL>

<P><STRONG><a name="[7e]"></a>_scanf_really_real</STRONG> (Thumb, 556 bytes, Stack size 104 bytes, scanf_fp.o(.text), UNUSED)
<BR><BR>[Calls]<UL><LI><a href="#[80]">&gt;&gt;</a>&nbsp;&nbsp;&nbsp;__aeabi_d2f
<LI><a href="#[7f]">&gt;&gt;</a>&nbsp;&nbsp;&nbsp;_is_digit
<LI><a href="#[7a]">&gt;&gt;</a>&nbsp;&nbsp;&nbsp;_fp_value
</UL>

<P><STRONG><a name="[7c]"></a>__aeabi_dmul</STRONG> (Thumb, 228 bytes, Stack size 48 bytes, dmul.o(.text))
<BR><BR>[Stack]<UL><LI>Max Depth = 88<LI>Call Chain = __aeabi_dmul &rArr; _double_epilogue &rArr; _double_round
</UL>
<BR>[Calls]<UL><LI><a href="#[81]">&gt;&gt;</a>&nbsp;&nbsp;&nbsp;_double_epilogue
</UL>
<BR>[Called By]<UL><LI><a href="#[13b]">&gt;&gt;</a>&nbsp;&nbsp;&nbsp;print_number
<LI><a href="#[7a]">&gt;&gt;</a>&nbsp;&nbsp;&nbsp;_fp_value
<LI><a href="#[12a]">&gt;&gt;</a>&nbsp;&nbsp;&nbsp;_fp_digits
</UL>

<P><STRONG><a name="[13d]"></a>__aeabi_cdcmpeq</STRONG> (Thumb, 0 bytes, Stack size 0 bytes, cdcmple.o(.text))
<BR><BR>[Called By]<UL><LI><a href="#[13b]">&gt;&gt;</a>&nbsp;&nbsp;&nbsp;print_number
</UL>

<P><STRONG><a name="[14b]"></a>__aeabi_cdcmple</STRONG> (Thumb, 48 bytes, Stack size 0 bytes, cdcmple.o(.text), UNUSED)

<P><STRONG><a name="[12b]"></a>__aeabi_cdrcmple</STRONG> (Thumb, 48 bytes, Stack size 0 bytes, cdrcmple.o(.text), UNUSED)
<BR><BR>[Called By]<UL><LI><a href="#[12a]">&gt;&gt;</a>&nbsp;&nbsp;&nbsp;_fp_digits
</UL>

<P><STRONG><a name="[14c]"></a>__aeabi_uidiv</STRONG> (Thumb, 0 bytes, Stack size 12 bytes, uidiv.o(.text), UNUSED)

<P><STRONG><a name="[12e]"></a>__aeabi_uidivmod</STRONG> (Thumb, 44 bytes, Stack size 12 bytes, uidiv.o(.text), UNUSED)
<BR><BR>[Called By]<UL><LI><a href="#[127]">&gt;&gt;</a>&nbsp;&nbsp;&nbsp;_printf_core
</UL>

<P><STRONG><a name="[82]"></a>__aeabi_uldivmod</STRONG> (Thumb, 98 bytes, Stack size 40 bytes, uldiv.o(.text), UNUSED)
<BR><BR>[Calls]<UL><LI><a href="#[84]">&gt;&gt;</a>&nbsp;&nbsp;&nbsp;__aeabi_llsl
<LI><a href="#[83]">&gt;&gt;</a>&nbsp;&nbsp;&nbsp;__aeabi_llsr
</UL>
<BR>[Called By]<UL><LI><a href="#[127]">&gt;&gt;</a>&nbsp;&nbsp;&nbsp;_printf_core
<LI><a href="#[12a]">&gt;&gt;</a>&nbsp;&nbsp;&nbsp;_fp_digits
</UL>

<P><STRONG><a name="[83]"></a>__aeabi_llsr</STRONG> (Thumb, 32 bytes, Stack size 0 bytes, llushr.o(.text))
<BR><BR>[Called By]<UL><LI><a href="#[82]">&gt;&gt;</a>&nbsp;&nbsp;&nbsp;__aeabi_uldivmod
<LI><a href="#[81]">&gt;&gt;</a>&nbsp;&nbsp;&nbsp;_double_epilogue
<LI><a href="#[8b]">&gt;&gt;</a>&nbsp;&nbsp;&nbsp;__aeabi_d2ulz
</UL>

<P><STRONG><a name="[14d]"></a>_ll_ushift_r</STRONG> (Thumb, 0 bytes, Stack size 0 bytes, llushr.o(.text), UNUSED)

<P><STRONG><a name="[79]"></a>__vfscanf_char</STRONG> (Thumb, 20 bytes, Stack size 0 bytes, scanf_char.o(.text))
<BR><BR>[Stack]<UL><LI>Max Depth = 192<LI>Call Chain = __vfscanf_char &rArr; __vfscanf &rArr; _scanf_real
</UL>
<BR>[Calls]<UL><LI><a href="#[85]">&gt;&gt;</a>&nbsp;&nbsp;&nbsp;__vfscanf
</UL>
<BR>[Called By]<UL><LI><a href="#[78]">&gt;&gt;</a>&nbsp;&nbsp;&nbsp;__0sscanf
</UL>

<P><STRONG><a name="[49]"></a>_sgetc</STRONG> (Thumb, 30 bytes, Stack size 0 bytes, _sgetc.o(.text))
<BR>[Address Reference Count : 1]<UL><LI> __0sscanf.o(.text)
</UL>
<P><STRONG><a name="[4a]"></a>_sbackspace</STRONG> (Thumb, 34 bytes, Stack size 0 bytes, _sgetc.o(.text))
<BR>[Address Reference Count : 1]<UL><LI> __0sscanf.o(.text)
</UL>
<P><STRONG><a name="[14e]"></a>__I$use$fp</STRONG> (Thumb, 0 bytes, Stack size 8 bytes, iusefp.o(.text), UNUSED)

<P><STRONG><a name="[86]"></a>_double_round</STRONG> (Thumb, 30 bytes, Stack size 8 bytes, depilogue.o(.text))
<BR><BR>[Stack]<UL><LI>Max Depth = 8<LI>Call Chain = _double_round
</UL>
<BR>[Called By]<UL><LI><a href="#[81]">&gt;&gt;</a>&nbsp;&nbsp;&nbsp;_double_epilogue
<LI><a href="#[7d]">&gt;&gt;</a>&nbsp;&nbsp;&nbsp;__aeabi_ddiv
<LI><a href="#[87]">&gt;&gt;</a>&nbsp;&nbsp;&nbsp;__aeabi_dadd
</UL>

<P><STRONG><a name="[81]"></a>_double_epilogue</STRONG> (Thumb, 156 bytes, Stack size 32 bytes, depilogue.o(.text))
<BR><BR>[Stack]<UL><LI>Max Depth = 40<LI>Call Chain = _double_epilogue &rArr; _double_round
</UL>
<BR>[Calls]<UL><LI><a href="#[84]">&gt;&gt;</a>&nbsp;&nbsp;&nbsp;__aeabi_llsl
<LI><a href="#[86]">&gt;&gt;</a>&nbsp;&nbsp;&nbsp;_double_round
<LI><a href="#[83]">&gt;&gt;</a>&nbsp;&nbsp;&nbsp;__aeabi_llsr
</UL>
<BR>[Called By]<UL><LI><a href="#[7c]">&gt;&gt;</a>&nbsp;&nbsp;&nbsp;__aeabi_dmul
<LI><a href="#[7b]">&gt;&gt;</a>&nbsp;&nbsp;&nbsp;__aeabi_ul2d
<LI><a href="#[87]">&gt;&gt;</a>&nbsp;&nbsp;&nbsp;__aeabi_dadd
</UL>

<P><STRONG><a name="[87]"></a>__aeabi_dadd</STRONG> (Thumb, 322 bytes, Stack size 48 bytes, dadd.o(.text), UNUSED)
<BR><BR>[Calls]<UL><LI><a href="#[88]">&gt;&gt;</a>&nbsp;&nbsp;&nbsp;__aeabi_lasr
<LI><a href="#[84]">&gt;&gt;</a>&nbsp;&nbsp;&nbsp;__aeabi_llsl
<LI><a href="#[86]">&gt;&gt;</a>&nbsp;&nbsp;&nbsp;_double_round
<LI><a href="#[81]">&gt;&gt;</a>&nbsp;&nbsp;&nbsp;_double_epilogue
</UL>
<BR>[Called By]<UL><LI><a href="#[8a]">&gt;&gt;</a>&nbsp;&nbsp;&nbsp;__aeabi_drsub
<LI><a href="#[89]">&gt;&gt;</a>&nbsp;&nbsp;&nbsp;__aeabi_dsub
<LI><a href="#[12a]">&gt;&gt;</a>&nbsp;&nbsp;&nbsp;_fp_digits
</UL>

<P><STRONG><a name="[89]"></a>__aeabi_dsub</STRONG> (Thumb, 6 bytes, Stack size 0 bytes, dadd.o(.text), UNUSED)
<BR><BR>[Calls]<UL><LI><a href="#[87]">&gt;&gt;</a>&nbsp;&nbsp;&nbsp;__aeabi_dadd
</UL>

<P><STRONG><a name="[8a]"></a>__aeabi_drsub</STRONG> (Thumb, 6 bytes, Stack size 0 bytes, dadd.o(.text), UNUSED)
<BR><BR>[Calls]<UL><LI><a href="#[87]">&gt;&gt;</a>&nbsp;&nbsp;&nbsp;__aeabi_dadd
</UL>

<P><STRONG><a name="[7d]"></a>__aeabi_ddiv</STRONG> (Thumb, 222 bytes, Stack size 32 bytes, ddiv.o(.text), UNUSED)
<BR><BR>[Calls]<UL><LI><a href="#[86]">&gt;&gt;</a>&nbsp;&nbsp;&nbsp;_double_round
</UL>
<BR>[Called By]<UL><LI><a href="#[7a]">&gt;&gt;</a>&nbsp;&nbsp;&nbsp;_fp_value
<LI><a href="#[12a]">&gt;&gt;</a>&nbsp;&nbsp;&nbsp;_fp_digits
</UL>

<P><STRONG><a name="[7b]"></a>__aeabi_ul2d</STRONG> (Thumb, 24 bytes, Stack size 16 bytes, dfltul.o(.text), UNUSED)
<BR><BR>[Calls]<UL><LI><a href="#[81]">&gt;&gt;</a>&nbsp;&nbsp;&nbsp;_double_epilogue
</UL>
<BR>[Called By]<UL><LI><a href="#[7a]">&gt;&gt;</a>&nbsp;&nbsp;&nbsp;_fp_value
</UL>

<P><STRONG><a name="[8b]"></a>__aeabi_d2ulz</STRONG> (Thumb, 48 bytes, Stack size 0 bytes, dfixul.o(.text), UNUSED)
<BR><BR>[Calls]<UL><LI><a href="#[84]">&gt;&gt;</a>&nbsp;&nbsp;&nbsp;__aeabi_llsl
<LI><a href="#[83]">&gt;&gt;</a>&nbsp;&nbsp;&nbsp;__aeabi_llsr
</UL>
<BR>[Called By]<UL><LI><a href="#[12a]">&gt;&gt;</a>&nbsp;&nbsp;&nbsp;_fp_digits
</UL>

<P><STRONG><a name="[80]"></a>__aeabi_d2f</STRONG> (Thumb, 56 bytes, Stack size 8 bytes, d2f.o(.text), UNUSED)
<BR><BR>[Calls]<UL><LI><a href="#[8c]">&gt;&gt;</a>&nbsp;&nbsp;&nbsp;_float_round
</UL>
<BR>[Called By]<UL><LI><a href="#[7e]">&gt;&gt;</a>&nbsp;&nbsp;&nbsp;_scanf_really_real
</UL>

<P><STRONG><a name="[74]"></a>__scatterload</STRONG> (Thumb, 28 bytes, Stack size 0 bytes, init.o(.text))
<BR><BR>[Calls]<UL><LI><a href="#[8d]">&gt;&gt;</a>&nbsp;&nbsp;&nbsp;__main_after_scatterload
</UL>
<BR>[Called By]<UL><LI><a href="#[73]">&gt;&gt;</a>&nbsp;&nbsp;&nbsp;_main_scatterload
</UL>

<P><STRONG><a name="[14f]"></a>__scatterload_rt2</STRONG> (Thumb, 0 bytes, Stack size 0 bytes, init.o(.text), UNUSED)

<P><STRONG><a name="[84]"></a>__aeabi_llsl</STRONG> (Thumb, 30 bytes, Stack size 0 bytes, llshl.o(.text))
<BR><BR>[Called By]<UL><LI><a href="#[82]">&gt;&gt;</a>&nbsp;&nbsp;&nbsp;__aeabi_uldivmod
<LI><a href="#[81]">&gt;&gt;</a>&nbsp;&nbsp;&nbsp;_double_epilogue
<LI><a href="#[87]">&gt;&gt;</a>&nbsp;&nbsp;&nbsp;__aeabi_dadd
<LI><a href="#[8b]">&gt;&gt;</a>&nbsp;&nbsp;&nbsp;__aeabi_d2ulz
</UL>

<P><STRONG><a name="[150]"></a>_ll_shift_l</STRONG> (Thumb, 0 bytes, Stack size 0 bytes, llshl.o(.text), UNUSED)

<P><STRONG><a name="[88]"></a>__aeabi_lasr</STRONG> (Thumb, 36 bytes, Stack size 0 bytes, llsshr.o(.text), UNUSED)
<BR><BR>[Called By]<UL><LI><a href="#[87]">&gt;&gt;</a>&nbsp;&nbsp;&nbsp;__aeabi_dadd
</UL>

<P><STRONG><a name="[151]"></a>_ll_sshift_r</STRONG> (Thumb, 0 bytes, Stack size 0 bytes, llsshr.o(.text), UNUSED)

<P><STRONG><a name="[4c]"></a>isspace</STRONG> (Thumb, 10 bytes, Stack size 0 bytes, isspace_c.o(.text))
<BR><BR>[Calls]<UL><LI><a href="#[8e]">&gt;&gt;</a>&nbsp;&nbsp;&nbsp;__ctype_lookup
</UL>
<BR>[Address Reference Count : 1]<UL><LI> scanf_char.o(.text)
</UL>
<P><STRONG><a name="[85]"></a>__vfscanf</STRONG> (Thumb, 808 bytes, Stack size 88 bytes, _scanf.o(.text))
<BR><BR>[Stack]<UL><LI>Max Depth = 192<LI>Call Chain = __vfscanf &rArr; _scanf_real
</UL>
<BR>[Calls]<UL><LI><a href="#[8f]">&gt;&gt;</a>&nbsp;&nbsp;&nbsp;_scanf_real
</UL>
<BR>[Called By]<UL><LI><a href="#[79]">&gt;&gt;</a>&nbsp;&nbsp;&nbsp;__vfscanf_char
</UL>

<P><STRONG><a name="[8c]"></a>_float_round</STRONG> (Thumb, 18 bytes, Stack size 0 bytes, fepilogue.o(.text), UNUSED)
<BR><BR>[Called By]<UL><LI><a href="#[80]">&gt;&gt;</a>&nbsp;&nbsp;&nbsp;__aeabi_d2f
</UL>

<P><STRONG><a name="[152]"></a>_float_epilogue</STRONG> (Thumb, 92 bytes, Stack size 4 bytes, fepilogue.o(.text), UNUSED)

<P><STRONG><a name="[8e]"></a>__ctype_lookup</STRONG> (Thumb, 34 bytes, Stack size 0 bytes, ctype_c.o(.text))
<BR><BR>[Called By]<UL><LI><a href="#[4c]">&gt;&gt;</a>&nbsp;&nbsp;&nbsp;isspace
</UL>

<P><STRONG><a name="[90]"></a>ALL_BleMeshHandle</STRONG> (Thumb, 114 bytes, Stack size 96 bytes, allblemesh.o(i.ALL_BleMeshHandle))
<BR><BR>[Stack]<UL><LI>Max Depth = 728<LI>Call Chain = ALL_BleMeshHandle &rArr; BleMeshNodeStatusReport &rArr; cJSON_PrintUnformatted &rArr; print &rArr; print_value &rArr; print_number &rArr; __0sscanf &rArr; __vfscanf_char &rArr; __vfscanf &rArr; _scanf_real
</UL>
<BR>[Calls]<UL><LI><a href="#[92]">&gt;&gt;</a>&nbsp;&nbsp;&nbsp;BleMeshPrasePacketHandle
<LI><a href="#[94]">&gt;&gt;</a>&nbsp;&nbsp;&nbsp;BleMeshNodeStatusReport
<LI><a href="#[93]">&gt;&gt;</a>&nbsp;&nbsp;&nbsp;MDL_TIMER_Start
<LI><a href="#[91]">&gt;&gt;</a>&nbsp;&nbsp;&nbsp;__aeabi_memclr4
</UL>
<BR>[Called By]<UL><LI><a href="#[b9]">&gt;&gt;</a>&nbsp;&nbsp;&nbsp;ALL_Task
</UL>

<P><STRONG><a name="[4f]"></a>ALL_BleMeshHeartbeatTimeout</STRONG> (Thumb, 172 bytes, Stack size 120 bytes, allblemesh.o(i.ALL_BleMeshHeartbeatTimeout))
<BR><BR>[Stack]<UL><LI>Max Depth = 552<LI>Call Chain = ALL_BleMeshHeartbeatTimeout &rArr; cJSON_PrintUnformatted &rArr; print &rArr; print_value &rArr; print_number &rArr; __0sscanf &rArr; __vfscanf_char &rArr; __vfscanf &rArr; _scanf_real
</UL>
<BR>[Calls]<UL><LI><a href="#[9a]">&gt;&gt;</a>&nbsp;&nbsp;&nbsp;cJSON_PrintUnformatted
<LI><a href="#[9b]">&gt;&gt;</a>&nbsp;&nbsp;&nbsp;cJSON_Delete
<LI><a href="#[96]">&gt;&gt;</a>&nbsp;&nbsp;&nbsp;cJSON_CreateObject
<LI><a href="#[97]">&gt;&gt;</a>&nbsp;&nbsp;&nbsp;cJSON_AddStringToObject
<LI><a href="#[9d]">&gt;&gt;</a>&nbsp;&nbsp;&nbsp;MDL_DRIVERMGR_Write
<LI><a href="#[95]">&gt;&gt;</a>&nbsp;&nbsp;&nbsp;MDL_DRIVERMGR_Ioctl
<LI><a href="#[98]">&gt;&gt;</a>&nbsp;&nbsp;&nbsp;strcpy
<LI><a href="#[9c]">&gt;&gt;</a>&nbsp;&nbsp;&nbsp;strlen
<LI><a href="#[99]">&gt;&gt;</a>&nbsp;&nbsp;&nbsp;strcat
<LI><a href="#[91]">&gt;&gt;</a>&nbsp;&nbsp;&nbsp;__aeabi_memclr4
<LI><a href="#[71]">&gt;&gt;</a>&nbsp;&nbsp;&nbsp;free
</UL>
<BR>[Address Reference Count : 1]<UL><LI> apll.o(i.ALL_Init)
</UL>
<P><STRONG><a name="[4e]"></a>ALL_BleMeshTxHeartbeat</STRONG> (Thumb, 54 bytes, Stack size 48 bytes, allblemesh.o(i.ALL_BleMeshTxHeartbeat))
<BR><BR>[Stack]<UL><LI>Max Depth = 112<LI>Call Chain = ALL_BleMeshTxHeartbeat &rArr; BleMeshAssemblePacketHandle &rArr; GetCheckSum &rArr; ENDIAN_SWAP_Init
</UL>
<BR>[Calls]<UL><LI><a href="#[9e]">&gt;&gt;</a>&nbsp;&nbsp;&nbsp;BleMeshAssemblePacketHandle
<LI><a href="#[9d]">&gt;&gt;</a>&nbsp;&nbsp;&nbsp;MDL_DRIVERMGR_Write
<LI><a href="#[91]">&gt;&gt;</a>&nbsp;&nbsp;&nbsp;__aeabi_memclr4
</UL>
<BR>[Address Reference Count : 1]<UL><LI> apll.o(i.ALL_Init)
</UL>
<P><STRONG><a name="[9f]"></a>ALL_DB_GetSysConfig</STRONG> (Thumb, 38 bytes, Stack size 8 bytes, database.o(i.ALL_DB_GetSysConfig))
<BR><BR>[Stack]<UL><LI>Max Depth = 176<LI>Call Chain = ALL_DB_GetSysConfig &rArr; MDL_SHEET_Query &rArr; _SHEET_Query &rArr; _SHEET_QueryHead &rArr; Flash_crtl &rArr; MDL_DRIVERMGR_Ioctl
</UL>
<BR>[Calls]<UL><LI><a href="#[a0]">&gt;&gt;</a>&nbsp;&nbsp;&nbsp;MDL_SHEET_Reset
<LI><a href="#[a1]">&gt;&gt;</a>&nbsp;&nbsp;&nbsp;MDL_SHEET_Query
</UL>
<BR>[Called By]<UL><LI><a href="#[b2]">&gt;&gt;</a>&nbsp;&nbsp;&nbsp;ALL_IsResetAllTable
<LI><a href="#[ae]">&gt;&gt;</a>&nbsp;&nbsp;&nbsp;ALL_DefaultSysConfig
<LI><a href="#[af]">&gt;&gt;</a>&nbsp;&nbsp;&nbsp;ALL_Init
</UL>

<P><STRONG><a name="[a2]"></a>ALL_DB_Init</STRONG> (Thumb, 56 bytes, Stack size 8 bytes, database.o(i.ALL_DB_Init))
<BR><BR>[Stack]<UL><LI>Max Depth = 152<LI>Call Chain = ALL_DB_Init &rArr; MDL_SHEET_Create &rArr; _SHEET_Create &rArr; Flash_crtl &rArr; MDL_DRIVERMGR_Ioctl
</UL>
<BR>[Calls]<UL><LI><a href="#[a3]">&gt;&gt;</a>&nbsp;&nbsp;&nbsp;MDL_SHEET_Open
<LI><a href="#[a5]">&gt;&gt;</a>&nbsp;&nbsp;&nbsp;MDL_SHEET_Initial
<LI><a href="#[a4]">&gt;&gt;</a>&nbsp;&nbsp;&nbsp;MDL_SHEET_Create
</UL>
<BR>[Called By]<UL><LI><a href="#[b2]">&gt;&gt;</a>&nbsp;&nbsp;&nbsp;ALL_IsResetAllTable
<LI><a href="#[af]">&gt;&gt;</a>&nbsp;&nbsp;&nbsp;ALL_Init
</UL>

<P><STRONG><a name="[a6]"></a>ALL_DB_SetConfigDefault</STRONG> (Thumb, 48 bytes, Stack size 16 bytes, database.o(i.ALL_DB_SetConfigDefault))
<BR><BR>[Stack]<UL><LI>Max Depth = 184<LI>Call Chain = ALL_DB_SetConfigDefault &rArr; MDL_SHEET_Update &rArr; _SHEET_Update &rArr; _SHEET_QueryHead &rArr; Flash_crtl &rArr; MDL_DRIVERMGR_Ioctl
</UL>
<BR>[Calls]<UL><LI><a href="#[a8]">&gt;&gt;</a>&nbsp;&nbsp;&nbsp;MDL_SHEET_Update
<LI><a href="#[a0]">&gt;&gt;</a>&nbsp;&nbsp;&nbsp;MDL_SHEET_Reset
<LI><a href="#[a7]">&gt;&gt;</a>&nbsp;&nbsp;&nbsp;strncpy
</UL>
<BR>[Called By]<UL><LI><a href="#[ae]">&gt;&gt;</a>&nbsp;&nbsp;&nbsp;ALL_DefaultSysConfig
</UL>

<P><STRONG><a name="[a9]"></a>ALL_DB_SetSysConfig</STRONG> (Thumb, 38 bytes, Stack size 8 bytes, database.o(i.ALL_DB_SetSysConfig))
<BR><BR>[Stack]<UL><LI>Max Depth = 176<LI>Call Chain = ALL_DB_SetSysConfig &rArr; MDL_SHEET_Update &rArr; _SHEET_Update &rArr; _SHEET_QueryHead &rArr; Flash_crtl &rArr; MDL_DRIVERMGR_Ioctl
</UL>
<BR>[Calls]<UL><LI><a href="#[a8]">&gt;&gt;</a>&nbsp;&nbsp;&nbsp;MDL_SHEET_Update
<LI><a href="#[a0]">&gt;&gt;</a>&nbsp;&nbsp;&nbsp;MDL_SHEET_Reset
</UL>
<BR>[Called By]<UL><LI><a href="#[b2]">&gt;&gt;</a>&nbsp;&nbsp;&nbsp;ALL_IsResetAllTable
<LI><a href="#[af]">&gt;&gt;</a>&nbsp;&nbsp;&nbsp;ALL_Init
</UL>

<P><STRONG><a name="[aa]"></a>ALL_DeInit</STRONG> (Thumb, 80 bytes, Stack size 16 bytes, apll.o(i.ALL_DeInit))
<BR><BR>[Stack]<UL><LI>Max Depth = 60<LI>Call Chain = ALL_DeInit &rArr; MDL_DRIVERMGR_DeInit &rArr; MDL_DRVTIMER_DeInit &rArr; MDL_QUEUE_DeInit &rArr; free
</UL>
<BR>[Calls]<UL><LI><a href="#[ab]">&gt;&gt;</a>&nbsp;&nbsp;&nbsp;MDL_TIMER_UnInit
<LI><a href="#[ad]">&gt;&gt;</a>&nbsp;&nbsp;&nbsp;MDL_DRIVERMGR_DeInit
<LI><a href="#[ac]">&gt;&gt;</a>&nbsp;&nbsp;&nbsp;MDL_DRIVERMGR_Close
<LI><a href="#[71]">&gt;&gt;</a>&nbsp;&nbsp;&nbsp;free
</UL>
<BR>[Called By]<UL><LI><a href="#[46]">&gt;&gt;</a>&nbsp;&nbsp;&nbsp;main
</UL>

<P><STRONG><a name="[af]"></a>ALL_Init</STRONG> (Thumb, 296 bytes, Stack size 48 bytes, apll.o(i.ALL_Init))
<BR><BR>[Stack]<UL><LI>Max Depth = 248<LI>Call Chain = ALL_Init &rArr; ALL_IsResetAllTable &rArr; ALL_DB_SetSysConfig &rArr; MDL_SHEET_Update &rArr; _SHEET_Update &rArr; _SHEET_QueryHead &rArr; Flash_crtl &rArr; MDL_DRIVERMGR_Ioctl
</UL>
<BR>[Calls]<UL><LI><a href="#[93]">&gt;&gt;</a>&nbsp;&nbsp;&nbsp;MDL_TIMER_Start
<LI><a href="#[b4]">&gt;&gt;</a>&nbsp;&nbsp;&nbsp;MDL_TIMER_Init
<LI><a href="#[b5]">&gt;&gt;</a>&nbsp;&nbsp;&nbsp;MDL_TIMER_Add
<LI><a href="#[b3]">&gt;&gt;</a>&nbsp;&nbsp;&nbsp;MDL_DRIVERMGR_Open
<LI><a href="#[b0]">&gt;&gt;</a>&nbsp;&nbsp;&nbsp;MDL_DRIVERMGR_Init
<LI><a href="#[b1]">&gt;&gt;</a>&nbsp;&nbsp;&nbsp;ENDIAN_SWAP_Init
<LI><a href="#[a9]">&gt;&gt;</a>&nbsp;&nbsp;&nbsp;ALL_DB_SetSysConfig
<LI><a href="#[a2]">&gt;&gt;</a>&nbsp;&nbsp;&nbsp;ALL_DB_Init
<LI><a href="#[9f]">&gt;&gt;</a>&nbsp;&nbsp;&nbsp;ALL_DB_GetSysConfig
<LI><a href="#[b2]">&gt;&gt;</a>&nbsp;&nbsp;&nbsp;ALL_IsResetAllTable
<LI><a href="#[ae]">&gt;&gt;</a>&nbsp;&nbsp;&nbsp;ALL_DefaultSysConfig
<LI><a href="#[98]">&gt;&gt;</a>&nbsp;&nbsp;&nbsp;strcpy
<LI><a href="#[91]">&gt;&gt;</a>&nbsp;&nbsp;&nbsp;__aeabi_memclr4
<LI><a href="#[70]">&gt;&gt;</a>&nbsp;&nbsp;&nbsp;malloc
</UL>
<BR>[Called By]<UL><LI><a href="#[46]">&gt;&gt;</a>&nbsp;&nbsp;&nbsp;main
</UL>

<P><STRONG><a name="[b6]"></a>ALL_Run</STRONG> (Thumb, 44 bytes, Stack size 16 bytes, apll.o(i.ALL_Run))
<BR><BR>[Stack]<UL><LI>Max Depth = 1024<LI>Call Chain = ALL_Run &rArr; ALL_Task &rArr; ALL_BleMeshHandle &rArr; BleMeshNodeStatusReport &rArr; cJSON_PrintUnformatted &rArr; print &rArr; print_value &rArr; print_number &rArr; __0sscanf &rArr; __vfscanf_char &rArr; __vfscanf &rArr; _scanf_real
</UL>
<BR>[Calls]<UL><LI><a href="#[b8]">&gt;&gt;</a>&nbsp;&nbsp;&nbsp;MDL_DRIVERMGR_Task
<LI><a href="#[b9]">&gt;&gt;</a>&nbsp;&nbsp;&nbsp;ALL_Task
<LI><a href="#[b7]">&gt;&gt;</a>&nbsp;&nbsp;&nbsp;__2printf
</UL>
<BR>[Called By]<UL><LI><a href="#[46]">&gt;&gt;</a>&nbsp;&nbsp;&nbsp;main
</UL>

<P><STRONG><a name="[4]"></a>BusFault_Handler</STRONG> (Thumb, 4 bytes, Stack size 0 bytes, stm32f10x_it.o(i.BusFault_Handler))
<BR>[Address Reference Count : 1]<UL><LI> startup_stm32f10x_hd.o(RESET)
</UL>
<P><STRONG><a name="[16]"></a>DMA1_Channel2_IRQHandler</STRONG> (Thumb, 34 bytes, Stack size 8 bytes, driveruart.o(i.DMA1_Channel2_IRQHandler))
<BR><BR>[Stack]<UL><LI>Max Depth = 8<LI>Call Chain = DMA1_Channel2_IRQHandler
</UL>
<BR>[Calls]<UL><LI><a href="#[c3]">&gt;&gt;</a>&nbsp;&nbsp;&nbsp;DMA_GetITStatus
<LI><a href="#[c5]">&gt;&gt;</a>&nbsp;&nbsp;&nbsp;DMA_Cmd
<LI><a href="#[c4]">&gt;&gt;</a>&nbsp;&nbsp;&nbsp;DMA_ClearFlag
</UL>
<BR>[Address Reference Count : 1]<UL><LI> startup_stm32f10x_hd.o(RESET)
</UL>
<P><STRONG><a name="[18]"></a>DMA1_Channel4_IRQHandler</STRONG> (Thumb, 38 bytes, Stack size 8 bytes, driveruart.o(i.DMA1_Channel4_IRQHandler))
<BR><BR>[Stack]<UL><LI>Max Depth = 8<LI>Call Chain = DMA1_Channel4_IRQHandler
</UL>
<BR>[Calls]<UL><LI><a href="#[c3]">&gt;&gt;</a>&nbsp;&nbsp;&nbsp;DMA_GetITStatus
<LI><a href="#[c5]">&gt;&gt;</a>&nbsp;&nbsp;&nbsp;DMA_Cmd
<LI><a href="#[c4]">&gt;&gt;</a>&nbsp;&nbsp;&nbsp;DMA_ClearFlag
</UL>
<BR>[Address Reference Count : 1]<UL><LI> startup_stm32f10x_hd.o(RESET)
</UL>
<P><STRONG><a name="[1b]"></a>DMA1_Channel7_IRQHandler</STRONG> (Thumb, 38 bytes, Stack size 8 bytes, driveruart.o(i.DMA1_Channel7_IRQHandler))
<BR><BR>[Stack]<UL><LI>Max Depth = 8<LI>Call Chain = DMA1_Channel7_IRQHandler
</UL>
<BR>[Calls]<UL><LI><a href="#[c3]">&gt;&gt;</a>&nbsp;&nbsp;&nbsp;DMA_GetITStatus
<LI><a href="#[c5]">&gt;&gt;</a>&nbsp;&nbsp;&nbsp;DMA_Cmd
<LI><a href="#[c4]">&gt;&gt;</a>&nbsp;&nbsp;&nbsp;DMA_ClearFlag
</UL>
<BR>[Address Reference Count : 1]<UL><LI> startup_stm32f10x_hd.o(RESET)
</UL>
<P><STRONG><a name="[c4]"></a>DMA_ClearFlag</STRONG> (Thumb, 18 bytes, Stack size 0 bytes, stm32f10x_dma.o(i.DMA_ClearFlag))
<BR><BR>[Called By]<UL><LI><a href="#[1b]">&gt;&gt;</a>&nbsp;&nbsp;&nbsp;DMA1_Channel7_IRQHandler
<LI><a href="#[18]">&gt;&gt;</a>&nbsp;&nbsp;&nbsp;DMA1_Channel4_IRQHandler
<LI><a href="#[16]">&gt;&gt;</a>&nbsp;&nbsp;&nbsp;DMA1_Channel2_IRQHandler
<LI><a href="#[11c]">&gt;&gt;</a>&nbsp;&nbsp;&nbsp;USART3_DMA_config
<LI><a href="#[11b]">&gt;&gt;</a>&nbsp;&nbsp;&nbsp;USART3_DMA_RX_Data
<LI><a href="#[11a]">&gt;&gt;</a>&nbsp;&nbsp;&nbsp;USART2_DMA_config
<LI><a href="#[119]">&gt;&gt;</a>&nbsp;&nbsp;&nbsp;USART2_DMA_RX_Data
<LI><a href="#[111]">&gt;&gt;</a>&nbsp;&nbsp;&nbsp;USART1_DMA_config
<LI><a href="#[10f]">&gt;&gt;</a>&nbsp;&nbsp;&nbsp;USART1_DMA_RX_Data
</UL>

<P><STRONG><a name="[c5]"></a>DMA_Cmd</STRONG> (Thumb, 24 bytes, Stack size 0 bytes, stm32f10x_dma.o(i.DMA_Cmd))
<BR><BR>[Called By]<UL><LI><a href="#[1b]">&gt;&gt;</a>&nbsp;&nbsp;&nbsp;DMA1_Channel7_IRQHandler
<LI><a href="#[18]">&gt;&gt;</a>&nbsp;&nbsp;&nbsp;DMA1_Channel4_IRQHandler
<LI><a href="#[16]">&gt;&gt;</a>&nbsp;&nbsp;&nbsp;DMA1_Channel2_IRQHandler
<LI><a href="#[11c]">&gt;&gt;</a>&nbsp;&nbsp;&nbsp;USART3_DMA_config
<LI><a href="#[d6]">&gt;&gt;</a>&nbsp;&nbsp;&nbsp;USART3_DMA_TX_Data
<LI><a href="#[11b]">&gt;&gt;</a>&nbsp;&nbsp;&nbsp;USART3_DMA_RX_Data
<LI><a href="#[11a]">&gt;&gt;</a>&nbsp;&nbsp;&nbsp;USART2_DMA_config
<LI><a href="#[d5]">&gt;&gt;</a>&nbsp;&nbsp;&nbsp;USART2_DMA_TX_Data
<LI><a href="#[119]">&gt;&gt;</a>&nbsp;&nbsp;&nbsp;USART2_DMA_RX_Data
<LI><a href="#[111]">&gt;&gt;</a>&nbsp;&nbsp;&nbsp;USART1_DMA_config
<LI><a href="#[d4]">&gt;&gt;</a>&nbsp;&nbsp;&nbsp;USART1_DMA_TX_Data
<LI><a href="#[10f]">&gt;&gt;</a>&nbsp;&nbsp;&nbsp;USART1_DMA_RX_Data
</UL>

<P><STRONG><a name="[113]"></a>DMA_DeInit</STRONG> (Thumb, 324 bytes, Stack size 0 bytes, stm32f10x_dma.o(i.DMA_DeInit))
<BR><BR>[Called By]<UL><LI><a href="#[11c]">&gt;&gt;</a>&nbsp;&nbsp;&nbsp;USART3_DMA_config
<LI><a href="#[11a]">&gt;&gt;</a>&nbsp;&nbsp;&nbsp;USART2_DMA_config
<LI><a href="#[111]">&gt;&gt;</a>&nbsp;&nbsp;&nbsp;USART1_DMA_config
</UL>

<P><STRONG><a name="[110]"></a>DMA_GetCurrDataCounter</STRONG> (Thumb, 8 bytes, Stack size 0 bytes, stm32f10x_dma.o(i.DMA_GetCurrDataCounter))
<BR><BR>[Called By]<UL><LI><a href="#[11b]">&gt;&gt;</a>&nbsp;&nbsp;&nbsp;USART3_DMA_RX_Data
<LI><a href="#[119]">&gt;&gt;</a>&nbsp;&nbsp;&nbsp;USART2_DMA_RX_Data
<LI><a href="#[10f]">&gt;&gt;</a>&nbsp;&nbsp;&nbsp;USART1_DMA_RX_Data
</UL>

<P><STRONG><a name="[c3]"></a>DMA_GetITStatus</STRONG> (Thumb, 36 bytes, Stack size 0 bytes, stm32f10x_dma.o(i.DMA_GetITStatus))
<BR><BR>[Called By]<UL><LI><a href="#[1b]">&gt;&gt;</a>&nbsp;&nbsp;&nbsp;DMA1_Channel7_IRQHandler
<LI><a href="#[18]">&gt;&gt;</a>&nbsp;&nbsp;&nbsp;DMA1_Channel4_IRQHandler
<LI><a href="#[16]">&gt;&gt;</a>&nbsp;&nbsp;&nbsp;DMA1_Channel2_IRQHandler
</UL>

<P><STRONG><a name="[115]"></a>DMA_ITConfig</STRONG> (Thumb, 18 bytes, Stack size 0 bytes, stm32f10x_dma.o(i.DMA_ITConfig))
<BR><BR>[Called By]<UL><LI><a href="#[11c]">&gt;&gt;</a>&nbsp;&nbsp;&nbsp;USART3_DMA_config
<LI><a href="#[11a]">&gt;&gt;</a>&nbsp;&nbsp;&nbsp;USART2_DMA_config
<LI><a href="#[111]">&gt;&gt;</a>&nbsp;&nbsp;&nbsp;USART1_DMA_config
</UL>

<P><STRONG><a name="[114]"></a>DMA_Init</STRONG> (Thumb, 60 bytes, Stack size 8 bytes, stm32f10x_dma.o(i.DMA_Init))
<BR><BR>[Stack]<UL><LI>Max Depth = 8<LI>Call Chain = DMA_Init
</UL>
<BR>[Called By]<UL><LI><a href="#[11c]">&gt;&gt;</a>&nbsp;&nbsp;&nbsp;USART3_DMA_config
<LI><a href="#[11a]">&gt;&gt;</a>&nbsp;&nbsp;&nbsp;USART2_DMA_config
<LI><a href="#[111]">&gt;&gt;</a>&nbsp;&nbsp;&nbsp;USART1_DMA_config
</UL>

<P><STRONG><a name="[c6]"></a>DRIVER_BleMeshInit</STRONG> (Thumb, 54 bytes, Stack size 48 bytes, driverblemesh.o(i.DRIVER_BleMeshInit))
<BR><BR>[Stack]<UL><LI>Max Depth = 152<LI>Call Chain = DRIVER_BleMeshInit &rArr; MDL_FILE_AddModel &rArr; realloc &rArr; malloc &rArr; internal_alloc
</UL>
<BR>[Calls]<UL><LI><a href="#[c7]">&gt;&gt;</a>&nbsp;&nbsp;&nbsp;MDL_FILE_AddModel
<LI><a href="#[98]">&gt;&gt;</a>&nbsp;&nbsp;&nbsp;strcpy
</UL>
<BR>[Called By]<UL><LI><a href="#[b0]">&gt;&gt;</a>&nbsp;&nbsp;&nbsp;MDL_DRIVERMGR_Init
</UL>

<P><STRONG><a name="[cc]"></a>DRIVER_FLASH_Init</STRONG> (Thumb, 52 bytes, Stack size 48 bytes, driverflash.o(i.DRIVER_FLASH_Init))
<BR><BR>[Stack]<UL><LI>Max Depth = 152<LI>Call Chain = DRIVER_FLASH_Init &rArr; MDL_FILE_AddModel &rArr; realloc &rArr; malloc &rArr; internal_alloc
</UL>
<BR>[Calls]<UL><LI><a href="#[c7]">&gt;&gt;</a>&nbsp;&nbsp;&nbsp;MDL_FILE_AddModel
<LI><a href="#[98]">&gt;&gt;</a>&nbsp;&nbsp;&nbsp;strcpy
</UL>
<BR>[Called By]<UL><LI><a href="#[b0]">&gt;&gt;</a>&nbsp;&nbsp;&nbsp;MDL_DRIVERMGR_Init
</UL>

<P><STRONG><a name="[cd]"></a>DRIVER_Gps_Init</STRONG> (Thumb, 56 bytes, Stack size 48 bytes, drivergprs.o(i.DRIVER_Gps_Init))
<BR><BR>[Stack]<UL><LI>Max Depth = 152<LI>Call Chain = DRIVER_Gps_Init &rArr; MDL_FILE_AddModel &rArr; realloc &rArr; malloc &rArr; internal_alloc
</UL>
<BR>[Calls]<UL><LI><a href="#[c7]">&gt;&gt;</a>&nbsp;&nbsp;&nbsp;MDL_FILE_AddModel
<LI><a href="#[98]">&gt;&gt;</a>&nbsp;&nbsp;&nbsp;strcpy
</UL>
<BR>[Called By]<UL><LI><a href="#[b0]">&gt;&gt;</a>&nbsp;&nbsp;&nbsp;MDL_DRIVERMGR_Init
</UL>

<P><STRONG><a name="[c9]"></a>DRIVER_IsUartData</STRONG> (Thumb, 86 bytes, Stack size 0 bytes, driveruart.o(i.DRIVER_IsUartData))
<BR><BR>[Called By]<UL><LI><a href="#[54]">&gt;&gt;</a>&nbsp;&nbsp;&nbsp;DRIVER_BleMeshPop
<LI><a href="#[e3]">&gt;&gt;</a>&nbsp;&nbsp;&nbsp;Gps_TaskHandler
<LI><a href="#[df]">&gt;&gt;</a>&nbsp;&nbsp;&nbsp;Gps_SelfChk
</UL>

<P><STRONG><a name="[ce]"></a>DRIVER_NetWork_Init</STRONG> (Thumb, 62 bytes, Stack size 48 bytes, drivernetwork.o(i.DRIVER_NetWork_Init))
<BR><BR>[Stack]<UL><LI>Max Depth = 152<LI>Call Chain = DRIVER_NetWork_Init &rArr; MDL_FILE_AddModel &rArr; realloc &rArr; malloc &rArr; internal_alloc
</UL>
<BR>[Calls]<UL><LI><a href="#[c7]">&gt;&gt;</a>&nbsp;&nbsp;&nbsp;MDL_FILE_AddModel
</UL>
<BR>[Called By]<UL><LI><a href="#[b0]">&gt;&gt;</a>&nbsp;&nbsp;&nbsp;MDL_DRIVERMGR_Init
</UL>

<P><STRONG><a name="[c8]"></a>DRIVER_OpenUart</STRONG> (Thumb, 58 bytes, Stack size 16 bytes, driveruart.o(i.DRIVER_OpenUart))
<BR><BR>[Stack]<UL><LI>Max Depth = 124<LI>Call Chain = DRIVER_OpenUart &rArr; USART3_Init &rArr; USART_Init &rArr; RCC_GetClocksFreq
</UL>
<BR>[Calls]<UL><LI><a href="#[d1]">&gt;&gt;</a>&nbsp;&nbsp;&nbsp;USART3_Init
<LI><a href="#[d0]">&gt;&gt;</a>&nbsp;&nbsp;&nbsp;USART2_Init
<LI><a href="#[cf]">&gt;&gt;</a>&nbsp;&nbsp;&nbsp;USART1_Init
</UL>
<BR>[Called By]<UL><LI><a href="#[51]">&gt;&gt;</a>&nbsp;&nbsp;&nbsp;DRIVER_BleMeshOpen
<LI><a href="#[de]">&gt;&gt;</a>&nbsp;&nbsp;&nbsp;Gps_Init
</UL>

<P><STRONG><a name="[d2]"></a>DRIVER_Pressure_Init</STRONG> (Thumb, 56 bytes, Stack size 48 bytes, driverpressure.o(i.DRIVER_Pressure_Init))
<BR><BR>[Stack]<UL><LI>Max Depth = 152<LI>Call Chain = DRIVER_Pressure_Init &rArr; MDL_FILE_AddModel &rArr; realloc &rArr; malloc &rArr; internal_alloc
</UL>
<BR>[Calls]<UL><LI><a href="#[c7]">&gt;&gt;</a>&nbsp;&nbsp;&nbsp;MDL_FILE_AddModel
</UL>
<BR>[Called By]<UL><LI><a href="#[b0]">&gt;&gt;</a>&nbsp;&nbsp;&nbsp;MDL_DRIVERMGR_Init
</UL>

<P><STRONG><a name="[d3]"></a>DRIVER_Temper_Init</STRONG> (Thumb, 62 bytes, Stack size 48 bytes, drivertemper.o(i.DRIVER_Temper_Init))
<BR><BR>[Stack]<UL><LI>Max Depth = 152<LI>Call Chain = DRIVER_Temper_Init &rArr; MDL_FILE_AddModel &rArr; realloc &rArr; malloc &rArr; internal_alloc
</UL>
<BR>[Calls]<UL><LI><a href="#[c7]">&gt;&gt;</a>&nbsp;&nbsp;&nbsp;MDL_FILE_AddModel
</UL>
<BR>[Called By]<UL><LI><a href="#[b0]">&gt;&gt;</a>&nbsp;&nbsp;&nbsp;MDL_DRIVERMGR_Init
</UL>

<P><STRONG><a name="[ca]"></a>DRIVER_UartRead</STRONG> (Thumb, 202 bytes, Stack size 16 bytes, driveruart.o(i.DRIVER_UartRead))
<BR><BR>[Stack]<UL><LI>Max Depth = 16<LI>Call Chain = DRIVER_UartRead
</UL>
<BR>[Calls]<UL><LI><a href="#[75]">&gt;&gt;</a>&nbsp;&nbsp;&nbsp;__aeabi_memclr
<LI><a href="#[c0]">&gt;&gt;</a>&nbsp;&nbsp;&nbsp;__aeabi_memcpy
</UL>
<BR>[Called By]<UL><LI><a href="#[52]">&gt;&gt;</a>&nbsp;&nbsp;&nbsp;DRIVER_BleMeshRead
<LI><a href="#[e3]">&gt;&gt;</a>&nbsp;&nbsp;&nbsp;Gps_TaskHandler
<LI><a href="#[df]">&gt;&gt;</a>&nbsp;&nbsp;&nbsp;Gps_SelfChk
</UL>

<P><STRONG><a name="[cb]"></a>DRIVER_UartWrite</STRONG> (Thumb, 74 bytes, Stack size 16 bytes, driveruart.o(i.DRIVER_UartWrite))
<BR><BR>[Stack]<UL><LI>Max Depth = 32<LI>Call Chain = DRIVER_UartWrite &rArr; USART3_DMA_TX_Data
</UL>
<BR>[Calls]<UL><LI><a href="#[d6]">&gt;&gt;</a>&nbsp;&nbsp;&nbsp;USART3_DMA_TX_Data
<LI><a href="#[d5]">&gt;&gt;</a>&nbsp;&nbsp;&nbsp;USART2_DMA_TX_Data
<LI><a href="#[d4]">&gt;&gt;</a>&nbsp;&nbsp;&nbsp;USART1_DMA_TX_Data
</UL>
<BR>[Called By]<UL><LI><a href="#[53]">&gt;&gt;</a>&nbsp;&nbsp;&nbsp;DRIVER_BleMeshWrite
<LI><a href="#[e2]">&gt;&gt;</a>&nbsp;&nbsp;&nbsp;Gps_UartSendBuf
</UL>

<P><STRONG><a name="[7]"></a>DebugMon_Handler</STRONG> (Thumb, 2 bytes, Stack size 0 bytes, stm32f10x_it.o(i.DebugMon_Handler))
<BR>[Address Reference Count : 1]<UL><LI> startup_stm32f10x_hd.o(RESET)
</UL>
<P><STRONG><a name="[d7]"></a>DriverInitUartDebug</STRONG> (Thumb, 46 bytes, Stack size 24 bytes, driverdebug.o(i.DriverInitUartDebug))
<BR><BR>[Stack]<UL><LI>Max Depth = 108<LI>Call Chain = DriverInitUartDebug &rArr; STM_EVAL_COMInit &rArr; USART_Init &rArr; RCC_GetClocksFreq
</UL>
<BR>[Calls]<UL><LI><a href="#[d8]">&gt;&gt;</a>&nbsp;&nbsp;&nbsp;STM_EVAL_COMInit
<LI><a href="#[b7]">&gt;&gt;</a>&nbsp;&nbsp;&nbsp;__2printf
</UL>
<BR>[Called By]<UL><LI><a href="#[e7]">&gt;&gt;</a>&nbsp;&nbsp;&nbsp;HardWareInit
</UL>

<P><STRONG><a name="[b1]"></a>ENDIAN_SWAP_Init</STRONG> (Thumb, 34 bytes, Stack size 8 bytes, endian_swap.o(i.ENDIAN_SWAP_Init))
<BR><BR>[Stack]<UL><LI>Max Depth = 8<LI>Call Chain = ENDIAN_SWAP_Init
</UL>
<BR>[Called By]<UL><LI><a href="#[c1]">&gt;&gt;</a>&nbsp;&nbsp;&nbsp;GetCheckSum
<LI><a href="#[af]">&gt;&gt;</a>&nbsp;&nbsp;&nbsp;ALL_Init
</UL>

<P><STRONG><a name="[124]"></a>FLASH_ClearFlag</STRONG> (Thumb, 6 bytes, Stack size 0 bytes, stm32f10x_flash.o(i.FLASH_ClearFlag))
<BR><BR>[Called By]<UL><LI><a href="#[120]">&gt;&gt;</a>&nbsp;&nbsp;&nbsp;_MCUFlash_Write
</UL>

<P><STRONG><a name="[d9]"></a>FLASH_ErasePage</STRONG> (Thumb, 72 bytes, Stack size 12 bytes, stm32f10x_flash.o(i.FLASH_ErasePage))
<BR><BR>[Stack]<UL><LI>Max Depth = 16<LI>Call Chain = FLASH_ErasePage &rArr; FLASH_WaitForLastOperation
</UL>
<BR>[Calls]<UL><LI><a href="#[da]">&gt;&gt;</a>&nbsp;&nbsp;&nbsp;FLASH_WaitForLastOperation
</UL>
<BR>[Called By]<UL><LI><a href="#[120]">&gt;&gt;</a>&nbsp;&nbsp;&nbsp;_MCUFlash_Write
<LI><a href="#[121]">&gt;&gt;</a>&nbsp;&nbsp;&nbsp;_MCUFlash_Erash
</UL>

<P><STRONG><a name="[dc]"></a>FLASH_GetBank1Status</STRONG> (Thumb, 48 bytes, Stack size 0 bytes, stm32f10x_flash.o(i.FLASH_GetBank1Status))
<BR><BR>[Called By]<UL><LI><a href="#[da]">&gt;&gt;</a>&nbsp;&nbsp;&nbsp;FLASH_WaitForLastOperation
</UL>

<P><STRONG><a name="[123]"></a>FLASH_Lock</STRONG> (Thumb, 14 bytes, Stack size 0 bytes, stm32f10x_flash.o(i.FLASH_Lock))
<BR><BR>[Called By]<UL><LI><a href="#[120]">&gt;&gt;</a>&nbsp;&nbsp;&nbsp;_MCUFlash_Write
<LI><a href="#[121]">&gt;&gt;</a>&nbsp;&nbsp;&nbsp;_MCUFlash_Erash
</UL>

<P><STRONG><a name="[db]"></a>FLASH_ProgramHalfWord</STRONG> (Thumb, 60 bytes, Stack size 16 bytes, stm32f10x_flash.o(i.FLASH_ProgramHalfWord))
<BR><BR>[Stack]<UL><LI>Max Depth = 20<LI>Call Chain = FLASH_ProgramHalfWord &rArr; FLASH_WaitForLastOperation
</UL>
<BR>[Calls]<UL><LI><a href="#[da]">&gt;&gt;</a>&nbsp;&nbsp;&nbsp;FLASH_WaitForLastOperation
</UL>
<BR>[Called By]<UL><LI><a href="#[122]">&gt;&gt;</a>&nbsp;&nbsp;&nbsp;_Flash_Write_Without_check
</UL>

<P><STRONG><a name="[11e]"></a>FLASH_Unlock</STRONG> (Thumb, 12 bytes, Stack size 0 bytes, stm32f10x_flash.o(i.FLASH_Unlock))
<BR><BR>[Called By]<UL><LI><a href="#[120]">&gt;&gt;</a>&nbsp;&nbsp;&nbsp;_MCUFlash_Write
<LI><a href="#[56]">&gt;&gt;</a>&nbsp;&nbsp;&nbsp;_FLASH_Close
</UL>

<P><STRONG><a name="[da]"></a>FLASH_WaitForLastOperation</STRONG> (Thumb, 38 bytes, Stack size 4 bytes, stm32f10x_flash.o(i.FLASH_WaitForLastOperation))
<BR><BR>[Stack]<UL><LI>Max Depth = 4<LI>Call Chain = FLASH_WaitForLastOperation
</UL>
<BR>[Calls]<UL><LI><a href="#[dc]">&gt;&gt;</a>&nbsp;&nbsp;&nbsp;FLASH_GetBank1Status
</UL>
<BR>[Called By]<UL><LI><a href="#[db]">&gt;&gt;</a>&nbsp;&nbsp;&nbsp;FLASH_ProgramHalfWord
<LI><a href="#[d9]">&gt;&gt;</a>&nbsp;&nbsp;&nbsp;FLASH_ErasePage
</UL>

<P><STRONG><a name="[104]"></a>GPIO_Init</STRONG> (Thumb, 278 bytes, Stack size 24 bytes, stm32f10x_gpio.o(i.GPIO_Init))
<BR><BR>[Stack]<UL><LI>Max Depth = 24<LI>Call Chain = GPIO_Init
</UL>
<BR>[Called By]<UL><LI><a href="#[d8]">&gt;&gt;</a>&nbsp;&nbsp;&nbsp;STM_EVAL_COMInit
<LI><a href="#[d1]">&gt;&gt;</a>&nbsp;&nbsp;&nbsp;USART3_Init
<LI><a href="#[d0]">&gt;&gt;</a>&nbsp;&nbsp;&nbsp;USART2_Init
<LI><a href="#[cf]">&gt;&gt;</a>&nbsp;&nbsp;&nbsp;USART1_Init
<LI><a href="#[ff]">&gt;&gt;</a>&nbsp;&nbsp;&nbsp;NETUart_Init
</UL>

<P><STRONG><a name="[103]"></a>GPIO_PinRemapConfig</STRONG> (Thumb, 138 bytes, Stack size 20 bytes, stm32f10x_gpio.o(i.GPIO_PinRemapConfig))
<BR><BR>[Stack]<UL><LI>Max Depth = 20<LI>Call Chain = GPIO_PinRemapConfig
</UL>
<BR>[Called By]<UL><LI><a href="#[d1]">&gt;&gt;</a>&nbsp;&nbsp;&nbsp;USART3_Init
<LI><a href="#[d0]">&gt;&gt;</a>&nbsp;&nbsp;&nbsp;USART2_Init
<LI><a href="#[cf]">&gt;&gt;</a>&nbsp;&nbsp;&nbsp;USART1_Init
<LI><a href="#[ff]">&gt;&gt;</a>&nbsp;&nbsp;&nbsp;NETUart_Init
</UL>

<P><STRONG><a name="[2]"></a>HardFault_Handler</STRONG> (Thumb, 4 bytes, Stack size 0 bytes, stm32f10x_it.o(i.HardFault_Handler))
<BR>[Address Reference Count : 1]<UL><LI> startup_stm32f10x_hd.o(RESET)
</UL>
<P><STRONG><a name="[e7]"></a>HardWareInit</STRONG> (Thumb, 108 bytes, Stack size 16 bytes, system_stm32f10x.o(i.HardWareInit))
<BR><BR>[Stack]<UL><LI>Max Depth = 124<LI>Call Chain = HardWareInit &rArr; DriverInitUartDebug &rArr; STM_EVAL_COMInit &rArr; USART_Init &rArr; RCC_GetClocksFreq
</UL>
<BR>[Calls]<UL><LI><a href="#[d7]">&gt;&gt;</a>&nbsp;&nbsp;&nbsp;DriverInitUartDebug
<LI><a href="#[e8]">&gt;&gt;</a>&nbsp;&nbsp;&nbsp;SystemCoreClockUpdate
</UL>
<BR>[Called By]<UL><LI><a href="#[b0]">&gt;&gt;</a>&nbsp;&nbsp;&nbsp;MDL_DRIVERMGR_Init
</UL>

<P><STRONG><a name="[ac]"></a>MDL_DRIVERMGR_Close</STRONG> (Thumb, 54 bytes, Stack size 16 bytes, drivermanager.o(i.MDL_DRIVERMGR_Close))
<BR><BR>[Stack]<UL><LI>Max Depth = 16<LI>Call Chain = MDL_DRIVERMGR_Close
</UL>
<BR>[Calls]<UL><LI><a href="#[e9]">&gt;&gt;</a>&nbsp;&nbsp;&nbsp;MDL_FILE_GetModel
</UL>
<BR>[Called By]<UL><LI><a href="#[aa]">&gt;&gt;</a>&nbsp;&nbsp;&nbsp;ALL_DeInit
</UL>

<P><STRONG><a name="[ad]"></a>MDL_DRIVERMGR_DeInit</STRONG> (Thumb, 12 bytes, Stack size 8 bytes, drivermanager.o(i.MDL_DRIVERMGR_DeInit))
<BR><BR>[Stack]<UL><LI>Max Depth = 44<LI>Call Chain = MDL_DRIVERMGR_DeInit &rArr; MDL_DRVTIMER_DeInit &rArr; MDL_QUEUE_DeInit &rArr; free
</UL>
<BR>[Calls]<UL><LI><a href="#[ea]">&gt;&gt;</a>&nbsp;&nbsp;&nbsp;MDL_FILE_DeInit
<LI><a href="#[eb]">&gt;&gt;</a>&nbsp;&nbsp;&nbsp;MDL_DRVTIMER_DeInit
</UL>
<BR>[Called By]<UL><LI><a href="#[aa]">&gt;&gt;</a>&nbsp;&nbsp;&nbsp;ALL_DeInit
</UL>

<P><STRONG><a name="[ba]"></a>MDL_DRIVERMGR_GetTimeTick</STRONG> (Thumb, 30 bytes, Stack size 16 bytes, drivermanager.o(i.MDL_DRIVERMGR_GetTimeTick))
<BR><BR>[Stack]<UL><LI>Max Depth = 16<LI>Call Chain = MDL_DRIVERMGR_GetTimeTick
</UL>
<BR>[Calls]<UL><LI><a href="#[e0]">&gt;&gt;</a>&nbsp;&nbsp;&nbsp;MDL_TIME_GetTimeTick
</UL>
<BR>[Called By]<UL><LI><a href="#[93]">&gt;&gt;</a>&nbsp;&nbsp;&nbsp;MDL_TIMER_Start
<LI><a href="#[b9]">&gt;&gt;</a>&nbsp;&nbsp;&nbsp;ALL_Task
</UL>

<P><STRONG><a name="[b0]"></a>MDL_DRIVERMGR_Init</STRONG> (Thumb, 182 bytes, Stack size 8 bytes, drivermanager.o(i.MDL_DRIVERMGR_Init))
<BR><BR>[Stack]<UL><LI>Max Depth = 160<LI>Call Chain = MDL_DRIVERMGR_Init &rArr; DRIVER_BleMeshInit &rArr; MDL_FILE_AddModel &rArr; realloc &rArr; malloc &rArr; internal_alloc
</UL>
<BR>[Calls]<UL><LI><a href="#[ee]">&gt;&gt;</a>&nbsp;&nbsp;&nbsp;MDL_FILE_Init
<LI><a href="#[c6]">&gt;&gt;</a>&nbsp;&nbsp;&nbsp;DRIVER_BleMeshInit
<LI><a href="#[cd]">&gt;&gt;</a>&nbsp;&nbsp;&nbsp;DRIVER_Gps_Init
<LI><a href="#[cc]">&gt;&gt;</a>&nbsp;&nbsp;&nbsp;DRIVER_FLASH_Init
<LI><a href="#[d3]">&gt;&gt;</a>&nbsp;&nbsp;&nbsp;DRIVER_Temper_Init
<LI><a href="#[d2]">&gt;&gt;</a>&nbsp;&nbsp;&nbsp;DRIVER_Pressure_Init
<LI><a href="#[ce]">&gt;&gt;</a>&nbsp;&nbsp;&nbsp;DRIVER_NetWork_Init
<LI><a href="#[e7]">&gt;&gt;</a>&nbsp;&nbsp;&nbsp;HardWareInit
<LI><a href="#[ec]">&gt;&gt;</a>&nbsp;&nbsp;&nbsp;MDL_TIME_Init
<LI><a href="#[ef]">&gt;&gt;</a>&nbsp;&nbsp;&nbsp;MDL_RTC_Init
<LI><a href="#[ed]">&gt;&gt;</a>&nbsp;&nbsp;&nbsp;MDL_DRVTIMER_Init
</UL>
<BR>[Called By]<UL><LI><a href="#[af]">&gt;&gt;</a>&nbsp;&nbsp;&nbsp;ALL_Init
</UL>

<P><STRONG><a name="[95]"></a>MDL_DRIVERMGR_Ioctl</STRONG> (Thumb, 66 bytes, Stack size 24 bytes, drivermanager.o(i.MDL_DRIVERMGR_Ioctl))
<BR><BR>[Stack]<UL><LI>Max Depth = 24<LI>Call Chain = MDL_DRIVERMGR_Ioctl
</UL>
<BR>[Calls]<UL><LI><a href="#[e9]">&gt;&gt;</a>&nbsp;&nbsp;&nbsp;MDL_FILE_GetModel
</UL>
<BR>[Called By]<UL><LI><a href="#[94]">&gt;&gt;</a>&nbsp;&nbsp;&nbsp;BleMeshNodeStatusReport
<LI><a href="#[4f]">&gt;&gt;</a>&nbsp;&nbsp;&nbsp;ALL_BleMeshHeartbeatTimeout
<LI><a href="#[50]">&gt;&gt;</a>&nbsp;&nbsp;&nbsp;_GatewayHeartbeat
<LI><a href="#[b9]">&gt;&gt;</a>&nbsp;&nbsp;&nbsp;ALL_Task
<LI><a href="#[dd]">&gt;&gt;</a>&nbsp;&nbsp;&nbsp;Flash_crtl
</UL>

<P><STRONG><a name="[b3]"></a>MDL_DRIVERMGR_Open</STRONG> (Thumb, 58 bytes, Stack size 16 bytes, drivermanager.o(i.MDL_DRIVERMGR_Open))
<BR><BR>[Stack]<UL><LI>Max Depth = 40<LI>Call Chain = MDL_DRIVERMGR_Open &rArr; MDL_FILE_GetModelId &rArr; strcmp
</UL>
<BR>[Calls]<UL><LI><a href="#[f0]">&gt;&gt;</a>&nbsp;&nbsp;&nbsp;MDL_FILE_GetModelId
<LI><a href="#[e9]">&gt;&gt;</a>&nbsp;&nbsp;&nbsp;MDL_FILE_GetModel
</UL>
<BR>[Called By]<UL><LI><a href="#[a3]">&gt;&gt;</a>&nbsp;&nbsp;&nbsp;MDL_SHEET_Open
<LI><a href="#[af]">&gt;&gt;</a>&nbsp;&nbsp;&nbsp;ALL_Init
</UL>

<P><STRONG><a name="[bc]"></a>MDL_DRIVERMGR_Pop</STRONG> (Thumb, 54 bytes, Stack size 16 bytes, drivermanager.o(i.MDL_DRIVERMGR_Pop))
<BR><BR>[Stack]<UL><LI>Max Depth = 16<LI>Call Chain = MDL_DRIVERMGR_Pop
</UL>
<BR>[Calls]<UL><LI><a href="#[e9]">&gt;&gt;</a>&nbsp;&nbsp;&nbsp;MDL_FILE_GetModel
</UL>
<BR>[Called By]<UL><LI><a href="#[b9]">&gt;&gt;</a>&nbsp;&nbsp;&nbsp;ALL_Task
</UL>

<P><STRONG><a name="[bd]"></a>MDL_DRIVERMGR_Read</STRONG> (Thumb, 64 bytes, Stack size 24 bytes, drivermanager.o(i.MDL_DRIVERMGR_Read))
<BR><BR>[Stack]<UL><LI>Max Depth = 24<LI>Call Chain = MDL_DRIVERMGR_Read
</UL>
<BR>[Calls]<UL><LI><a href="#[e9]">&gt;&gt;</a>&nbsp;&nbsp;&nbsp;MDL_FILE_GetModel
</UL>
<BR>[Called By]<UL><LI><a href="#[b9]">&gt;&gt;</a>&nbsp;&nbsp;&nbsp;ALL_Task
</UL>

<P><STRONG><a name="[b8]"></a>MDL_DRIVERMGR_Task</STRONG> (Thumb, 8 bytes, Stack size 8 bytes, drivermanager.o(i.MDL_DRIVERMGR_Task))
<BR><BR>[Stack]<UL><LI>Max Depth = 112<LI>Call Chain = MDL_DRIVERMGR_Task &rArr; MDL_DRVTIMER_Active &rArr; _DRVTIMER_AddTimer &rArr; MDL_QUEUE_Add &rArr; malloc &rArr; internal_alloc
</UL>
<BR>[Calls]<UL><LI><a href="#[f1]">&gt;&gt;</a>&nbsp;&nbsp;&nbsp;MDL_DRVTIMER_Active
</UL>
<BR>[Called By]<UL><LI><a href="#[b6]">&gt;&gt;</a>&nbsp;&nbsp;&nbsp;ALL_Run
</UL>

<P><STRONG><a name="[9d]"></a>MDL_DRIVERMGR_Write</STRONG> (Thumb, 64 bytes, Stack size 24 bytes, drivermanager.o(i.MDL_DRIVERMGR_Write))
<BR><BR>[Stack]<UL><LI>Max Depth = 24<LI>Call Chain = MDL_DRIVERMGR_Write
</UL>
<BR>[Calls]<UL><LI><a href="#[e9]">&gt;&gt;</a>&nbsp;&nbsp;&nbsp;MDL_FILE_GetModel
</UL>
<BR>[Called By]<UL><LI><a href="#[94]">&gt;&gt;</a>&nbsp;&nbsp;&nbsp;BleMeshNodeStatusReport
<LI><a href="#[4e]">&gt;&gt;</a>&nbsp;&nbsp;&nbsp;ALL_BleMeshTxHeartbeat
<LI><a href="#[4f]">&gt;&gt;</a>&nbsp;&nbsp;&nbsp;ALL_BleMeshHeartbeatTimeout
<LI><a href="#[50]">&gt;&gt;</a>&nbsp;&nbsp;&nbsp;_GatewayHeartbeat
</UL>

<P><STRONG><a name="[f1]"></a>MDL_DRVTIMER_Active</STRONG> (Thumb, 74 bytes, Stack size 16 bytes, drivertimer.o(i.MDL_DRVTIMER_Active))
<BR><BR>[Stack]<UL><LI>Max Depth = 104<LI>Call Chain = MDL_DRVTIMER_Active &rArr; _DRVTIMER_AddTimer &rArr; MDL_QUEUE_Add &rArr; malloc &rArr; internal_alloc
</UL>
<BR>[Calls]<UL><LI><a href="#[e0]">&gt;&gt;</a>&nbsp;&nbsp;&nbsp;MDL_TIME_GetTimeTick
<LI><a href="#[f2]">&gt;&gt;</a>&nbsp;&nbsp;&nbsp;MDL_QUEUE_Get
<LI><a href="#[f3]">&gt;&gt;</a>&nbsp;&nbsp;&nbsp;_DRVTIMER_AddTimer
<LI><a href="#[71]">&gt;&gt;</a>&nbsp;&nbsp;&nbsp;free
</UL>
<BR>[Called By]<UL><LI><a href="#[b8]">&gt;&gt;</a>&nbsp;&nbsp;&nbsp;MDL_DRIVERMGR_Task
</UL>

<P><STRONG><a name="[f4]"></a>MDL_DRVTIMER_AddTimer</STRONG> (Thumb, 52 bytes, Stack size 16 bytes, drivertimer.o(i.MDL_DRVTIMER_AddTimer))
<BR><BR>[Stack]<UL><LI>Max Depth = 104<LI>Call Chain = MDL_DRVTIMER_AddTimer &rArr; _DRVTIMER_AddTimer &rArr; MDL_QUEUE_Add &rArr; malloc &rArr; internal_alloc
</UL>
<BR>[Calls]<UL><LI><a href="#[f3]">&gt;&gt;</a>&nbsp;&nbsp;&nbsp;_DRVTIMER_AddTimer
<LI><a href="#[70]">&gt;&gt;</a>&nbsp;&nbsp;&nbsp;malloc
</UL>
<BR>[Called By]<UL><LI><a href="#[58]">&gt;&gt;</a>&nbsp;&nbsp;&nbsp;_Gps_Open
<LI><a href="#[5e]">&gt;&gt;</a>&nbsp;&nbsp;&nbsp;_NET_Open
<LI><a href="#[6d]">&gt;&gt;</a>&nbsp;&nbsp;&nbsp;NETUart_TaskHandler
</UL>

<P><STRONG><a name="[eb]"></a>MDL_DRVTIMER_DeInit</STRONG> (Thumb, 10 bytes, Stack size 8 bytes, drivertimer.o(i.MDL_DRVTIMER_DeInit))
<BR><BR>[Stack]<UL><LI>Max Depth = 36<LI>Call Chain = MDL_DRVTIMER_DeInit &rArr; MDL_QUEUE_DeInit &rArr; free
</UL>
<BR>[Calls]<UL><LI><a href="#[f5]">&gt;&gt;</a>&nbsp;&nbsp;&nbsp;MDL_QUEUE_DeInit
</UL>
<BR>[Called By]<UL><LI><a href="#[ad]">&gt;&gt;</a>&nbsp;&nbsp;&nbsp;MDL_DRIVERMGR_DeInit
</UL>

<P><STRONG><a name="[ed]"></a>MDL_DRVTIMER_Init</STRONG> (Thumb, 10 bytes, Stack size 8 bytes, drivertimer.o(i.MDL_DRVTIMER_Init))
<BR><BR>[Stack]<UL><LI>Max Depth = 8<LI>Call Chain = MDL_DRVTIMER_Init
</UL>
<BR>[Calls]<UL><LI><a href="#[f6]">&gt;&gt;</a>&nbsp;&nbsp;&nbsp;MDL_QUEUE_Init
</UL>
<BR>[Called By]<UL><LI><a href="#[b0]">&gt;&gt;</a>&nbsp;&nbsp;&nbsp;MDL_DRIVERMGR_Init
</UL>

<P><STRONG><a name="[c7]"></a>MDL_FILE_AddModel</STRONG> (Thumb, 114 bytes, Stack size 16 bytes, driverfile.o(i.MDL_FILE_AddModel))
<BR><BR>[Stack]<UL><LI>Max Depth = 104<LI>Call Chain = MDL_FILE_AddModel &rArr; realloc &rArr; malloc &rArr; internal_alloc
</UL>
<BR>[Calls]<UL><LI><a href="#[be]">&gt;&gt;</a>&nbsp;&nbsp;&nbsp;__aeabi_memcpy4
<LI><a href="#[72]">&gt;&gt;</a>&nbsp;&nbsp;&nbsp;realloc
<LI><a href="#[70]">&gt;&gt;</a>&nbsp;&nbsp;&nbsp;malloc
</UL>
<BR>[Called By]<UL><LI><a href="#[c6]">&gt;&gt;</a>&nbsp;&nbsp;&nbsp;DRIVER_BleMeshInit
<LI><a href="#[cd]">&gt;&gt;</a>&nbsp;&nbsp;&nbsp;DRIVER_Gps_Init
<LI><a href="#[cc]">&gt;&gt;</a>&nbsp;&nbsp;&nbsp;DRIVER_FLASH_Init
<LI><a href="#[d3]">&gt;&gt;</a>&nbsp;&nbsp;&nbsp;DRIVER_Temper_Init
<LI><a href="#[d2]">&gt;&gt;</a>&nbsp;&nbsp;&nbsp;DRIVER_Pressure_Init
<LI><a href="#[ce]">&gt;&gt;</a>&nbsp;&nbsp;&nbsp;DRIVER_NetWork_Init
</UL>

<P><STRONG><a name="[ea]"></a>MDL_FILE_DeInit</STRONG> (Thumb, 60 bytes, Stack size 16 bytes, driverfile.o(i.MDL_FILE_DeInit))
<BR><BR>[Stack]<UL><LI>Max Depth = 28<LI>Call Chain = MDL_FILE_DeInit &rArr; free
</UL>
<BR>[Calls]<UL><LI><a href="#[71]">&gt;&gt;</a>&nbsp;&nbsp;&nbsp;free
</UL>
<BR>[Called By]<UL><LI><a href="#[ad]">&gt;&gt;</a>&nbsp;&nbsp;&nbsp;MDL_DRIVERMGR_DeInit
</UL>

<P><STRONG><a name="[e9]"></a>MDL_FILE_GetModel</STRONG> (Thumb, 32 bytes, Stack size 0 bytes, driverfile.o(i.MDL_FILE_GetModel))
<BR><BR>[Called By]<UL><LI><a href="#[9d]">&gt;&gt;</a>&nbsp;&nbsp;&nbsp;MDL_DRIVERMGR_Write
<LI><a href="#[bd]">&gt;&gt;</a>&nbsp;&nbsp;&nbsp;MDL_DRIVERMGR_Read
<LI><a href="#[bc]">&gt;&gt;</a>&nbsp;&nbsp;&nbsp;MDL_DRIVERMGR_Pop
<LI><a href="#[b3]">&gt;&gt;</a>&nbsp;&nbsp;&nbsp;MDL_DRIVERMGR_Open
<LI><a href="#[95]">&gt;&gt;</a>&nbsp;&nbsp;&nbsp;MDL_DRIVERMGR_Ioctl
<LI><a href="#[ac]">&gt;&gt;</a>&nbsp;&nbsp;&nbsp;MDL_DRIVERMGR_Close
</UL>

[...]
<BR><BR>[Stack]<UL><LI>Max Depth = 108<LI>Call Chain = USART2_Init &rArr; USART_Init &rArr; RCC_GetClocksFreq
</UL>
<BR>[Calls]<UL><LI><a href="#[100]">&gt;&gt;</a>&nbsp;&nbsp;&nbsp;RCC_APB2PeriphClockCmd
<LI><a href="#[10a]">&gt;&gt;</a>&nbsp;&nbsp;&nbsp;RCC_APB1PeriphClockCmd
<LI><a href="#[103]">&gt;&gt;</a>&nbsp;&nbsp;&nbsp;GPIO_PinRemapConfig
<LI><a href="#[104]">&gt;&gt;</a>&nbsp;&nbsp;&nbsp;GPIO_Init
<LI><a href="#[101]">&gt;&gt;</a>&nbsp;&nbsp;&nbsp;NVIC_PriorityGroupConfig
<LI><a href="#[102]">&gt;&gt;</a>&nbsp;&nbsp;&nbsp;NVIC_Init
<LI><a href="#[11a]">&gt;&gt;</a>&nbsp;&nbsp;&nbsp;USART2_DMA_config
<LI><a href="#[105]">&gt;&gt;</a>&nbsp;&nbsp;&nbsp;USART_Init
<LI><a href="#[106]">&gt;&gt;</a>&nbsp;&nbsp;&nbsp;USART_ITConfig
<LI><a href="#[118]">&gt;&gt;</a>&nbsp;&nbsp;&nbsp;USART_DMACmd
<LI><a href="#[10b]">&gt;&gt;</a>&nbsp;&nbsp;&nbsp;USART_Cmd
</UL>
<BR>[Called By]<UL><LI><a href="#[c8]">&gt;&gt;</a>&nbsp;&nbsp;&nbsp;DRIVER_OpenUart
</UL>

<P><STRONG><a name="[11b]"></a>USART3_DMA_RX_Data</STRONG> (Thumb, 50 bytes, Stack size 8 bytes, driveruart.o(i.USART3_DMA_RX_Data))
<BR><BR>[Stack]<UL><LI>Max Depth = 8<LI>Call Chain = USART3_DMA_RX_Data
</UL>
<BR>[Calls]<UL><LI><a href="#[110]">&gt;&gt;</a>&nbsp;&nbsp;&nbsp;DMA_GetCurrDataCounter
<LI><a href="#[c5]">&gt;&gt;</a>&nbsp;&nbsp;&nbsp;DMA_Cmd
<LI><a href="#[c4]">&gt;&gt;</a>&nbsp;&nbsp;&nbsp;DMA_ClearFlag
</UL>
<BR>[Called By]<UL><LI><a href="#[31]">&gt;&gt;</a>&nbsp;&nbsp;&nbsp;USART3_IRQHandler
</UL>

<P><STRONG><a name="[d6]"></a>USART3_DMA_TX_Data</STRONG> (Thumb, 56 bytes, Stack size 16 bytes, driveruart.o(i.USART3_DMA_TX_Data))
<BR><BR>[Stack]<UL><LI>Max Depth = 16<LI>Call Chain = USART3_DMA_TX_Data
</UL>
<BR>[Calls]<UL><LI><a href="#[c5]">&gt;&gt;</a>&nbsp;&nbsp;&nbsp;DMA_Cmd
<LI><a href="#[c0]">&gt;&gt;</a>&nbsp;&nbsp;&nbsp;__aeabi_memcpy
</UL>
<BR>[Called By]<UL><LI><a href="#[cb]">&gt;&gt;</a>&nbsp;&nbsp;&nbsp;DRIVER_UartWrite
</UL>

<P><STRONG><a name="[11c]"></a>USART3_DMA_config</STRONG> (Thumb, 194 bytes, Stack size 48 bytes, driveruart.o(i.USART3_DMA_config))
<BR><BR>[Stack]<UL><LI>Max Depth = 56<LI>Call Chain = USART3_DMA_config &rArr; DMA_Init
</UL>
<BR>[Calls]<UL><LI><a href="#[114]">&gt;&gt;</a>&nbsp;&nbsp;&nbsp;DMA_Init
<LI><a href="#[115]">&gt;&gt;</a>&nbsp;&nbsp;&nbsp;DMA_ITConfig
<LI><a href="#[113]">&gt;&gt;</a>&nbsp;&nbsp;&nbsp;DMA_DeInit
<LI><a href="#[c5]">&gt;&gt;</a>&nbsp;&nbsp;&nbsp;DMA_Cmd
<LI><a href="#[c4]">&gt;&gt;</a>&nbsp;&nbsp;&nbsp;DMA_ClearFlag
<LI><a href="#[112]">&gt;&gt;</a>&nbsp;&nbsp;&nbsp;RCC_AHBPeriphClockCmd
</UL>
<BR>[Called By]<UL><LI><a href="#[d1]">&gt;&gt;</a>&nbsp;&nbsp;&nbsp;USART3_Init
</UL>

<P><STRONG><a name="[d1]"></a>USART3_Init</STRONG> (Thumb, 220 bytes, Stack size 40 bytes, driveruart.o(i.USART3_Init))
<BR><BR>[Stack]<UL><LI>Max Depth = 108<LI>Call Chain = USART3_Init &rArr; USART_Init &rArr; RCC_GetClocksFreq
</UL>
<BR>[Calls]<UL><LI><a href="#[100]">&gt;&gt;</a>&nbsp;&nbsp;&nbsp;RCC_APB2PeriphClockCmd
<LI><a href="#[10a]">&gt;&gt;</a>&nbsp;&nbsp;&nbsp;RCC_APB1PeriphClockCmd
<LI><a href="#[103]">&gt;&gt;</a>&nbsp;&nbsp;&nbsp;GPIO_PinRemapConfig
<LI><a href="#[104]">&gt;&gt;</a>&nbsp;&nbsp;&nbsp;GPIO_Init
<LI><a href="#[101]">&gt;&gt;</a>&nbsp;&nbsp;&nbsp;NVIC_PriorityGroupConfig
<LI><a href="#[102]">&gt;&gt;</a>&nbsp;&nbsp;&nbsp;NVIC_Init
<LI><a href="#[11c]">&gt;&gt;</a>&nbsp;&nbsp;&nbsp;USART3_DMA_config
<LI><a href="#[105]">&gt;&gt;</a>&nbsp;&nbsp;&nbsp;USART_Init
<LI><a href="#[106]">&gt;&gt;</a>&nbsp;&nbsp;&nbsp;USART_ITConfig
<LI><a href="#[118]">&gt;&gt;</a>&nbsp;&nbsp;&nbsp;USART_DMACmd
<LI><a href="#[10b]">&gt;&gt;</a>&nbsp;&nbsp;&nbsp;USART_Cmd
</UL>
<BR>[Called By]<UL><LI><a href="#[c8]">&gt;&gt;</a>&nbsp;&nbsp;&nbsp;DRIVER_OpenUart
</UL>

<P><STRONG><a name="[de]"></a>Gps_Init</STRONG> (Thumb, 16 bytes, Stack size 8 bytes, drivergprs.o(i.Gps_Init))
<BR><BR>[Stack]<UL><LI>Max Depth = 132<LI>Call Chain = Gps_Init &rArr; DRIVER_OpenUart &rArr; USART3_Init &rArr; USART_Init &rArr; RCC_GetClocksFreq
</UL>
<BR>[Calls]<UL><LI><a href="#[c8]">&gt;&gt;</a>&nbsp;&nbsp;&nbsp;DRIVER_OpenUart
</UL>
<BR>[Called By]<UL><LI><a href="#[58]">&gt;&gt;</a>&nbsp;&nbsp;&nbsp;_Gps_Open
</UL>

<P><STRONG><a name="[df]"></a>Gps_SelfChk</STRONG> (Thumb, 202 bytes, Stack size 88 bytes, drivergprs.o(i.Gps_SelfChk))
<BR><BR>[Stack]<UL><LI>Max Depth = 136<LI>Call Chain = Gps_SelfChk &rArr; Gps_UartSendBuf &rArr; DRIVER_UartWrite &rArr; USART3_DMA_TX_Data
</UL>
<BR>[Calls]<UL><LI><a href="#[e2]">&gt;&gt;</a>&nbsp;&nbsp;&nbsp;Gps_UartSendBuf
<LI><a href="#[ca]">&gt;&gt;</a>&nbsp;&nbsp;&nbsp;DRIVER_UartRead
<LI><a href="#[c9]">&gt;&gt;</a>&nbsp;&nbsp;&nbsp;DRIVER_IsUartData
<LI><a href="#[e0]">&gt;&gt;</a>&nbsp;&nbsp;&nbsp;MDL_TIME_GetTimeTick
<LI><a href="#[e1]">&gt;&gt;</a>&nbsp;&nbsp;&nbsp;strstr
<LI><a href="#[91]">&gt;&gt;</a>&nbsp;&nbsp;&nbsp;__aeabi_memclr4
<LI><a href="#[b7]">&gt;&gt;</a>&nbsp;&nbsp;&nbsp;__2printf
</UL>
<BR>[Called By]<UL><LI><a href="#[e3]">&gt;&gt;</a>&nbsp;&nbsp;&nbsp;Gps_TaskHandler
</UL>

<P><STRONG><a name="[e5]"></a>Gps_SetMode</STRONG> (Thumb, 6 bytes, Stack size 0 bytes, drivergprs.o(i.Gps_SetMode))
<BR><BR>[Called By]<UL><LI><a href="#[58]">&gt;&gt;</a>&nbsp;&nbsp;&nbsp;_Gps_Open
<LI><a href="#[5c]">&gt;&gt;</a>&nbsp;&nbsp;&nbsp;_Gps_Ioctl
<LI><a href="#[e3]">&gt;&gt;</a>&nbsp;&nbsp;&nbsp;Gps_TaskHandler
</UL>

<P><STRONG><a name="[e4]"></a>Gps_SetRevMode</STRONG> (Thumb, 6 bytes, Stack size 0 bytes, drivergprs.o(i.Gps_SetRevMode))
<BR><BR>[Called By]<UL><LI><a href="#[e3]">&gt;&gt;</a>&nbsp;&nbsp;&nbsp;Gps_TaskHandler
</UL>

<P><STRONG><a name="[e3]"></a>Gps_TaskHandler</STRONG> (Thumb, 900 bytes, Stack size 16 bytes, drivergprs.o(i.Gps_TaskHandler))
<BR><BR>[Stack]<UL><LI>Max Depth = 152<LI>Call Chain = Gps_TaskHandler &rArr; Gps_SelfChk &rArr; Gps_UartSendBuf &rArr; DRIVER_UartWrite &rArr; USART3_DMA_TX_Data
</UL>
<BR>[Calls]<UL><LI><a href="#[e6]">&gt;&gt;</a>&nbsp;&nbsp;&nbsp;MDL_TIME_Delay
<LI><a href="#[e2]">&gt;&gt;</a>&nbsp;&nbsp;&nbsp;Gps_UartSendBuf
<LI><a href="#[e4]">&gt;&gt;</a>&nbsp;&nbsp;&nbsp;Gps_SetRevMode
<LI><a href="#[e5]">&gt;&gt;</a>&nbsp;&nbsp;&nbsp;Gps_SetMode
<LI><a href="#[df]">&gt;&gt;</a>&nbsp;&nbsp;&nbsp;Gps_SelfChk
<LI><a href="#[ca]">&gt;&gt;</a>&nbsp;&nbsp;&nbsp;DRIVER_UartRead
<LI><a href="#[c9]">&gt;&gt;</a>&nbsp;&nbsp;&nbsp;DRIVER_IsUartData
<LI><a href="#[e1]">&gt;&gt;</a>&nbsp;&nbsp;&nbsp;strstr
<LI><a href="#[75]">&gt;&gt;</a>&nbsp;&nbsp;&nbsp;__aeabi_memclr
<LI><a href="#[c0]">&gt;&gt;</a>&nbsp;&nbsp;&nbsp;__aeabi_memcpy
<LI><a href="#[b7]">&gt;&gt;</a>&nbsp;&nbsp;&nbsp;__2printf
</UL>
<BR>[Called By]<UL><LI><a href="#[5d]">&gt;&gt;</a>&nbsp;&nbsp;&nbsp;_Gps_Pop
</UL>

<P><STRONG><a name="[e2]"></a>Gps_UartSendBuf</STRONG> (Thumb, 18 bytes, Stack size 16 bytes, drivergprs.o(i.Gps_UartSendBuf))
<BR><BR>[Stack]<UL><LI>Max Depth = 48<LI>Call Chain = Gps_UartSendBuf &rArr; DRIVER_UartWrite &rArr; USART3_DMA_TX_Data
</UL>
<BR>[Calls]<UL><LI><a href="#[cb]">&gt;&gt;</a>&nbsp;&nbsp;&nbsp;DRIVER_UartWrite
</UL>
<BR>[Called By]<UL><LI><a href="#[5a]">&gt;&gt;</a>&nbsp;&nbsp;&nbsp;_Gps_Write
<LI><a href="#[e3]">&gt;&gt;</a>&nbsp;&nbsp;&nbsp;Gps_TaskHandler
<LI><a href="#[df]">&gt;&gt;</a>&nbsp;&nbsp;&nbsp;Gps_SelfChk
</UL>

<P><STRONG><a name="[5b]"></a>_Gps_Close</STRONG> (Thumb, 4 bytes, Stack size 0 bytes, drivergprs.o(i._Gps_Close))
<BR>[Address Reference Count : 1]<UL><LI> drivergprs.o(i.DRIVER_Gps_Init)
</UL>
<P><STRONG><a name="[5c]"></a>_Gps_Ioctl</STRONG> (Thumb, 58 bytes, Stack size 16 bytes, drivergprs.o(i._Gps_Ioctl))
<BR><BR>[Stack]<UL><LI>Max Depth = 16<LI>Call Chain = _Gps_Ioctl
</UL>
<BR>[Calls]<UL><LI><a href="#[e5]">&gt;&gt;</a>&nbsp;&nbsp;&nbsp;Gps_SetMode
</UL>
<BR>[Address Reference Count : 1]<UL><LI> drivergprs.o(i.DRIVER_Gps_Init)
</UL>
<P><STRONG><a name="[58]"></a>_Gps_Open</STRONG> (Thumb, 60 bytes, Stack size 32 bytes, drivergprs.o(i._Gps_Open))
<BR><BR>[Stack]<UL><LI>Max Depth = 164<LI>Call Chain = _Gps_Open &rArr; Gps_Init &rArr; DRIVER_OpenUart &rArr; USART3_Init &rArr; USART_Init &rArr; RCC_GetClocksFreq
</UL>
<BR>[Calls]<UL><LI><a href="#[e5]">&gt;&gt;</a>&nbsp;&nbsp;&nbsp;Gps_SetMode
<LI><a href="#[de]">&gt;&gt;</a>&nbsp;&nbsp;&nbsp;Gps_Init
<LI><a href="#[e0]">&gt;&gt;</a>&nbsp;&nbsp;&nbsp;MDL_TIME_GetTimeTick
<LI><a href="#[f4]">&gt;&gt;</a>&nbsp;&nbsp;&nbsp;MDL_DRVTIMER_AddTimer
</UL>
<BR>[Address Reference Count : 1]<UL><LI> drivergprs.o(i.DRIVER_Gps_Init)
</UL>
<P><STRONG><a name="[5d]"></a>_Gps_Pop</STRONG> (Thumb, 24 bytes, Stack size 8 bytes, drivergprs.o(i._Gps_Pop))
<BR><BR>[Stack]<UL><LI>Max Depth = 160<LI>Call Chain = _Gps_Pop &rArr; Gps_TaskHandler &rArr; Gps_SelfChk &rArr; Gps_UartSendBuf &rArr; DRIVER_UartWrite &rArr; USART3_DMA_TX_Data
</UL>
<BR>[Calls]<UL><LI><a href="#[e3]">&gt;&gt;</a>&nbsp;&nbsp;&nbsp;Gps_TaskHandler
</UL>
<BR>[Address Reference Count : 1]<UL><LI> drivergprs.o(i.DRIVER_Gps_Init)
</UL>
<P><STRONG><a name="[59]"></a>_Gps_Read</STRONG> (Thumb, 90 bytes, Stack size 16 bytes, drivergprs.o(i._Gps_Read))
<BR><BR>[Stack]<UL><LI>Max Depth = 16<LI>Call Chain = _Gps_Read
</UL>
<BR>[Calls]<UL><LI><a href="#[c0]">&gt;&gt;</a>&nbsp;&nbsp;&nbsp;__aeabi_memcpy
</UL>
<BR>[Address Reference Count : 1]<UL><LI> drivergprs.o(i.DRIVER_Gps_Init)
</UL>
<P><STRONG><a name="[5a]"></a>_Gps_Write</STRONG> (Thumb, 44 bytes, Stack size 16 bytes, drivergprs.o(i._Gps_Write))
<BR><BR>[Stack]<UL><LI>Max Depth = 64<LI>Call Chain = _Gps_Write &rArr; Gps_UartSendBuf &rArr; DRIVER_UartWrite &rArr; USART3_DMA_TX_Data
</UL>
<BR>[Calls]<UL><LI><a href="#[e2]">&gt;&gt;</a>&nbsp;&nbsp;&nbsp;Gps_UartSendBuf
</UL>
<BR>[Address Reference Count : 1]<UL><LI> drivergprs.o(i.DRIVER_Gps_Init)
</UL>
<P><STRONG><a name="[51]"></a>DRIVER_BleMeshOpen</STRONG> (Thumb, 18 bytes, Stack size 8 bytes, driverblemesh.o(i.DRIVER_BleMeshOpen))
<BR><BR>[Stack]<UL><LI>Max Depth = 132<LI>Call Chain = DRIVER_BleMeshOpen &rArr; DRIVER_OpenUart &rArr; USART3_Init &rArr; USART_Init &rArr; RCC_GetClocksFreq
</UL>
<BR>[Calls]<UL><LI><a href="#[c8]">&gt;&gt;</a>&nbsp;&nbsp;&nbsp;DRIVER_OpenUart
</UL>
<BR>[Address Reference Count : 1]<UL><LI> driverblemesh.o(i.DRIVER_BleMeshInit)
</UL>
<P><STRONG><a name="[54]"></a>DRIVER_BleMeshPop</STRONG> (Thumb, 10 bytes, Stack size 8 bytes, driverblemesh.o(i.DRIVER_BleMeshPop))
<BR><BR>[Stack]<UL><LI>Max Depth = 8<LI>Call Chain = DRIVER_BleMeshPop
</UL>
<BR>[Calls]<UL><LI><a href="#[c9]">&gt;&gt;</a>&nbsp;&nbsp;&nbsp;DRIVER_IsUartData
</UL>
<BR>[Address Reference Count : 1]<UL><LI> driverblemesh.o(i.DRIVER_BleMeshInit)
</UL>
<P><STRONG><a name="[52]"></a>DRIVER_BleMeshRead</STRONG> (Thumb, 18 bytes, Stack size 16 bytes, driverblemesh.o(i.DRIVER_BleMeshRead))
<BR><BR>[Stack]<UL><LI>Max Depth = 32<LI>Call Chain = DRIVER_BleMeshRead &rArr; DRIVER_UartRead
</UL>
<BR>[Calls]<UL><LI><a href="#[ca]">&gt;&gt;</a>&nbsp;&nbsp;&nbsp;DRIVER_UartRead
</UL>
<BR>[Address Reference Count : 1]<UL><LI> driverblemesh.o(i.DRIVER_BleMeshInit)
</UL>
<P><STRONG><a name="[53]"></a>DRIVER_BleMeshWrite</STRONG> (Thumb, 18 bytes, Stack size 16 bytes, driverblemesh.o(i.DRIVER_BleMeshWrite))
<BR><BR>[Stack]<UL><LI>Max Depth = 48<LI>Call Chain = DRIVER_BleMeshWrite &rArr; DRIVER_UartWrite &rArr; USART3_DMA_TX_Data
</UL>
<BR>[Calls]<UL><LI><a href="#[cb]">&gt;&gt;</a>&nbsp;&nbsp;&nbsp;DRIVER_UartWrite
</UL>
<BR>[Address Reference Count : 1]<UL><LI> driverblemesh.o(i.DRIVER_BleMeshInit)
</UL>
<P><STRONG><a name="[f3]"></a>_DRVTIMER_AddTimer</STRONG> (Thumb, 14 bytes, Stack size 8 bytes, drivertimer.o(i._DRVTIMER_AddTimer))
<BR><BR>[Stack]<UL><LI>Max Depth = 88<LI>Call Chain = _DRVTIMER_AddTimer &rArr; MDL_QUEUE_Add &rArr; malloc &rArr; internal_alloc
</UL>
<BR>[Calls]<UL><LI><a href="#[f8]">&gt;&gt;</a>&nbsp;&nbsp;&nbsp;MDL_QUEUE_Add
</UL>
<BR>[Called By]<UL><LI><a href="#[f4]">&gt;&gt;</a>&nbsp;&nbsp;&nbsp;MDL_DRVTIMER_AddTimer
<LI><a href="#[f1]">&gt;&gt;</a>&nbsp;&nbsp;&nbsp;MDL_DRVTIMER_Active
</UL>

<P><STRONG><a name="[dd]"></a>Flash_crtl</STRONG> (Thumb, 82 bytes, Stack size 40 bytes, sheet.o(i.Flash_crtl))
<BR><BR>[Stack]<UL><LI>Max Depth = 64<LI>Call Chain = Flash_crtl &rArr; MDL_DRIVERMGR_Ioctl
</UL>
<BR>[Calls]<UL><LI><a href="#[95]">&gt;&gt;</a>&nbsp;&nbsp;&nbsp;MDL_DRIVERMGR_Ioctl
</UL>
<BR>[Called By]<UL><LI><a href="#[fd]">&gt;&gt;</a>&nbsp;&nbsp;&nbsp;_SHEET_Update
<LI><a href="#[125]">&gt;&gt;</a>&nbsp;&nbsp;&nbsp;_SHEET_QueryHead
<LI><a href="#[fb]">&gt;&gt;</a>&nbsp;&nbsp;&nbsp;_SHEET_Query
<LI><a href="#[fa]">&gt;&gt;</a>&nbsp;&nbsp;&nbsp;_SHEET_Initial
<LI><a href="#[f9]">&gt;&gt;</a>&nbsp;&nbsp;&nbsp;_SHEET_Create
</UL>

<P><STRONG><a name="[f9]"></a>_SHEET_Create</STRONG> (Thumb, 230 bytes, Stack size 56 bytes, sheet.o(i._SHEET_Create))
<BR><BR>[Stack]<UL><LI>Max Depth = 120<LI>Call Chain = _SHEET_Create &rArr; Flash_crtl &rArr; MDL_DRIVERMGR_Ioctl
</UL>
<BR>[Calls]<UL><LI><a href="#[dd]">&gt;&gt;</a>&nbsp;&nbsp;&nbsp;Flash_crtl
</UL>
<BR>[Called By]<UL><LI><a href="#[a4]">&gt;&gt;</a>&nbsp;&nbsp;&nbsp;MDL_SHEET_Create
</UL>

<P><STRONG><a name="[fc]"></a>_SHEET_GetSheetPoint</STRONG> (Thumb, 44 bytes, Stack size 8 bytes, sheet.o(i._SHEET_GetSheetPoint))
<BR><BR>[Stack]<UL><LI>Max Depth = 8<LI>Call Chain = _SHEET_GetSheetPoint
</UL>
<BR>[Called By]<UL><LI><a href="#[a0]">&gt;&gt;</a>&nbsp;&nbsp;&nbsp;MDL_SHEET_Reset
<LI><a href="#[fd]">&gt;&gt;</a>&nbsp;&nbsp;&nbsp;_SHEET_Update
<LI><a href="#[fb]">&gt;&gt;</a>&nbsp;&nbsp;&nbsp;_SHEET_Query
</UL>

<P><STRONG><a name="[fa]"></a>_SHEET_Initial</STRONG> (Thumb, 156 bytes, Stack size 40 bytes, sheet.o(i._SHEET_Initial))
<BR><BR>[Stack]<UL><LI>Max Depth = 128<LI>Call Chain = _SHEET_Initial &rArr; realloc &rArr; malloc &rArr; internal_alloc
</UL>
<BR>[Calls]<UL><LI><a href="#[dd]">&gt;&gt;</a>&nbsp;&nbsp;&nbsp;Flash_crtl
<LI><a href="#[72]">&gt;&gt;</a>&nbsp;&nbsp;&nbsp;realloc
<LI><a href="#[70]">&gt;&gt;</a>&nbsp;&nbsp;&nbsp;malloc
</UL>
<BR>[Called By]<UL><LI><a href="#[a5]">&gt;&gt;</a>&nbsp;&nbsp;&nbsp;MDL_SHEET_Initial
</UL>

<P><STRONG><a name="[fb]"></a>_SHEET_Query</STRONG> (Thumb, 270 bytes, Stack size 56 bytes, sheet.o(i._SHEET_Query))
<BR><BR>[Stack]<UL><LI>Max Depth = 144<LI>Call Chain = _SHEET_Query &rArr; _SHEET_QueryHead &rArr; Flash_crtl &rArr; MDL_DRIVERMGR_Ioctl
</UL>
<BR>[Calls]<UL><LI><a href="#[75]">&gt;&gt;</a>&nbsp;&nbsp;&nbsp;__aeabi_memclr
<LI><a href="#[c0]">&gt;&gt;</a>&nbsp;&nbsp;&nbsp;__aeabi_memcpy
<LI><a href="#[125]">&gt;&gt;</a>&nbsp;&nbsp;&nbsp;_SHEET_QueryHead
<LI><a href="#[fc]">&gt;&gt;</a>&nbsp;&nbsp;&nbsp;_SHEET_GetSheetPoint
<LI><a href="#[dd]">&gt;&gt;</a>&nbsp;&nbsp;&nbsp;Flash_crtl
<LI><a href="#[70]">&gt;&gt;</a>&nbsp;&nbsp;&nbsp;malloc
<LI><a href="#[71]">&gt;&gt;</a>&nbsp;&nbsp;&nbsp;free
<LI><a href="#[b7]">&gt;&gt;</a>&nbsp;&nbsp;&nbsp;__2printf
</UL>
<BR>[Called By]<UL><LI><a href="#[a1]">&gt;&gt;</a>&nbsp;&nbsp;&nbsp;MDL_SHEET_Query
</UL>

<P><STRONG><a name="[125]"></a>_SHEET_QueryHead</STRONG> (Thumb, 88 bytes, Stack size 24 bytes, sheet.o(i._SHEET_QueryHead))
<BR><BR>[Stack]<UL><LI>Max Depth = 88<LI>Call Chain = _SHEET_QueryHead &rArr; Flash_crtl &rArr; MDL_DRIVERMGR_Ioctl
</UL>
<BR>[Calls]<UL><LI><a href="#[dd]">&gt;&gt;</a>&nbsp;&nbsp;&nbsp;Flash_crtl
</UL>
<BR>[Called By]<UL><LI><a href="#[fd]">&gt;&gt;</a>&nbsp;&nbsp;&nbsp;_SHEET_Update
<LI><a href="#[fb]">&gt;&gt;</a>&nbsp;&nbsp;&nbsp;_SHEET_Query
</UL>

<P><STRONG><a name="[fd]"></a>_SHEET_Update</STRONG> (Thumb, 202 bytes, Stack size 56 bytes, sheet.o(i._SHEET_Update))
<BR><BR>[Stack]<UL><LI>Max Depth = 144<LI>Call Chain = _SHEET_Update &rArr; _SHEET_QueryHead &rArr; Flash_crtl &rArr; MDL_DRIVERMGR_Ioctl
</UL>
<BR>[Calls]<UL><LI><a href="#[75]">&gt;&gt;</a>&nbsp;&nbsp;&nbsp;__aeabi_memclr
<LI><a href="#[c0]">&gt;&gt;</a>&nbsp;&nbsp;&nbsp;__aeabi_memcpy
<LI><a href="#[125]">&gt;&gt;</a>&nbsp;&nbsp;&nbsp;_SHEET_QueryHead
<LI><a href="#[fc]">&gt;&gt;</a>&nbsp;&nbsp;&nbsp;_SHEET_GetSheetPoint
<LI><a href="#[dd]">&gt;&gt;</a>&nbsp;&nbsp;&nbsp;Flash_crtl
<LI><a href="#[70]">&gt;&gt;</a>&nbsp;&nbsp;&nbsp;malloc
<LI><a href="#[71]">&gt;&gt;</a>&nbsp;&nbsp;&nbsp;free
<LI><a href="#[b7]">&gt;&gt;</a>&nbsp;&nbsp;&nbsp;__2printf
</UL>
<BR>[Called By]<UL><LI><a href="#[a8]">&gt;&gt;</a>&nbsp;&nbsp;&nbsp;MDL_SHEET_Update
</UL>

<P><STRONG><a name="[fe]"></a>list_del</STRONG> (Thumb, 18 bytes, Stack size 0 bytes, timer.o(i.list_del))
<BR><BR>[Called By]<UL><LI><a href="#[ab]">&gt;&gt;</a>&nbsp;&nbsp;&nbsp;MDL_TIMER_UnInit
<LI><a href="#[bb]">&gt;&gt;</a>&nbsp;&nbsp;&nbsp;MDL_TIMER_Active
</UL>

<P><STRONG><a name="[12a]"></a>_fp_digits</STRONG> (Thumb, 366 bytes, Stack size 64 bytes, printfa.o(i._fp_digits), UNUSED)
<BR><BR>[Calls]<UL><LI><a href="#[7c]">&gt;&gt;</a>&nbsp;&nbsp;&nbsp;__aeabi_dmul
<LI><a href="#[12b]">&gt;&gt;</a>&nbsp;&nbsp;&nbsp;__aeabi_cdrcmple
<LI><a href="#[82]">&gt;&gt;</a>&nbsp;&nbsp;&nbsp;__aeabi_uldivmod
<LI><a href="#[7d]">&gt;&gt;</a>&nbsp;&nbsp;&nbsp;__aeabi_ddiv
<LI><a href="#[87]">&gt;&gt;</a>&nbsp;&nbsp;&nbsp;__aeabi_dadd
<LI><a href="#[8b]">&gt;&gt;</a>&nbsp;&nbsp;&nbsp;__aeabi_d2ulz
</UL>
<BR>[Called By]<UL><LI><a href="#[127]">&gt;&gt;</a>&nbsp;&nbsp;&nbsp;_printf_core
</UL>

<P><STRONG><a name="[127]"></a>_printf_core</STRONG> (Thumb, 1744 bytes, Stack size 136 bytes, printfa.o(i._printf_core), UNUSED)
<BR><BR>[Calls]<UL><LI><a href="#[82]">&gt;&gt;</a>&nbsp;&nbsp;&nbsp;__aeabi_uldivmod
<LI><a href="#[12e]">&gt;&gt;</a>&nbsp;&nbsp;&nbsp;__aeabi_uidivmod
<LI><a href="#[12c]">&gt;&gt;</a>&nbsp;&nbsp;&nbsp;_printf_pre_padding
<LI><a href="#[12d]">&gt;&gt;</a>&nbsp;&nbsp;&nbsp;_printf_post_padding
<LI><a href="#[12a]">&gt;&gt;</a>&nbsp;&nbsp;&nbsp;_fp_digits
</UL>
<BR>[Called By]<UL><LI><a href="#[128]">&gt;&gt;</a>&nbsp;&nbsp;&nbsp;__0sprintf
<LI><a href="#[126]">&gt;&gt;</a>&nbsp;&nbsp;&nbsp;__0printf
</UL>

<P><STRONG><a name="[12d]"></a>_printf_post_padding</STRONG> (Thumb, 36 bytes, Stack size 24 bytes, printfa.o(i._printf_post_padding), UNUSED)
<BR><BR>[Called By]<UL><LI><a href="#[127]">&gt;&gt;</a>&nbsp;&nbsp;&nbsp;_printf_core
</UL>

<P><STRONG><a name="[12c]"></a>_printf_pre_padding</STRONG> (Thumb, 46 bytes, Stack size 24 bytes, printfa.o(i._printf_pre_padding), UNUSED)
<BR><BR>[Called By]<UL><LI><a href="#[127]">&gt;&gt;</a>&nbsp;&nbsp;&nbsp;_printf_core
</UL>

<P><STRONG><a name="[6f]"></a>_sputc</STRONG> (Thumb, 10 bytes, Stack size 0 bytes, printfa.o(i._sputc))
<BR><BR>[Called By]<UL><LI><a href="#[128]">&gt;&gt;</a>&nbsp;&nbsp;&nbsp;__0sprintf
</UL>
<BR>[Address Reference Count : 1]<UL><LI> printfa.o(i.__0sprintf)
</UL>
<P><STRONG><a name="[129]"></a>internal_alloc</STRONG> (Thumb, 76 bytes, Stack size 24 bytes, mallocr.o(i.internal_alloc))
<BR><BR>[Stack]<UL><LI>Max Depth = 24<LI>Call Chain = internal_alloc
</UL>
<BR>[Calls]<UL><LI><a href="#[c0]">&gt;&gt;</a>&nbsp;&nbsp;&nbsp;__aeabi_memcpy
</UL>
<BR>[Called By]<UL><LI><a href="#[72]">&gt;&gt;</a>&nbsp;&nbsp;&nbsp;realloc
<LI><a href="#[70]">&gt;&gt;</a>&nbsp;&nbsp;&nbsp;malloc
</UL>

<P><STRONG><a name="[7a]"></a>_fp_value</STRONG> (Thumb, 296 bytes, Stack size 64 bytes, scanf_fp.o(.text), UNUSED)
<BR><BR>[Calls]<UL><LI><a href="#[7c]">&gt;&gt;</a>&nbsp;&nbsp;&nbsp;__aeabi_dmul
<LI><a href="#[7b]">&gt;&gt;</a>&nbsp;&nbsp;&nbsp;__aeabi_ul2d
<LI><a href="#[7d]">&gt;&gt;</a>&nbsp;&nbsp;&nbsp;__aeabi_ddiv
</UL>
<BR>[Called By]<UL><LI><a href="#[7e]">&gt;&gt;</a>&nbsp;&nbsp;&nbsp;_scanf_really_real
</UL>

<P><STRONG><a name="[4b]"></a>_scanf_char_input</STRONG> (Thumb, 12 bytes, Stack size 0 bytes, scanf_char.o(.text))
<BR>[Address Reference Count : 1]<UL><LI> scanf_char.o(.text)
</UL><P>
<H3>
Undefined Global Symbols
</H3><HR></body></html>
