<html>
<body>
<pre>
<h1>礦ision Build Log</h1>
<h2>Project:</h2>
C:\Users\磐石\Desktop\STM32F103C8T6\STM32F103C8T6最小系统板\STM32F103C8T6核心板程序资料\STM32F103C8T6核心板测试程序(PC13闪烁)\MDK-ARM\Project.uvproj
Project File Date:  06/03/2019

<h2>Output:</h2>
Build target 'LED'
linking...
Program Size: Code=4280 RO-data=888 RW-data=28 ZI-data=2260  
FromELF: creating hex file...
".\Obj\Project.axf" - 0 Error(s), 0 Warning(s).
Load "C:\\Users\\磐石\\Desktop\\STM32F103C8T6\\STM32F103C8T6最小系统板\\STM32F103C8T6核心板程序资料\\STM32F103C8T6核心板测试程序(PC13闪烁)\\MDK-ARM\\Obj\\Project.AXF" 
* JLink Info: Device "STM32F103C8" selected (64 KB flash, 20 KB RAM).
Set JLink Project File to "C:\Users\磐石\Desktop\STM32F103C8T6\STM32F103C8T6最小系统板\STM32F103C8T6核心板程序资料\STM32F103C8T6核心板测试程序(PC13闪烁)\MDK-ARM\JLinkSettings.ini"
 
JLink info:
------------
DLL: V4.40c, compiled Jan 24 2012 09:30:33
Firmware: J-Link V9 compiled Apr 21 2017 11:08:06
Hardware: V9.20
S/N : 29999997 
Feature(s) : GDB, RDI, FlashBP, FlashDL, JFlash 
 
**JLink Warning: RESET (pin 15) high, but should be low. Please check target hardware.
***JLink Error: Supply voltage too low (1 Volt is required, Measured: 0.0 Volt).
Please check target power.
Load "C:\\Users\\磐石\\Desktop\\STM32F103C8T6\\STM32F103C8T6最小系统板\\STM32F103C8T6核心板程序资料\\STM32F103C8T6核心板测试程序(PC13闪烁)\\MDK-ARM\\Obj\\Project.AXF" 
* JLink Info: Device "STM32F103C8" selected (64 KB flash, 20 KB RAM).
Set JLink Project File to "C:\Users\磐石\Desktop\STM32F103C8T6\STM32F103C8T6最小系统板\STM32F103C8T6核心板程序资料\STM32F103C8T6核心板测试程序(PC13闪烁)\MDK-ARM\JLinkSettings.ini"
 
JLink info:
------------
DLL: V4.40c, compiled Jan 24 2012 09:30:33
Firmware: J-Link V9 compiled Apr 21 2017 11:08:06
Hardware: V9.20
S/N : 29999997 
Feature(s) : GDB, RDI, FlashBP, FlashDL, JFlash 
 
Load "C:\\Users\\磐石\\Desktop\\STM32F103C8T6\\STM32F103C8T6最小系统板\\STM32F103C8T6核心板程序资料\\STM32F103C8T6核心板测试程序(PC13闪烁)\\MDK-ARM\\Obj\\Project.AXF" 
* JLink Info: Device "STM32F103C8" selected (64 KB flash, 20 KB RAM).
Set JLink Project File to "C:\Users\磐石\Desktop\STM32F103C8T6\STM32F103C8T6最小系统板\STM32F103C8T6核心板程序资料\STM32F103C8T6核心板测试程序(PC13闪烁)\MDK-ARM\JLinkSettings.ini"
 
JLink info:
------------
DLL: V4.40c, compiled Jan 24 2012 09:30:33
Firmware: J-Link V9 compiled Apr 21 2017 11:08:06
Hardware: V9.20
S/N : 29999997 
Feature(s) : GDB, RDI, FlashBP, FlashDL, JFlash 
 
Load "C:\\Users\\磐石\\Desktop\\STM32F103C8T6\\STM32F103C8T6最小系统板\\STM32F103C8T6核心板程序资料\\STM32F103C8T6核心板测试程序(PC13闪烁)\\MDK-ARM\\Obj\\Project.AXF" 
* JLink Info: Device "STM32F103C8" selected (64 KB flash, 20 KB RAM).
Set JLink Project File to "C:\Users\磐石\Desktop\STM32F103C8T6\STM32F103C8T6最小系统板\STM32F103C8T6核心板程序资料\STM32F103C8T6核心板测试程序(PC13闪烁)\MDK-ARM\JLinkSettings.ini"
 
JLink info:
------------
DLL: V4.40c, compiled Jan 24 2012 09:30:33
Firmware: J-Link V9 compiled Apr 21 2017 11:08:06
Hardware: V9.20
S/N : 29999997 
Feature(s) : GDB, RDI, FlashBP, FlashDL, JFlash 
 
Load "C:\\Users\\磐石\\Desktop\\STM32F103C8T6\\STM32F103C8T6最小系统板\\STM32F103C8T6核心板程序资料\\STM32F103C8T6核心板测试程序(PC13闪烁)\\MDK-ARM\\Obj\\Project.AXF" 
* JLink Info: Device "STM32F103C8" selected (64 KB flash, 20 KB RAM).
Set JLink Project File to "C:\Users\磐石\Desktop\STM32F103C8T6\STM32F103C8T6最小系统板\STM32F103C8T6核心板程序资料\STM32F103C8T6核心板测试程序(PC13闪烁)\MDK-ARM\JLinkSettings.ini"
 
JLink info:
------------
DLL: V4.40c, compiled Jan 24 2012 09:30:33
Firmware: J-Link V9 compiled Apr 21 2017 11:08:06
Hardware: V9.20
S/N : 29999997 
Feature(s) : GDB, RDI, FlashBP, FlashDL, JFlash 
 
Load "C:\\Users\\磐石\\Desktop\\STM32F103C8T6\\STM32F103C8T6最小系统板\\STM32F103C8T6核心板程序资料\\STM32F103C8T6核心板测试程序(PC13闪烁)\\MDK-ARM\\Obj\\Project.AXF" 
* JLink Info: Device "STM32F103C8" selected (64 KB flash, 20 KB RAM).
Set JLink Project File to "C:\Users\磐石\Desktop\STM32F103C8T6\STM32F103C8T6最小系统板\STM32F103C8T6核心板程序资料\STM32F103C8T6核心板测试程序(PC13闪烁)\MDK-ARM\JLinkSettings.ini"
 
JLink info:
------------
DLL: V4.40c, compiled Jan 24 2012 09:30:33
Firmware: J-Link V9 compiled Apr 21 2017 11:08:06
Hardware: V9.20
S/N : 29999997 
Feature(s) : GDB, RDI, FlashBP, FlashDL, JFlash 
 
* JLink Info: Found SWD-DP with ID 0x1BA01477
* JLink Info: TPIU fitted.
* JLink Info:   FPUnit: 6 code (BP) slots and 2 literal slots
* JLink Info: Found Cortex-M3 r1p1, Little endian.
ROMTableAddr = 0xE00FF003
* JLink Info: Found SWD-DP with ID 0x1BA01477
* JLink Info: TPIU fitted.
* JLink Info:   FPUnit: 6 code (BP) slots and 2 literal slots
* JLink Info: Found Cortex-M3 r1p1, Little endian.
**JLink Warning: S_RESET_ST not cleared
**JLink Warning: CPU did not halt after reset.
**JLink Warning: CPU could not be halted
* JLink Info: Core did not halt after reset, trying to disable WDT.
**JLink Warning: CPU did not halt after reset.
**JLink Warning: CPU could not be halted
**JLink Warning: S_RESET_ST not cleared
* JLink Info: Found SWD-DP with ID 0x1BA01477
**JLink Warning: S_RESET_ST not cleared
**JLink Warning: CPU did not halt after reset.
**JLink Warning: CPU could not be halted
* JLink Info: Core did not halt after reset, trying to disable WDT.
**JLink Warning: CPU did not halt after reset.
**JLink Warning: CPU could not be halted
**JLink Warning: S_RESET_ST not cleared
**JLink Warning: CPU could not be halted
Load "C:\\Users\\磐石\\Desktop\\STM32F103C8T6\\STM32F103C8T6最小系统板\\STM32F103C8T6核心板程序资料\\STM32F103C8T6核心板测试程序(PC13闪烁)\\MDK-ARM\\Obj\\Project.AXF" 
* JLink Info: Device "STM32F103C8" selected (64 KB flash, 20 KB RAM).
Set JLink Project File to "C:\Users\磐石\Desktop\STM32F103C8T6\STM32F103C8T6最小系统板\STM32F103C8T6核心板程序资料\STM32F103C8T6核心板测试程序(PC13闪烁)\MDK-ARM\JLinkSettings.ini"
 
JLink info:
------------
DLL: V4.40c, compiled Jan 24 2012 09:30:33
Firmware: J-Link V9 compiled Apr 21 2017 11:08:06
Hardware: V9.20
S/N : 29999997 
Feature(s) : GDB, RDI, FlashBP, FlashDL, JFlash 
 
* JLink Info: Found SWD-DP with ID 0x1BA01477
* JLink Info: TPIU fitted.
* JLink Info:   FPUnit: 6 code (BP) slots and 2 literal slots
* JLink Info: Found Cortex-M3 r1p1, Little endian.
ROMTableAddr = 0xE00FF003
* JLink Info: Found SWD-DP with ID 0x1BA01477
* JLink Info: TPIU fitted.
* JLink Info:   FPUnit: 6 code (BP) slots and 2 literal slots
* JLink Info: Found Cortex-M3 r1p1, Little endian.
**JLink Warning: S_RESET_ST not cleared
**JLink Warning: CPU did not halt after reset.
**JLink Warning: CPU could not be halted
* JLink Info: Core did not halt after reset, trying to disable WDT.
**JLink Warning: CPU did not halt after reset.
**JLink Warning: CPU could not be halted
**JLink Warning: S_RESET_ST not cleared
* JLink Info: Found SWD-DP with ID 0x1BA01477
**JLink Warning: S_RESET_ST not cleared
**JLink Warning: CPU did not halt after reset.
**JLink Warning: CPU could not be halted
* JLink Info: Core did not halt after reset, trying to disable WDT.
**JLink Warning: CPU did not halt after reset.
**JLink Warning: CPU could not be halted
**JLink Warning: S_RESET_ST not cleared
**JLink Warning: CPU could not be halted
Build target 'LED'
linking...
Program Size: Code=4280 RO-data=888 RW-data=28 ZI-data=2260  
FromELF: creating hex file...
".\Obj\Project.axf" - 0 Error(s), 0 Warning(s).
Load "C:\\Users\\磐石\\Desktop\\STM32F103C8T6\\STM32F103C8T6最小系统板\\STM32F103C8T6核心板程序资料\\STM32F103C8T6核心板测试程序(PC13闪烁)\\MDK-ARM\\Obj\\Project.AXF" 
* JLink Info: Device "STM32F103C8" selected (64 KB flash, 20 KB RAM).
Set JLink Project File to "C:\Users\磐石\Desktop\STM32F103C8T6\STM32F103C8T6最小系统板\STM32F103C8T6核心板程序资料\STM32F103C8T6核心板测试程序(PC13闪烁)\MDK-ARM\JLinkSettings.ini"
 
JLink info:
------------
DLL: V4.40c, compiled Jan 24 2012 09:30:33
Firmware: J-Link V9 compiled Apr 21 2017 11:08:06
Hardware: V9.20
S/N : 29999997 
Feature(s) : GDB, RDI, FlashBP, FlashDL, JFlash 
 
* JLink Info: Found SWD-DP with ID 0x1BA01477
* JLink Info: TPIU fitted.
* JLink Info:   FPUnit: 6 code (BP) slots and 2 literal slots
* JLink Info: Found Cortex-M3 r1p1, Little endian.
ROMTableAddr = 0xE00FF003
* JLink Info: Found SWD-DP with ID 0x1BA01477
* JLink Info: TPIU fitted.
* JLink Info:   FPUnit: 6 code (BP) slots and 2 literal slots
* JLink Info: Found Cortex-M3 r1p1, Little endian.
**JLink Warning: S_RESET_ST not cleared
**JLink Warning: CPU did not halt after reset.
**JLink Warning: CPU could not be halted
* JLink Info: Core did not halt after reset, trying to disable WDT.
**JLink Warning: CPU did not halt after reset.
**JLink Warning: CPU could not be halted
**JLink Warning: S_RESET_ST not cleared
* JLink Info: Found SWD-DP with ID 0x1BA01477
**JLink Warning: S_RESET_ST not cleared
**JLink Warning: CPU did not halt after reset.
**JLink Warning: CPU could not be halted
* JLink Info: Core did not halt after reset, trying to disable WDT.
**JLink Warning: CPU did not halt after reset.
**JLink Warning: CPU could not be halted
**JLink Warning: S_RESET_ST not cleared
**JLink Warning: CPU could not be halted
Load "C:\\Users\\磐石\\Desktop\\STM32F103C8T6\\STM32F103C8T6最小系统板\\STM32F103C8T6核心板程序资料\\STM32F103C8T6核心板测试程序(PC13闪烁)\\MDK-ARM\\Obj\\Project.AXF" 
* JLink Info: Device "STM32F103C8" selected (64 KB flash, 20 KB RAM).
Set JLink Project File to "C:\Users\磐石\Desktop\STM32F103C8T6\STM32F103C8T6最小系统板\STM32F103C8T6核心板程序资料\STM32F103C8T6核心板测试程序(PC13闪烁)\MDK-ARM\JLinkSettings.ini"
 
JLink info:
------------
DLL: V4.40c, compiled Jan 24 2012 09:30:33
Firmware: J-Link V9 compiled Apr 21 2017 11:08:06
Hardware: V9.20
S/N : 29999997 
Feature(s) : GDB, RDI, FlashBP, FlashDL, JFlash 
 
* JLink Info: Found SWD-DP with ID 0x1BA01477
* JLink Info: TPIU fitted.
* JLink Info:   FPUnit: 6 code (BP) slots and 2 literal slots
* JLink Info: Found Cortex-M3 r1p1, Little endian.
ROMTableAddr = 0xE00FF003
* JLink Info: Found SWD-DP with ID 0x1BA01477
* JLink Info: TPIU fitted.
* JLink Info:   FPUnit: 6 code (BP) slots and 2 literal slots
* JLink Info: Found Cortex-M3 r1p1, Little endian.
**JLink Warning: S_RESET_ST not cleared
**JLink Warning: CPU did not halt after reset.
**JLink Warning: CPU could not be halted
* JLink Info: Core did not halt after reset, trying to disable WDT.
**JLink Warning: CPU did not halt after reset.
**JLink Warning: CPU could not be halted
**JLink Warning: S_RESET_ST not cleared
* JLink Info: Found SWD-DP with ID 0x1BA01477
**JLink Warning: S_RESET_ST not cleared
**JLink Warning: CPU did not halt after reset.
**JLink Warning: CPU could not be halted
* JLink Info: Core did not halt after reset, trying to disable WDT.
**JLink Warning: CPU did not halt after reset.
**JLink Warning: CPU could not be halted
**JLink Warning: S_RESET_ST not cleared
**JLink Warning: CPU could not be halted
Load "C:\\Users\\磐石\\Desktop\\STM32F103C8T6\\STM32F103C8T6最小系统板\\STM32F103C8T6核心板程序资料\\STM32F103C8T6核心板测试程序(PC13闪烁)\\MDK-ARM\\Obj\\Project.AXF" 
* JLink Info: Device "STM32F103C8" selected (64 KB flash, 20 KB RAM).
Set JLink Project File to "C:\Users\磐石\Desktop\STM32F103C8T6\STM32F103C8T6最小系统板\STM32F103C8T6核心板程序资料\STM32F103C8T6核心板测试程序(PC13闪烁)\MDK-ARM\JLinkSettings.ini"
 
JLink info:
------------
DLL: V4.40c, compiled Jan 24 2012 09:30:33
Firmware: J-Link V9 compiled Apr 21 2017 11:08:06
Hardware: V9.20
S/N : 29999997 
Feature(s) : GDB, RDI, FlashBP, FlashDL, JFlash 
 
**JLink Warning: RESET (pin 15) high, but should be low. Please check target hardware.
***JLink Error: Supply voltage too low (1 Volt is required, Measured: 0.0 Volt).
Please check target power.
Load "C:\\Users\\磐石\\Desktop\\STM32F103C8T6\\STM32F103C8T6最小系统板\\STM32F103C8T6核心板程序资料\\STM32F103C8T6核心板测试程序(PC13闪烁)\\MDK-ARM\\Obj\\Project.AXF" 
* JLink Info: Device "STM32F103C8" selected (64 KB flash, 20 KB RAM).
Set JLink Project File to "C:\Users\磐石\Desktop\STM32F103C8T6\STM32F103C8T6最小系统板\STM32F103C8T6核心板程序资料\STM32F103C8T6核心板测试程序(PC13闪烁)\MDK-ARM\JLinkSettings.ini"
 
JLink info:
------------
DLL: V4.40c, compiled Jan 24 2012 09:30:33
Firmware: J-Link V9 compiled Apr 21 2017 11:08:06
Hardware: V9.20
S/N : 29999997 
Feature(s) : GDB, RDI, FlashBP, FlashDL, JFlash 
 
**JLink Warning: RESET (pin 15) high, but should be low. Please check target hardware.
***JLink Error: Supply voltage too low (1 Volt is required, Measured: 0.0 Volt).
Please check target power.
Load "C:\\Users\\磐石\\Desktop\\STM32F103C8T6\\STM32F103C8T6最小系统板\\STM32F103C8T6核心板程序资料\\STM32F103C8T6核心板测试程序(PC13闪烁)\\MDK-ARM\\Obj\\Project.AXF" 
* JLink Info: Device "STM32F103C8" selected (64 KB flash, 20 KB RAM).
Set JLink Project File to "C:\Users\磐石\Desktop\STM32F103C8T6\STM32F103C8T6最小系统板\STM32F103C8T6核心板程序资料\STM32F103C8T6核心板测试程序(PC13闪烁)\MDK-ARM\JLinkSettings.ini"
 
JLink info:
------------
DLL: V4.40c, compiled Jan 24 2012 09:30:33
Firmware: J-Link V9 compiled Apr 21 2017 11:08:06
Hardware: V9.20
S/N : 29999997 
Feature(s) : GDB, RDI, FlashBP, FlashDL, JFlash 
 
* JLink Info: Found SWD-DP with ID 0x1BA01477
* JLink Info: TPIU fitted.
* JLink Info:   FPUnit: 6 code (BP) slots and 2 literal slots
* JLink Info: Found Cortex-M3 r1p1, Little endian.
ROMTableAddr = 0xE00FF003
* JLink Info: Found SWD-DP with ID 0x1BA01477
* JLink Info: TPIU fitted.
* JLink Info:   FPUnit: 6 code (BP) slots and 2 literal slots
* JLink Info: Found Cortex-M3 r1p1, Little endian.
 
Target info:
------------
Device: STM32F103C8
VTarget = 3.340V
State of Pins: 
TCK: 0, TDI: 0, TDO: 0, TMS: 0, TRES: 1, TRST: 0
Hardware-Breakpoints: 6
Software-Breakpoints: 8192
Watchpoints:          4
JTAG speed: 4000 kHz
 
Full Chip Erase Done.
Programming Done.
Verify OK.
* JLink Info: Found SWD-DP with ID 0x1BA01477
* JLink Info: TPIU fitted.
* JLink Info:   FPUnit: 6 code (BP) slots and 2 literal slots
* JLink Info: Found Cortex-M3 r1p1, Little endian.
Application running ...
Build target 'LED'
compiling DHT11.c...
..\USER\DHT11.c(85): warning:  #1293-D: assignment in condition
linking...
Program Size: Code=4280 RO-data=888 RW-data=28 ZI-data=2260  
FromELF: creating hex file...
".\Obj\Project.axf" - 0 Error(s), 1 Warning(s).
Build target 'LED'
compiling main.c...
..\USER\main.c(43): warning:  #223-D: function "DHT11_Init" declared implicitly
..\USER\main.c(47): warning:  #223-D: function "get_DHT11_data" declared implicitly
linking...
Program Size: Code=2300 RO-data=336 RW-data=32 ZI-data=1048  
FromELF: creating hex file...
".\Obj\Project.axf" - 0 Error(s), 2 Warning(s).
Load "C:\\Users\\磐石\\Desktop\\STM32F103C8T6\\STM32F103C8T6最小系统板\\STM32F103C8T6核心板程序资料\\STM32F103C8T6核心板测试程序(PC13闪烁)\\MDK-ARM\\Obj\\Project.AXF" 
* JLink Info: Device "STM32F103C8" selected (64 KB flash, 20 KB RAM).
Set JLink Project File to "C:\Users\磐石\Desktop\STM32F103C8T6\STM32F103C8T6最小系统板\STM32F103C8T6核心板程序资料\STM32F103C8T6核心板测试程序(PC13闪烁)\MDK-ARM\JLinkSettings.ini"
 
JLink info:
------------
DLL: V4.40c, compiled Jan 24 2012 09:30:33
Firmware: J-Link V9 compiled Apr 21 2017 11:08:06
Hardware: V9.20
S/N : 29999997 
Feature(s) : GDB, RDI, FlashBP, FlashDL, JFlash 
 
* JLink Info: Found SWD-DP with ID 0x1BA01477
* JLink Info: Found SWD-DP with ID 0x1BA01477
* JLink Info: TPIU fitted.
* JLink Info:   FPUnit: 6 code (BP) slots and 2 literal slots
* JLink Info: Found Cortex-M3 r1p1, Little endian.
***JLink Error: Parity error (Data = 0xE00F8000, ReceivedParity = 1)
ROMTableAddr = 0xE00FF003
* JLink Info: Found SWD-DP with ID 0x1BA01477
* JLink Info: TPIU fitted.
* JLink Info:   FPUnit: 6 code (BP) slots and 2 literal slots
* JLink Info: Found Cortex-M3 r1p1, Little endian.
 
Target info:
------------
Device: STM32F103C8
VTarget = 3.356V
State of Pins: 
TCK: 0, TDI: 0, TDO: 0, TMS: 0, TRES: 1, TRST: 0
Hardware-Breakpoints: 6
Software-Breakpoints: 8192
Watchpoints:          4
JTAG speed: 4000 kHz
 
Full Chip Erase Done.
Programming Done.
Verify OK.
* JLink Info: Found SWD-DP with ID 0x1BA01477
* JLink Info: TPIU fitted.
* JLink Info:   FPUnit: 6 code (BP) slots and 2 literal slots
* JLink Info: Found Cortex-M3 r1p1, Little endian.
Application running ...
Build target 'LED'
compiling main.c...
..\USER\main.c(43): warning:  #223-D: function "DHT11_Init" declared implicitly
..\USER\main.c(47): warning:  #223-D: function "get_DHT11_data" declared implicitly
linking...
Program Size: Code=4384 RO-data=888 RW-data=32 ZI-data=1816  
FromELF: creating hex file...
".\Obj\Project.axf" - 0 Error(s), 2 Warning(s).
Load "C:\\Users\\磐石\\Desktop\\STM32F103C8T6\\STM32F103C8T6最小系统板\\STM32F103C8T6核心板程序资料\\STM32F103C8T6核心板测试程序(PC13闪烁)\\MDK-ARM\\Obj\\Project.AXF" 
* JLink Info: Device "STM32F103C8" selected (64 KB flash, 20 KB RAM).
Set JLink Project File to "C:\Users\磐石\Desktop\STM32F103C8T6\STM32F103C8T6最小系统板\STM32F103C8T6核心板程序资料\STM32F103C8T6核心板测试程序(PC13闪烁)\MDK-ARM\JLinkSettings.ini"
 
JLink info:
------------
DLL: V4.40c, compiled Jan 24 2012 09:30:33
Firmware: J-Link V9 compiled Apr 21 2017 11:08:06
Hardware: V9.20
S/N : 29999997 
Feature(s) : GDB, RDI, FlashBP, FlashDL, JFlash 
 
* JLink Info: Found SWD-DP with ID 0x1BA01477
* JLink Info: TPIU fitted.
* JLink Info:   FPUnit: 6 code (BP) slots and 2 literal slots
* JLink Info: Found Cortex-M3 r1p1, Little endian.
ROMTableAddr = 0xE00FF003
* JLink Info: Found SWD-DP with ID 0x1BA01477
* JLink Info: TPIU fitted.
* JLink Info:   FPUnit: 6 code (BP) slots and 2 literal slots
* JLink Info: Found Cortex-M3 r1p1, Little endian.
 
Target info:
------------
Device: STM32F103C8
VTarget = 3.324V
State of Pins: 
TCK: 0, TDI: 0, TDO: 0, TMS: 0, TRES: 1, TRST: 0
Hardware-Breakpoints: 6
Software-Breakpoints: 8192
Watchpoints:          4
JTAG speed: 4000 kHz
 
Full Chip Erase Done.
Programming Done.
Verify OK.
* JLink Info: Found SWD-DP with ID 0x1BA01477
* JLink Info: TPIU fitted.
* JLink Info:   FPUnit: 6 code (BP) slots and 2 literal slots
* JLink Info: Found Cortex-M3 r1p1, Little endian.
Application running ...
Build target 'LED'
compiling main.c...
..\USER\main.c(43): warning:  #223-D: function "DHT11_Init" declared implicitly
..\USER\main.c(47): warning:  #223-D: function "get_DHT11_data" declared implicitly
compiling pressure_detection.c...
..\USER\pressure_detection.c(117): warning:  #1-D: last line of file ends without a newline
linking...
Program Size: Code=5060 RO-data=888 RW-data=32 ZI-data=1816  
FromELF: creating hex file...
".\Obj\Project.axf" - 0 Error(s), 3 Warning(s).
Build target 'LED'
linking...
Program Size: Code=5060 RO-data=888 RW-data=32 ZI-data=1816  
FromELF: creating hex file...
".\Obj\Project.axf" - 0 Error(s), 0 Warning(s).
Load "C:\\Users\\磐石\\Desktop\\STM32F103C8T6\\STM32F103C8T6最小系统板\\STM32F103C8T6核心板程序资料\\STM32F103C8T6核心板测试程序(PC13闪烁)\\MDK-ARM\\Obj\\Project.AXF" 
* JLink Info: Device "STM32F103C8" selected (64 KB flash, 20 KB RAM).
Set JLink Project File to "C:\Users\磐石\Desktop\STM32F103C8T6\STM32F103C8T6最小系统板\STM32F103C8T6核心板程序资料\STM32F103C8T6核心板测试程序(PC13闪烁)\MDK-ARM\JLinkSettings.ini"
 
JLink info:
------------
DLL: V4.40c, compiled Jan 24 2012 09:30:33
Firmware: J-Link V9 compiled Apr 21 2017 11:08:06
Hardware: V9.20
S/N : 29999997 
Feature(s) : GDB, RDI, FlashBP, FlashDL, JFlash 
 
**JLink Warning: RESET (pin 15) high, but should be low. Please check target hardware.
***JLink Error: Supply voltage too low (1 Volt is required, Measured: 0.0 Volt).
Please check target power.
Load "C:\\Users\\磐石\\Desktop\\STM32F103C8T6\\STM32F103C8T6最小系统板\\STM32F103C8T6核心板程序资料\\STM32F103C8T6核心板测试程序(PC13闪烁)\\MDK-ARM\\Obj\\Project.AXF" 
* JLink Info: Device "STM32F103C8" selected (64 KB flash, 20 KB RAM).
Set JLink Project File to "C:\Users\磐石\Desktop\STM32F103C8T6\STM32F103C8T6最小系统板\STM32F103C8T6核心板程序资料\STM32F103C8T6核心板测试程序(PC13闪烁)\MDK-ARM\JLinkSettings.ini"
 
JLink info:
------------
DLL: V4.40c, compiled Jan 24 2012 09:30:33
Firmware: J-Link V9 compiled Apr 21 2017 11:08:06
Hardware: V9.20
S/N : 29999997 
Feature(s) : GDB, RDI, FlashBP, FlashDL, JFlash 
 
* JLink Info: Found SWD-DP with ID 0x1BA01477
* JLink Info: TPIU fitted.
* JLink Info:   FPUnit: 6 code (BP) slots and 2 literal slots
* JLink Info: Found Cortex-M3 r1p1, Little endian.
ROMTableAddr = 0xE00FF003
* JLink Info: Found SWD-DP with ID 0x1BA01477
* JLink Info: TPIU fitted.
* JLink Info:   FPUnit: 6 code (BP) slots and 2 literal slots
* JLink Info: Found Cortex-M3 r1p1, Little endian.
 
Target info:
------------
Device: STM32F103C8
VTarget = 3.317V
State of Pins: 
TCK: 0, TDI: 0, TDO: 0, TMS: 0, TRES: 1, TRST: 0
Hardware-Breakpoints: 6
Software-Breakpoints: 8192
Watchpoints:          4
JTAG speed: 4000 kHz
 
Full Chip Erase Done.
Programming Done.
Verify OK.
* JLink Info: Found SWD-DP with ID 0x1BA01477
* JLink Info: TPIU fitted.
* JLink Info:   FPUnit: 6 code (BP) slots and 2 literal slots
* JLink Info: Found Cortex-M3 r1p1, Little endian.
Application running ...
Build target 'LED'
compiling pressure_detection.c...
..\USER\pressure_detection.c(117): warning:  #1-D: last line of file ends without a newline
linking...
Program Size: Code=5060 RO-data=888 RW-data=32 ZI-data=1816  
FromELF: creating hex file...
".\Obj\Project.axf" - 0 Error(s), 1 Warning(s).
Load "C:\\Users\\磐石\\Desktop\\STM32F103C8T6\\STM32F103C8T6最小系统板\\STM32F103C8T6核心板程序资料\\STM32F103C8T6核心板测试程序(PC13闪烁)\\MDK-ARM\\Obj\\Project.AXF" 
* JLink Info: Device "STM32F103C8" selected (64 KB flash, 20 KB RAM).
Set JLink Project File to "C:\Users\磐石\Desktop\STM32F103C8T6\STM32F103C8T6最小系统板\STM32F103C8T6核心板程序资料\STM32F103C8T6核心板测试程序(PC13闪烁)\MDK-ARM\JLinkSettings.ini"
 
JLink info:
------------
DLL: V4.40c, compiled Jan 24 2012 09:30:33
Firmware: J-Link V9 compiled Apr 21 2017 11:08:06
Hardware: V9.20
S/N : 29999997 
Feature(s) : GDB, RDI, FlashBP, FlashDL, JFlash 
 
* JLink Info: Found SWD-DP with ID 0x1BA01477
* JLink Info: TPIU fitted.
* JLink Info:   FPUnit: 6 code (BP) slots and 2 literal slots
* JLink Info: Found Cortex-M3 r1p1, Little endian.
ROMTableAddr = 0xE00FF003
* JLink Info: Found SWD-DP with ID 0x1BA01477
* JLink Info: TPIU fitted.
* JLink Info:   FPUnit: 6 code (BP) slots and 2 literal slots
* JLink Info: Found Cortex-M3 r1p1, Little endian.
 
Target info:
------------
Device: STM32F103C8
VTarget = 3.327V
State of Pins: 
TCK: 0, TDI: 0, TDO: 0, TMS: 0, TRES: 1, TRST: 0
Hardware-Breakpoints: 6
Software-Breakpoints: 8192
Watchpoints:          4
JTAG speed: 4000 kHz
 
Full Chip Erase Done.
Programming Done.
Verify OK.
* JLink Info: Found SWD-DP with ID 0x1BA01477
* JLink Info: TPIU fitted.
* JLink Info:   FPUnit: 6 code (BP) slots and 2 literal slots
* JLink Info: Found Cortex-M3 r1p1, Little endian.
Application running ...
Build target 'LED'
compiling main.c...
..\USER\main.c(43): warning:  #223-D: function "DHT11_Init" declared implicitly
..\USER\main.c(47): warning:  #223-D: function "get_DHT11_data" declared implicitly
compiling pressure_detection.c...
..\USER\pressure_detection.c(117): warning:  #1-D: last line of file ends without a newline
linking...
Program Size: Code=5100 RO-data=888 RW-data=32 ZI-data=1816  
FromELF: creating hex file...
".\Obj\Project.axf" - 0 Error(s), 3 Warning(s).
Build target 'LED'
linking...
Program Size: Code=5100 RO-data=888 RW-data=32 ZI-data=1816  
FromELF: creating hex file...
".\Obj\Project.axf" - 0 Error(s), 0 Warning(s).
Load "C:\\Users\\磐石\\Desktop\\STM32F103C8T6\\STM32F103C8T6最小系统板\\STM32F103C8T6核心板程序资料\\STM32F103C8T6核心板测试程序(PC13闪烁)\\MDK-ARM\\Obj\\Project.AXF" 
* JLink Info: Device "STM32F103C8" selected (64 KB flash, 20 KB RAM).
Set JLink Project File to "C:\Users\磐石\Desktop\STM32F103C8T6\STM32F103C8T6最小系统板\STM32F103C8T6核心板程序资料\STM32F103C8T6核心板测试程序(PC13闪烁)\MDK-ARM\JLinkSettings.ini"
 
JLink info:
------------
DLL: V4.40c, compiled Jan 24 2012 09:30:33
Firmware: J-Link V9 compiled Apr 21 2017 11:08:06
Hardware: V9.20
S/N : 29999997 
Feature(s) : GDB, RDI, FlashBP, FlashDL, JFlash 
 
* JLink Info: Found SWD-DP with ID 0x1BA01477
* JLink Info: TPIU fitted.
* JLink Info:   FPUnit: 6 code (BP) slots and 2 literal slots
* JLink Info: Found Cortex-M3 r1p1, Little endian.
ROMTableAddr = 0xE00FF003
* JLink Info: Found SWD-DP with ID 0x1BA01477
* JLink Info: TPIU fitted.
* JLink Info:   FPUnit: 6 code (BP) slots and 2 literal slots
* JLink Info: Found Cortex-M3 r1p1, Little endian.
 
Target info:
------------
Device: STM32F103C8
VTarget = 3.329V
State of Pins: 
TCK: 0, TDI: 0, TDO: 0, TMS: 0, TRES: 1, TRST: 0
Hardware-Breakpoints: 6
Software-Breakpoints: 8192
Watchpoints:          4
JTAG speed: 4000 kHz
 
Full Chip Erase Done.
Programming Done.
Verify OK.
* JLink Info: Found SWD-DP with ID 0x1BA01477
* JLink Info: TPIU fitted.
* JLink Info:   FPUnit: 6 code (BP) slots and 2 literal slots
* JLink Info: Found Cortex-M3 r1p1, Little endian.
Application running ...
Build target 'LED'
linking...
Program Size: Code=5100 RO-data=888 RW-data=32 ZI-data=1816  
FromELF: creating hex file...
".\Obj\Project.axf" - 0 Error(s), 0 Warning(s).
Load "C:\\Users\\磐石\\Desktop\\STM32F103C8T6\\STM32F103C8T6最小系统板\\STM32F103C8T6核心板程序资料\\STM32F103C8T6核心板测试程序(PC13闪烁)\\MDK-ARM\\Obj\\Project.AXF" 
* JLink Info: Device "STM32F103C8" selected (64 KB flash, 20 KB RAM).
Set JLink Project File to "C:\Users\磐石\Desktop\STM32F103C8T6\STM32F103C8T6最小系统板\STM32F103C8T6核心板程序资料\STM32F103C8T6核心板测试程序(PC13闪烁)\MDK-ARM\JLinkSettings.ini"
 
JLink info:
------------
DLL: V4.40c, compiled Jan 24 2012 09:30:33
Firmware: J-Link V9 compiled Apr 21 2017 11:08:06
Hardware: V9.20
S/N : 29999997 
Feature(s) : GDB, RDI, FlashBP, FlashDL, JFlash 
 
**JLink Warning: RESET (pin 15) high, but should be low. Please check target hardware.
***JLink Error: Supply voltage too low (1 Volt is required, Measured: 0.0 Volt).
Please check target power.
Load "C:\\Users\\磐石\\Desktop\\STM32F103C8T6\\STM32F103C8T6最小系统板\\STM32F103C8T6核心板程序资料\\STM32F103C8T6核心板测试程序(PC13闪烁)\\MDK-ARM\\Obj\\Project.AXF" 
* JLink Info: Device "STM32F103C8" selected (64 KB flash, 20 KB RAM).
Set JLink Project File to "C:\Users\磐石\Desktop\STM32F103C8T6\STM32F103C8T6最小系统板\STM32F103C8T6核心板程序资料\STM32F103C8T6核心板测试程序(PC13闪烁)\MDK-ARM\JLinkSettings.ini"
 
JLink info:
------------
DLL: V4.40c, compiled Jan 24 2012 09:30:33
Firmware: J-Link V9 compiled Apr 21 2017 11:08:06
Hardware: V9.20
S/N : 29999997 
Feature(s) : GDB, RDI, FlashBP, FlashDL, JFlash 
 
**JLink Warning: RESET (pin 15) high, but should be low. Please check target hardware.
***JLink Error: Supply voltage too low (1 Volt is required, Measured: 0.0 Volt).
Please check target power.
Load "C:\\Users\\磐石\\Desktop\\STM32F103C8T6\\STM32F103C8T6最小系统板\\STM32F103C8T6核心板程序资料\\STM32F103C8T6核心板测试程序(PC13闪烁)\\MDK-ARM\\Obj\\Project.AXF" 
* JLink Info: Device "STM32F103C8" selected (64 KB flash, 20 KB RAM).
Set JLink Project File to "C:\Users\磐石\Desktop\STM32F103C8T6\STM32F103C8T6最小系统板\STM32F103C8T6核心板程序资料\STM32F103C8T6核心板测试程序(PC13闪烁)\MDK-ARM\JLinkSettings.ini"
 
JLink info:
------------
DLL: V4.40c, compiled Jan 24 2012 09:30:33
Firmware: J-Link V9 compiled Apr 21 2017 11:08:06
Hardware: V9.20
S/N : 29999997 
Feature(s) : GDB, RDI, FlashBP, FlashDL, JFlash 
 
* JLink Info: Found SWD-DP with ID 0x1BA01477
* JLink Info: TPIU fitted.
* JLink Info:   FPUnit: 6 code (BP) slots and 2 literal slots
* JLink Info: Found Cortex-M3 r1p1, Little endian.
ROMTableAddr = 0xE00FF003
* JLink Info: Found SWD-DP with ID 0x1BA01477
* JLink Info: TPIU fitted.
* JLink Info:   FPUnit: 6 code (BP) slots and 2 literal slots
* JLink Info: Found Cortex-M3 r1p1, Little endian.
 
Target info:
------------
Device: STM32F103C8
VTarget = 3.322V
State of Pins: 
TCK: 0, TDI: 0, TDO: 0, TMS: 0, TRES: 1, TRST: 0
Hardware-Breakpoints: 6
Software-Breakpoints: 8192
Watchpoints:          4
JTAG speed: 4000 kHz
 
Full Chip Erase Done.
Programming Done.
Verify OK.
* JLink Info: Found SWD-DP with ID 0x1BA01477
* JLink Info: TPIU fitted.
* JLink Info:   FPUnit: 6 code (BP) slots and 2 literal slots
* JLink Info: Found Cortex-M3 r1p1, Little endian.
Application running ...
Build target 'LED'
compiling main.c...
..\USER\main.c(43): warning:  #223-D: function "DHT11_Init" declared implicitly
linking...
Program Size: Code=4400 RO-data=888 RW-data=28 ZI-data=1812  
FromELF: creating hex file...
".\Obj\Project.axf" - 0 Error(s), 1 Warning(s).
Build target 'LED'
linking...
Program Size: Code=4400 RO-data=888 RW-data=28 ZI-data=1812  
FromELF: creating hex file...
".\Obj\Project.axf" - 0 Error(s), 0 Warning(s).
Load "C:\\Users\\磐石\\Desktop\\STM32F103C8T6\\STM32F103C8T6最小系统板\\STM32F103C8T6核心板程序资料\\STM32F103C8T6核心板测试程序(PC13闪烁)\\MDK-ARM\\Obj\\Project.AXF" 
* JLink Info: Device "STM32F103C8" selected (64 KB flash, 20 KB RAM).
Set JLink Project File to "C:\Users\磐石\Desktop\STM32F103C8T6\STM32F103C8T6最小系统板\STM32F103C8T6核心板程序资料\STM32F103C8T6核心板测试程序(PC13闪烁)\MDK-ARM\JLinkSettings.ini"
 
JLink info:
------------
DLL: V4.40c, compiled Jan 24 2012 09:30:33
Firmware: J-Link V9 compiled Apr 21 2017 11:08:06
Hardware: V9.20
S/N : 29999997 
Feature(s) : GDB, RDI, FlashBP, FlashDL, JFlash 
 
* JLink Info: Found SWD-DP with ID 0x1BA01477
* JLink Info: TPIU fitted.
* JLink Info:   FPUnit: 6 code (BP) slots and 2 literal slots
* JLink Info: Found Cortex-M3 r1p1, Little endian.
ROMTableAddr = 0xE00FF003
* JLink Info: Found SWD-DP with ID 0x1BA01477
* JLink Info: TPIU fitted.
* JLink Info:   FPUnit: 6 code (BP) slots and 2 literal slots
* JLink Info: Found Cortex-M3 r1p1, Little endian.
 
Target info:
------------
Device: STM32F103C8
VTarget = 3.329V
State of Pins: 
TCK: 0, TDI: 0, TDO: 0, TMS: 0, TRES: 1, TRST: 0
Hardware-Breakpoints: 6
Software-Breakpoints: 8192
Watchpoints:          4
JTAG speed: 4000 kHz
 
Full Chip Erase Done.
Programming Done.
Verify OK.
* JLink Info: Found SWD-DP with ID 0x1BA01477
* JLink Info: TPIU fitted.
* JLink Info:   FPUnit: 6 code (BP) slots and 2 literal slots
* JLink Info: Found Cortex-M3 r1p1, Little endian.
Application running ...
